Component: Arm Compiler for Embedded 6.22 Tool: armlink [5ee90200]

==============================================================================

Section Cross References

    main.o(.text.main) refers to timebase.o(.text.Timebase_Init) for Timebase_Init
    main.o(.text.main) refers to uart.o(.text.UART_Init) for UART_Init
    main.o(.text.main) refers to disp.o(.text.Disp_UART_Init) for Disp_UART_Init
    main.o(.text.main) refers to timer.o(.text.timer_Init) for timer_Init
    main.o(.text.main) refers to icemaker.o(.text.Ice_Maker_Init) for Ice_Maker_Init
    main.o(.text.main) refers to disp_comm.o(.text.Disp_Comm_Init) for Disp_Comm_Init
    main.o(.text.main) refers to water_dispenser.o(.text.Water_Dispenser_Init) for Water_Dispenser_Init
    main.o(.text.main) refers to timebase.o(.text.Timebase_DownCounter_SS_Set_Forcefully) for Timebase_DownCounter_SS_Set_Forcefully
    main.o(.text.main) refers to disp_comm.o(.text.Disp_Comm_Handler) for Disp_Comm_Handler
    main.o(.text.main) refers to icemaker.o(.text.Ice_Maker_Disp_Comm_Based_Ice_Maker_Handler) for Ice_Maker_Disp_Comm_Based_Ice_Maker_Handler
    main.o(.text.main) refers to water_dispenser.o(.text.Water_Dispenser_Handler) for Water_Dispenser_Handler
    main.o(.text.main) refers to timebase.o(.text.Timebase_DownCounter_SS_Expired_Event) for Timebase_DownCounter_SS_Expired_Event
    main.o(.text.main) refers to uart.o(.text.UART_Transmit_Text) for UART_Transmit_Text
    main.o(.text.main) refers to timebase.o(.text.Timebase_Timer_Get_Seconds) for Timebase_Timer_Get_Seconds
    main.o(.text.main) refers to uart.o(.text.UART_Transmit_Number) for UART_Transmit_Number
    main.o(.text.main) refers to glvars.o(.text.GlobalVars_Set_Start_Flag) for GlobalVars_Set_Start_Flag
    main.o(.text.main) refers to debug_parameter.o(.text.Print_All_Debug_Data) for Print_All_Debug_Data
    main.o(.text.main) refers to timebase.o(.text.Timebase_Window_Timer_Start) for Timebase_Window_Timer_Start
    main.o(.text.main) refers to timebase.o(.text.Timebase_Main_Loop_Executables) for Timebase_Main_Loop_Executables
    main.o(.text.main) refers to main.o(.rodata.str1.1) for [Anonymous Symbol]
    main.o(.ARM.exidx.text.main) refers to main.o(.text.main) for [Anonymous Symbol]
    uart.o(.ARM.exidx.text.UART_GPIO_Init) refers to uart.o(.text.UART_GPIO_Init) for [Anonymous Symbol]
    uart.o(.ARM.exidx.text.UART_Clock_Init) refers to uart.o(.text.UART_Clock_Init) for [Anonymous Symbol]
    uart.o(.text.UART_Set_BAUD_Rate) refers to aeabi_sdiv.o(.text) for __aeabi_uidiv
    uart.o(.text.UART_Set_BAUD_Rate) refers to system_stm32g0xx.o(.data.SystemCoreClock) for SystemCoreClock
    uart.o(.ARM.exidx.text.UART_Set_BAUD_Rate) refers to uart.o(.text.UART_Set_BAUD_Rate) for [Anonymous Symbol]
    uart.o(.ARM.exidx.text.UART_TX_Config) refers to uart.o(.text.UART_TX_Config) for [Anonymous Symbol]
    uart.o(.ARM.exidx.text.UART_RX_Config) refers to uart.o(.text.UART_RX_Config) for [Anonymous Symbol]
    uart.o(.text.UART_Init) refers to uart.o(.text.UART_GPIO_Init) for UART_GPIO_Init
    uart.o(.text.UART_Init) refers to uart.o(.text.UART_Clock_Init) for UART_Clock_Init
    uart.o(.text.UART_Init) refers to uart.o(.text.UART_Set_BAUD_Rate) for UART_Set_BAUD_Rate
    uart.o(.text.UART_Init) refers to uart.o(.text.UART_TX_Config) for UART_TX_Config
    uart.o(.ARM.exidx.text.UART_Init) refers to uart.o(.text.UART_Init) for [Anonymous Symbol]
    uart.o(.ARM.exidx.text.UART_Transmit_Byte) refers to uart.o(.text.UART_Transmit_Byte) for [Anonymous Symbol]
    uart.o(.ARM.exidx.text.UART_Transmit_Byte_32) refers to uart.o(.text.UART_Transmit_Byte_32) for [Anonymous Symbol]
    uart.o(.text.UART_Transmit_Byte_Hex) refers to uart.o(.text.UART_Transmit_Byte) for UART_Transmit_Byte
    uart.o(.ARM.exidx.text.UART_Transmit_Byte_Hex) refers to uart.o(.text.UART_Transmit_Byte_Hex) for [Anonymous Symbol]
    uart.o(.text.UART_Transmit_Byte_Hex_64) refers to uart.o(.text.UART_Transmit_Byte) for UART_Transmit_Byte
    uart.o(.text.UART_Transmit_Byte_Hex_64) refers to llushr.o(.text) for __aeabi_llsr
    uart.o(.ARM.exidx.text.UART_Transmit_Byte_Hex_64) refers to uart.o(.text.UART_Transmit_Byte_Hex_64) for [Anonymous Symbol]
    uart.o(.text.UART_Transmit_Byte_Bin) refers to uart.o(.text.UART_Transmit_Byte) for UART_Transmit_Byte
    uart.o(.ARM.exidx.text.UART_Transmit_Byte_Bin) refers to uart.o(.text.UART_Transmit_Byte_Bin) for [Anonymous Symbol]
    uart.o(.text.UART_Transmit_Text) refers to uart.o(.text.UART_Transmit_Byte) for UART_Transmit_Byte
    uart.o(.ARM.exidx.text.UART_Transmit_Text) refers to uart.o(.text.UART_Transmit_Text) for [Anonymous Symbol]
    uart.o(.text.UART_Determine_Digit_Numbers) refers to aeabi_sdiv.o(.text) for __aeabi_uidivmod
    uart.o(.text.UART_Determine_Digit_Numbers) refers to uart.o(.bss.UART) for UART
    uart.o(.ARM.exidx.text.UART_Determine_Digit_Numbers) refers to uart.o(.text.UART_Determine_Digit_Numbers) for [Anonymous Symbol]
[...]
    [Anonymous Symbol]                       0x08004094   Section        0  water_dispenser.o(.text.Water_Dispenser_Send_Filter_Status)
    [Anonymous Symbol]                       0x08004140   Section        0  water_dispenser.o(.text.Water_Dispenser_Variable_Init)
    __arm_cp.9_0                             0x0800414c   Number         4  water_dispenser.o(.text.Water_Dispenser_Variable_Init)
    __arm_cp.9_1                             0x08004150   Number         4  water_dispenser.o(.text.Water_Dispenser_Variable_Init)
    [Anonymous Symbol]                       0x08004154   Section        0  water_dispenser.o(.text.Water_Dispenser_Water_Level_Selection)
    __arm_cp.20_0                            0x08004208   Number         4  water_dispenser.o(.text.Water_Dispenser_Water_Level_Selection)
    __NVIC_EnableIRQ                         0x0800420d   Thumb Code    40  timer.o(.text.__NVIC_EnableIRQ)
    [Anonymous Symbol]                       0x0800420c   Section        0  timer.o(.text.__NVIC_EnableIRQ)
    __NVIC_EnableIRQ                         0x08004235   Thumb Code    40  disp.o(.text.__NVIC_EnableIRQ)
    [Anonymous Symbol]                       0x08004234   Section        0  disp.o(.text.__NVIC_EnableIRQ)
    __NVIC_EnableIRQ                         0x0800425d   Thumb Code    40  timebase.o(.text.__NVIC_EnableIRQ)
    [Anonymous Symbol]                       0x0800425c   Section        0  timebase.o(.text.__NVIC_EnableIRQ)
    __arm_cp.2_0                             0x08004284   Number         4  timebase.o(.text.__NVIC_EnableIRQ)
    __NVIC_SetPriority                       0x08004289   Thumb Code   124  timer.o(.text.__NVIC_SetPriority)
    [Anonymous Symbol]                       0x08004288   Section        0  timer.o(.text.__NVIC_SetPriority)
    __NVIC_SetPriority                       0x08004305   Thumb Code   124  disp.o(.text.__NVIC_SetPriority)
    [Anonymous Symbol]                       0x08004304   Section        0  disp.o(.text.__NVIC_SetPriority)
    __NVIC_SetPriority                       0x08004381   Thumb Code   124  timebase.o(.text.__NVIC_SetPriority)
    [Anonymous Symbol]                       0x08004380   Section        0  timebase.o(.text.__NVIC_SetPriority)
    __arm_cp.3_0                             0x080043fc   Number         4  timebase.o(.text.__NVIC_SetPriority)
    __arm_cp.3_1                             0x08004400   Number         4  timebase.o(.text.__NVIC_SetPriority)
    [Anonymous Symbol]                       0x08004404   Section        0  main.o(.text.main)
    __arm_cp.0_0                             0x08004490   Number         4  main.o(.text.main)
    __arm_cp.0_1                             0x08004494   Number         4  main.o(.text.main)
    __arm_cp.0_2                             0x08004498   Number         4  main.o(.text.main)
    __arm_cp.0_3                             0x0800449c   Number         4  main.o(.text.main)
    [Anonymous Symbol]                       0x080044a0   Section        0  timer.o(.text.timer_Init)
    __arm_cp.0_0                             0x08004540   Number         4  timer.o(.text.timer_Init)
    __arm_cp.0_1                             0x08004544   Number         4  timer.o(.text.timer_Init)
    __arm_cp.0_2                             0x08004548   Number         4  timer.o(.text.timer_Init)
    __arm_cp.0_3                             0x0800454c   Number         4  timer.o(.text.timer_Init)
    __arm_cp.0_4                             0x08004550   Number         4  timer.o(.text.timer_Init)
    __arm_cp.0_5                             0x08004554   Number         4  timer.o(.text.timer_Init)
    [Anonymous Symbol]                       0x08004558   Section        0  main.o(.rodata.str1.1)
    [Anonymous Symbol]                       0x08004563   Section        0  icemaker.o(.rodata.str1.1)
    [Anonymous Symbol]                       0x0800471d   Section        0  disp_comm.o(.rodata.str1.1)
    [Anonymous Symbol]                       0x08004811   Section        0  water_dispenser.o(.rodata.str1.1)
    .bss                                     0x20000030   Section       96  libspace.o(.bss)
    Heap_Mem                                 0x20000418   Data         512  startup_stm32g070xx.o(HEAP)
    HEAP                                     0x20000418   Section      512  startup_stm32g070xx.o(HEAP)
    Stack_Mem                                0x20000618   Data        1024  startup_stm32g070xx.o(STACK)
    STACK                                    0x20000618   Section     1024  startup_stm32g070xx.o(STACK)
    __initial_sp                             0x20000a18   Data           0  startup_stm32g070xx.o(STACK)

    Global Symbols

    Symbol Name                              Value     Ov Type        Size  Object(Section)

    BuildAttributes$$THM_ISAv3M$S$PE$A:L22$X:L11$S22$IEEE1$IW$~IW$USESV6$~STKCKD$USESV7$~SHL$OSPACE$ROPI$EBA8$UX$STANDARDLIB$REQ8$PRES8$EABIv2 0x00000000   Number         0  anon$$obj.o ABSOLUTE
    __ARM_exceptions_init                     - Undefined Weak Reference
    __alloca_initialize                       - Undefined Weak Reference
    __arm_preinit_                            - Undefined Weak Reference
    __arm_relocate_pie_                       - Undefined Weak Reference
    __cpp_initialize__aeabi_                  - Undefined Weak Reference
    __cxa_finalize                            - Undefined Weak Reference
    __rt_locale                               - Undefined Weak Reference
    __sigvec_lookup                           - Undefined Weak Reference
    _atexit_init                              - Undefined Weak Reference
    _call_atexit_fns                          - Undefined Weak Reference
    _clock_init                               - Undefined Weak Reference
    _fp_trap_init                             - Undefined Weak Reference
    _fp_trap_shutdown                         - Undefined Weak Reference
    _get_lc_collate                           - Undefined Weak Reference
    _get_lc_ctype                             - Undefined Weak Reference
    _get_lc_monetary                          - Undefined Weak Reference
    _get_lc_numeric                           - Undefined Weak Reference
    _get_lc_time                              - Undefined Weak Reference
    _getenv_init                              - Undefined Weak Reference
    _handle_redirection                       - Undefined Weak Reference
    _init_alloc                               - Undefined Weak Reference
    _init_user_alloc                          - Undefined Weak Reference
    _initio                                   - Undefined Weak Reference
    _rand_init                                - Undefined Weak Reference
    _signal_finish                            - Undefined Weak Reference
    _signal_init                              - Undefined Weak Reference
    _terminate_alloc                          - Undefined Weak Reference
    _terminate_user_alloc                     - Undefined Weak Reference
    _terminateio                              - Undefined Weak Reference
    __Vectors_Size                           0x000000b8   Number         0  startup_stm32g070xx.o ABSOLUTE
    __Vectors                                0x08000000   Data           4  startup_stm32g070xx.o(RESET)
    __Vectors_End                            0x080000b8   Data           0  startup_stm32g070xx.o(RESET)
    __main                                   0x080000b9   Thumb Code     8  __main.o(!!!main)
    __scatterload                            0x080000c1   Thumb Code     0  __scatter.o(!!!scatter)
    __scatterload_rt2                        0x080000c1   Thumb Code    74  __scatter.o(!!!scatter)
    __scatterload_rt2_thumb_only             0x080000c1   Thumb Code     0  __scatter.o(!!!scatter)
    __scatterload_loop                       0x080000cb   Thumb Code     0  __scatter.o(!!!scatter)
    __scatterload_copy                       0x08000115   Thumb Code    26  __scatter_copy.o(!!handler_copy)
    __scatterload_null                       0x08000131   Thumb Code     2  __scatter.o(!!handler_null)
    __scatterload_zeroinit                   0x08000135   Thumb Code    28  __scatter_zi.o(!!handler_zi)
    __rt_lib_init                            0x08000151   Thumb Code     0  libinit.o(.ARM.Collect$$libinit$$00000000)
    __rt_lib_init_alloca_1                   0x08000153   Thumb Code     0  libinit2.o(.ARM.Collect$$libinit$$00000030)
    __rt_lib_init_argv_1                     0x08000153   Thumb Code     0  libinit2.o(.ARM.Collect$$libinit$$0000002E)
    __rt_lib_init_atexit_1                   0x08000153   Thumb Code     0  libinit2.o(.ARM.Collect$$libinit$$0000001D)
    __rt_lib_init_clock_1                    0x08000153   Thumb Code     0  libinit2.o(.ARM.Collect$$libinit$$00000023)
    __rt_lib_init_cpp_1                      0x08000153   Thumb Code     0  libinit2.o(.ARM.Collect$$libinit$$00000034)
    __rt_lib_init_exceptions_1               0x08000153   Thumb Code     0  libinit2.o(.ARM.Collect$$libinit$$00000032)
    __rt_lib_init_fp_1                       0x08000153   Thumb Code     0  libinit2.o(.ARM.Collect$$libinit$$00000002)
    __rt_lib_init_fp_trap_1                  0x08000153   Thumb Code     0  libinit2.o(.ARM.Collect$$libinit$$00000021)
    __rt_lib_init_getenv_1                   0x08000153   Thumb Code     0  libinit2.o(.ARM.Collect$$libinit$$00000025)
    __rt_lib_init_heap_1                     0x08000153   Thumb Code     0  libinit2.o(.ARM.Collect$$libinit$$0000000C)
    __rt_lib_init_lc_collate_1               0x08000153   Thumb Code     0  libinit2.o(.ARM.Collect$$libinit$$00000013)
    __rt_lib_init_lc_ctype_1                 0x08000153   Thumb Code     0  libinit2.o(.ARM.Collect$$libinit$$00000015)
    __rt_lib_init_lc_monetary_1              0x08000153   Thumb Code     0  libinit2.o(.ARM.Collect$$libinit$$00000017)
    __rt_lib_init_lc_numeric_1               0x08000153   Thumb Code     0  libinit2.o(.ARM.Collect$$libinit$$00000019)
    __rt_lib_init_lc_time_1                  0x08000153   Thumb Code     0  libinit2.o(.ARM.Collect$$libinit$$0000001B)
    __rt_lib_init_preinit_1                  0x08000153   Thumb Code     0  libinit2.o(.ARM.Collect$$libinit$$00000006)
    __rt_lib_init_rand_1                     0x08000153   Thumb Code     0  libinit2.o(.ARM.Collect$$libinit$$00000010)
    __rt_lib_init_relocate_pie_1             0x08000153   Thumb Code     0  libinit2.o(.ARM.Collect$$libinit$$00000004)
    __rt_lib_init_return                     0x08000153   Thumb Code     0  libinit2.o(.ARM.Collect$$libinit$$00000035)
    __rt_lib_init_signal_1                   0x08000153   Thumb Code     0  libinit2.o(.ARM.Collect$$libinit$$0000001F)
    __rt_lib_init_stdio_1                    0x08000153   Thumb Code     0  libinit2.o(.ARM.Collect$$libinit$$00000027)
    __rt_lib_init_user_alloc_1               0x08000153   Thumb Code     0  libinit2.o(.ARM.Collect$$libinit$$0000000E)
    __rt_lib_shutdown                        0x08000155   Thumb Code     0  libshutdown.o(.ARM.Collect$$libshutdown$$00000000)
    __rt_lib_shutdown_cpp_1                  0x08000157   Thumb Code     0  libshutdown2.o(.ARM.Collect$$libshutdown$$00000002)
    __rt_lib_shutdown_fp_trap_1              0x08000157   Thumb Code     0  libshutdown2.o(.ARM.Collect$$libshutdown$$00000007)
    __rt_lib_shutdown_heap_1                 0x08000157   Thumb Code     0  libshutdown2.o(.ARM.Collect$$libshutdown$$0000000F)
    __rt_lib_shutdown_return                 0x08000157   Thumb Code     0  libshutdown2.o(.ARM.Collect$$libshutdown$$00000010)
    __rt_lib_shutdown_signal_1               0x08000157   Thumb Code     0  libshutdown2.o(.ARM.Collect$$libshutdown$$0000000A)
    __rt_lib_shutdown_stdio_1                0x08000157   Thumb Code     0  libshutdown2.o(.ARM.Collect$$libshutdown$$00000004)
    __rt_lib_shutdown_user_alloc_1           0x08000157   Thumb Code     0  libshutdown2.o(.ARM.Collect$$libshutdown$$0000000C)
    __rt_entry                               0x08000159   Thumb Code     0  __rtentry.o(.ARM.Collect$$rtentry$$00000000)
    __rt_entry_presh_1                       0x08000159   Thumb Code     0  __rtentry2.o(.ARM.Collect$$rtentry$$00000002)
    __rt_entry_sh                            0x08000159   Thumb Code     0  __rtentry4.o(.ARM.Collect$$rtentry$$00000004)
    __rt_entry_li                            0x0800015f   Thumb Code     0  __rtentry2.o(.ARM.Collect$$rtentry$$0000000A)
    __rt_entry_postsh_1                      0x0800015f   Thumb Code     0  __rtentry2.o(.ARM.Collect$$rtentry$$00000009)
    __rt_entry_main                          0x08000163   Thumb Code     0  __rtentry2.o(.ARM.Collect$$rtentry$$0000000D)
    __rt_entry_postli_1                      0x08000163   Thumb Code     0  __rtentry2.o(.ARM.Collect$$rtentry$$0000000C)
    __rt_exit                                0x0800016b   Thumb Code     0  rtexit.o(.ARM.Collect$$rtexit$$00000000)
    __rt_exit_ls                             0x0800016d   Thumb Code     0  rtexit2.o(.ARM.Collect$$rtexit$$00000003)
    __rt_exit_prels_1                        0x0800016d   Thumb Code     0  rtexit2.o(.ARM.Collect$$rtexit$$00000002)
    __rt_exit_exit                           0x08000171   Thumb Code     0  rtexit2.o(.ARM.Collect$$rtexit$$00000004)
    Reset_Handler                            0x08000179   Thumb Code     8  startup_stm32g070xx.o(.text)
    NMI_Handler                              0x08000181   Thumb Code     2  startup_stm32g070xx.o(.text)
    HardFault_Handler                        0x08000183   Thumb Code     2  startup_stm32g070xx.o(.text)
    SVC_Handler                              0x08000185   Thumb Code     2  startup_stm32g070xx.o(.text)
    PendSV_Handler                           0x08000187   Thumb Code     2  startup_stm32g070xx.o(.text)
    SysTick_Handler                          0x08000189   Thumb Code     2  startup_stm32g070xx.o(.text)
    ADC1_IRQHandler                          0x0800018b   Thumb Code     0  startup_stm32g070xx.o(.text)
    DMA1_Ch4_7_DMAMUX1_OVR_IRQHandler        0x0800018b   Thumb Code     0  startup_stm32g070xx.o(.text)
    DMA1_Channel1_IRQHandler                 0x0800018b   Thumb Code     0  startup_stm32g070xx.o(.text)
    DMA1_Channel2_3_IRQHandler               0x0800018b   Thumb Code     0  startup_stm32g070xx.o(.text)
    EXTI0_1_IRQHandler                       0x0800018b   Thumb Code     0  startup_stm32g070xx.o(.text)
    EXTI2_3_IRQHandler                       0x0800018b   Thumb Code     0  startup_stm32g070xx.o(.text)
    EXTI4_15_IRQHandler                      0x0800018b   Thumb Code     0  startup_stm32g070xx.o(.text)
    FLASH_IRQHandler                         0x0800018b   Thumb Code     0  startup_stm32g070xx.o(.text)
    I2C1_IRQHandler                          0x0800018b   Thumb Code     0  startup_stm32g070xx.o(.text)
    I2C2_IRQHandler                          0x0800018b   Thumb Code     0  startup_stm32g070xx.o(.text)
    RCC_IRQHandler                           0x0800018b   Thumb Code     0  startup_stm32g070xx.o(.text)
    RTC_TAMP_IRQHandler                      0x0800018b   Thumb Code     0  startup_stm32g070xx.o(.text)
    SPI1_IRQHandler                          0x0800018b   Thumb Code     0  startup_stm32g070xx.o(.text)
    SPI2_IRQHandler                          0x0800018b   Thumb Code     0  startup_stm32g070xx.o(.text)
    TIM15_IRQHandler                         0x0800018b   Thumb Code     0  startup_stm32g070xx.o(.text)
    TIM16_IRQHandler                         0x0800018b   Thumb Code     0  startup_stm32g070xx.o(.text)
    TIM17_IRQHandler                         0x0800018b   Thumb Code     0  startup_stm32g070xx.o(.text)
    TIM1_CC_IRQHandler                       0x0800018b   Thumb Code     0  startup_stm32g070xx.o(.text)
    TIM6_IRQHandler                          0x0800018b   Thumb Code     0  startup_stm32g070xx.o(.text)
    TIM7_IRQHandler                          0x0800018b   Thumb Code     0  startup_stm32g070xx.o(.text)
    USART2_IRQHandler                        0x0800018b   Thumb Code     0  startup_stm32g070xx.o(.text)
    USART3_4_IRQHandler                      0x0800018b   Thumb Code     0  startup_stm32g070xx.o(.text)
    WWDG_IRQHandler                          0x0800018b   Thumb Code     0  startup_stm32g070xx.o(.text)
    __user_initial_stackheap                 0x0800018d   Thumb Code     0  startup_stm32g070xx.o(.text)
    __aeabi_uidiv                            0x080001b1   Thumb Code     0  aeabi_sdiv.o(.text)
    __aeabi_uidivmod                         0x080001b1   Thumb Code    20  aeabi_sdiv.o(.text)
    __aeabi_idiv                             0x080001c5   Thumb Code     0  aeabi_sdiv.o(.text)
    __aeabi_idivmod                          0x080001c5   Thumb Code   338  aeabi_sdiv.o(.text)
    __use_two_region_memory                  0x0800031d   Thumb Code     2  heapauxi.o(.text)
    __rt_heap_escrow$2region                 0x0800031f   Thumb Code     2  heapauxi.o(.text)
    __rt_heap_expand$2region                 0x08000321   Thumb Code     2  heapauxi.o(.text)
    __user_setup_stackheap                   0x08000323   Thumb Code    62  sys_stackheap_outer.o(.text)
    exit                                     0x08000361   Thumb Code    16  exit.o(.text)
    __user_libspace                          0x08000371   Thumb Code     8  libspace.o(.text)
    __user_perproc_libspace                  0x08000371   Thumb Code     0  libspace.o(.text)
    __user_perthread_libspace                0x08000371   Thumb Code     0  libspace.o(.text)
    _sys_exit                                0x08000379   Thumb Code     8  sys_exit.o(.text)
    __I$use$semihosting                      0x08000385   Thumb Code     0  use_no_semi.o(.text)
    __use_no_semihosting_swi                 0x08000385   Thumb Code     2  use_no_semi.o(.text)
    __semihosting_library_function           0x08000387   Thumb Code     0  indicate_semi.o(.text)
    CRC_CVTE_Block                           0x08000389   Thumb Code   120  crc.o(.text.CRC_CVTE_Block)
    Disp_Comm_Handler                        0x08000409   Thumb Code    40  disp_comm.o(.text.Disp_Comm_Handler)
    Disp_Comm_HeartBeat_Send                 0x08000431   Thumb Code   104  disp_comm.o(.text.Disp_Comm_HeartBeat_Send)
    Disp_Comm_HeartBeat_Set_Crc              0x0800049d   Thumb Code    16  disp_comm.o(.text.Disp_Comm_HeartBeat_Set_Crc)
    Disp_Comm_HeartBeat_Set_Fixed_Fields     0x080004ad   Thumb Code    16  disp_comm.o(.text.Disp_Comm_HeartBeat_Set_Fixed_Fields)
    Disp_Comm_HeartBeat_Set_PacketID         0x080004bd   Thumb Code    16  disp_comm.o(.text.Disp_Comm_HeartBeat_Set_PacketID)
    Disp_Comm_HeartBeat_Struct_Init          0x080004cd   Thumb Code    28  disp_comm.o(.text.Disp_Comm_HeartBeat_Struct_Init)
    Disp_Comm_Heartbeat_Set_Data             0x080004e9   Thumb Code   396  disp_comm.o(.text.Disp_Comm_Heartbeat_Set_Data)
    Disp_Comm_Init                           0x08000679   Thumb Code    26  disp_comm.o(.text.Disp_Comm_Init)
    Disp_Comm_Master_Data_CRC_Stat           0x08000693   Thumb Code    56  disp_comm.o(.text.Disp_Comm_Master_Data_CRC_Stat)
    Disp_Comm_Master_Data_CRC_Verify         0x080006cd   Thumb Code   160  disp_comm.o(.text.Disp_Comm_Master_Data_CRC_Verify)
    Disp_Comm_Master_Data_Extract            0x0800076d   Thumb Code   156  disp_comm.o(.text.Disp_Comm_Master_Data_Extract)
    Disp_Comm_Master_Data_Get_Calculated_Crc 0x08000809   Thumb Code     8  disp_comm.o(.text.Disp_Comm_Master_Data_Get_Calculated_Crc)
    Disp_Comm_Master_Data_Get_Header         0x08000811   Thumb Code     8  disp_comm.o(.text.Disp_Comm_Master_Data_Get_Header)
    Disp_Comm_Master_Data_Get_IMValveOnCycle 0x08000819   Thumb Code     8  disp_comm.o(.text.Disp_Comm_Master_Data_Get_IMValveOnCycle)
    Disp_Comm_Master_Data_Get_IMValveOnTime  0x08000821   Thumb Code     8  disp_comm.o(.text.Disp_Comm_Master_Data_Get_IMValveOnTime)
    Disp_Comm_Master_Data_Get_IceMaker       0x08000829   Thumb Code     8  disp_comm.o(.text.Disp_Comm_Master_Data_Get_IceMaker)
    Disp_Comm_Master_Data_Get_Length         0x08000831   Thumb Code     8  disp_comm.o(.text.Disp_Comm_Master_Data_Get_Length)
    Disp_Comm_Master_Data_Get_Mode           0x08000839   Thumb Code     8  disp_comm.o(.text.Disp_Comm_Master_Data_Get_Mode)
    Disp_Comm_Master_Data_Get_Received_Crc   0x08000841   Thumb Code     8  disp_comm.o(.text.Disp_Comm_Master_Data_Get_Received_Crc)
    Disp_Comm_Master_Data_Get_WaterDispenser 0x08000849   Thumb Code     8  disp_comm.o(.text.Disp_Comm_Master_Data_Get_WaterDispenser)
    Disp_Comm_Master_Data_Struct_Init        0x08000851   Thumb Code   100  disp_comm.o(.text.Disp_Comm_Master_Data_Struct_Init)
    Disp_Comm_Print_Heartbeat_Send_Data      0x080008b9   Thumb Code   276  disp_comm.o(.text.Disp_Comm_Print_Heartbeat_Send_Data)
    Disp_Comm_Print_Master_Rec_Data          0x080009f9   Thumb Code   268  disp_comm.o(.text.Disp_Comm_Print_Master_Rec_Data)
    Disp_Comm_Update_HBUpdate_Byte           0x08000b25   Thumb Code    64  disp_comm.o(.text.Disp_Comm_Update_HBUpdate_Byte)
    Disp_Comm_Variable_Init                  0x08000b65   Thumb Code     8  disp_comm.o(.text.Disp_Comm_Variable_Init)
    Disp_Config_Ice_Tray_on_User_Config_Rotation 0x08000b71   Thumb Code     8  user_config.o(.text.Disp_Config_Ice_Tray_on_User_Config_Rotation)
    Disp_UART_Clear_Data_Available_Flag      0x08000b7d   Thumb Code    12  disp.o(.text.Disp_UART_Clear_Data_Available_Flag)
    Disp_UART_Clock_Init                     0x08000b89   Thumb Code    32  disp.o(.text.Disp_UART_Clock_Init)
    Disp_UART_Counter_Reset                  0x08000bad   Thumb Code     8  disp.o(.text.Disp_UART_Counter_Reset)
    Disp_UART_Data_Available                 0x08000bb9   Thumb Code     8  disp.o(.text.Disp_UART_Data_Available)
    Disp_UART_Data_Copy_Buf                  0x08000bc1   Thumb Code    68  disp.o(.text.Disp_UART_Data_Copy_Buf)
    Disp_UART_Flush_Buf                      0x08000c05   Thumb Code    56  disp.o(.text.Disp_UART_Flush_Buf)
    Disp_UART_GPIO_Init                      0x08000c3d   Thumb Code   104  disp.o(.text.Disp_UART_GPIO_Init)
    Disp_UART_Get_Buf                        0x08000cb9   Thumb Code    20  disp.o(.text.Disp_UART_Get_Buf)
    Disp_UART_Get_Buf_Index                  0x08000ccd   Thumb Code     8  disp.o(.text.Disp_UART_Get_Buf_Index)
    Disp_UART_Get_Data_Len                   0x08000cd5   Thumb Code     8  disp.o(.text.Disp_UART_Get_Data_Len)
    Disp_UART_Init                           0x08000cdd   Thumb Code    44  disp.o(.text.Disp_UART_Init)
    Disp_UART_RX_Config                      0x08000d09   Thumb Code    36  disp.o(.text.Disp_UART_RX_Config)
    Disp_UART_RX_Int_Config                  0x08000d2d   Thumb Code    44  disp.o(.text.Disp_UART_RX_Int_Config)
    Disp_UART_Set_BAUD_Rate                  0x08000d59   Thumb Code    76  disp.o(.text.Disp_UART_Set_BAUD_Rate)
    Disp_UART_Struct_Init                    0x08000dad   Thumb Code   116  disp.o(.text.Disp_UART_Struct_Init)
    Disp_UART_TX_Config                      0x08000e21   Thumb Code    36  disp.o(.text.Disp_UART_TX_Config)
    Disp_UART_Timer_Disable                  0x08000e49   Thumb Code    20  disp.o(.text.Disp_UART_Timer_Disable)
    Disp_UART_Timer_Enable                   0x08000e5d   Thumb Code    20  disp.o(.text.Disp_UART_Timer_Enable)
    Disp_UART_Timer_Init                     0x08000e75   Thumb Code    88  disp.o(.text.Disp_UART_Timer_Init)
    Disp_UART_Transmit_Byte                  0x08000ee5   Thumb Code    48  disp.o(.text.Disp_UART_Transmit_Byte)
    Disp_UART_Tx_Buf                         0x08000f21   Thumb Code    60  disp.o(.text.Disp_UART_Tx_Buf)
    GET_ICE_MAKER_AFTER_VALVE_TIME           0x08000f5d   Thumb Code    12  parameter.o(.text.GET_ICE_MAKER_AFTER_VALVE_TIME)
    GET_ICE_MAKER_HEATER_RUN_TIME            0x08000f6d   Thumb Code    16  parameter.o(.text.GET_ICE_MAKER_HEATER_RUN_TIME)
    GET_ICE_MAKER_IC_FULL_WAIT_TIME          0x08000f81   Thumb Code    12  parameter.o(.text.GET_ICE_MAKER_IC_FULL_WAIT_TIME)
    GET_ICE_MAKER_SET_ICE_TEMP               0x08000f91   Thumb Code    12  parameter.o(.text.GET_ICE_MAKER_SET_ICE_TEMP)
    GET_ICE_MAKER_VALVE_OFF_TIME             0x08000fa1   Thumb Code    12  parameter.o(.text.GET_ICE_MAKER_VALVE_OFF_TIME)
    GET_ICE_MAKER_VALVE_ON_CYCLE             0x08000fb1   Thumb Code     8  parameter.o(.text.GET_ICE_MAKER_VALVE_ON_CYCLE)
    GET_ICE_MAKER_VALVE_ON_TIME              0x08000fbd   Thumb Code     8  parameter.o(.text.GET_ICE_MAKER_VALVE_ON_TIME)
    GET_WATER_DISPENSER_LOW_WATER_FILL_TIME_SEC 0x08000fc9   Thumb Code    12  parameter.o(.text.GET_WATER_DISPENSER_LOW_WATER_FILL_TIME_SEC)
    GET_WATER_DISPENSER_MID_WATER_FILL_TIME_SEC 0x08000fd9   Thumb Code    12  parameter.o(.text.GET_WATER_DISPENSER_MID_WATER_FILL_TIME_SEC)
    GlobalVars_Clear_Start_Flag              0x08000fe9   Thumb Code     8  glvars.o(.text.GlobalVars_Clear_Start_Flag)
    GlobalVars_Get_Curr_Thread               0x08000ff1   Thumb Code     8  glvars.o(.text.GlobalVars_Get_Curr_Thread)
    GlobalVars_Get_Start_Flag                0x08000ff9   Thumb Code     8  glvars.o(.text.GlobalVars_Get_Start_Flag)
    GlobalVars_Get_Thread_Function           0x08001001   Thumb Code     8  glvars.o(.text.GlobalVars_Get_Thread_Function)
    GlobalVars_Inc_Curr_Thread               0x08001009   Thumb Code    12  glvars.o(.text.GlobalVars_Inc_Curr_Thread)
    GlobalVars_Inc_Thread_Function           0x08001015   Thumb Code    12  glvars.o(.text.GlobalVars_Inc_Thread_Function)
    GlobalVars_Reset_Curr_Thread             0x08001021   Thumb Code     8  glvars.o(.text.GlobalVars_Reset_Curr_Thread)
    GlobalVars_Reset_Thread_Function         0x08001029   Thumb Code     8  glvars.o(.text.GlobalVars_Reset_Thread_Function)
    GlobalVars_Set_Start_Flag                0x08001031   Thumb Code     8  glvars.o(.text.GlobalVars_Set_Start_Flag)
    Ice_Maker_CCW_End_Detection              0x0800103d   Thumb Code   108  icemaker.o(.text.Ice_Maker_CCW_End_Detection)
    Ice_Maker_Config_Rotation                0x080010a9   Thumb Code   488  icemaker.o(.text.Ice_Maker_Config_Rotation)
    Ice_Maker_Debug_Data                     0x0800129d   Thumb Code   536  icemaker.o(.text.Ice_Maker_Debug_Data)
    Ice_Maker_Disp_Comm_Based_Ice_Maker_Handler 0x08001509   Thumb Code    36  icemaker.o(.text.Ice_Maker_Disp_Comm_Based_Ice_Maker_Handler)
    Ice_Maker_Disp_Comm_Based_Ice_Maker_Mode 0x0800152d   Thumb Code    80  icemaker.o(.text.Ice_Maker_Disp_Comm_Based_Ice_Maker_Mode)
    Ice_Maker_Disp_Comm_Based_Ice_Maker_Mode_Update_For_Heartbeat_Data 0x08001581   Thumb Code    40  icemaker.o(.text.Ice_Maker_Disp_Comm_Based_Ice_Maker_Mode_Update_For_Heartbeat_Data)
    Ice_Maker_Disp_Comm_Based_Update_Ice_Container_Full_Status_Bit 0x080015a9   Thumb Code    52  icemaker.o(.text.Ice_Maker_Disp_Comm_Based_Update_Ice_Container_Full_Status_Bit)
    Ice_Maker_Disp_Comm_Based_Update_NTC_Error_Bit 0x080015e1   Thumb Code    52  icemaker.o(.text.Ice_Maker_Disp_Comm_Based_Update_NTC_Error_Bit)
    Ice_Maker_Get_Temperature_Value          0x08001621   Thumb Code    28  icemaker.o(.text.Ice_Maker_Get_Temperature_Value)
    Ice_Maker_Hall_Feedback_Checker_RT       0x08001641   Thumb Code    80  icemaker.o(.text.Ice_Maker_Hall_Feedback_Checker_RT)
    Ice_Maker_Hall_Feedback_checker          0x08001695   Thumb Code    40  icemaker.o(.text.Ice_Maker_Hall_Feedback_checker)
    Ice_Maker_IM_On_Operation                0x080016c1   Thumb Code    76  icemaker.o(.text.Ice_Maker_IM_On_Operation)
    Ice_Maker_IM_Struct_Init                 0x08001711   Thumb Code   136  icemaker.o(.text.Ice_Maker_IM_Struct_Init)
    Ice_Maker_Ice_Making_Operation           0x0800179d   Thumb Code   316  icemaker.o(.text.Ice_Maker_Ice_Making_Operation)
    Ice_Maker_Ice_Temp_Check                 0x080018d9   Thumb Code    36  icemaker.o(.text.Ice_Maker_Ice_Temp_Check)
    Ice_Maker_Ice_Tray_On_Config_Rotation    0x08001901   Thumb Code     8  icemaker.o(.text.Ice_Maker_Ice_Tray_On_Config_Rotation)
    Ice_Maker_Ice_Tray_On_Operation          0x0800190d   Thumb Code     8  icemaker.o(.text.Ice_Maker_Ice_Tray_On_Operation)
    Ice_Maker_Ice_Tray_Rotation              0x08001915   Thumb Code   500  icemaker.o(.text.Ice_Maker_Ice_Tray_Rotation)
    Ice_Maker_Ice_Tray_Rotation_Init         0x08001b0d   Thumb Code   492  icemaker.o(.text.Ice_Maker_Ice_Tray_Rotation_Init)
    Ice_Maker_Init                           0x08001d05   Thumb Code   216  icemaker.o(.text.Ice_Maker_Init)
    Ice_Maker_Init_Rotation_Reset            0x08001e01   Thumb Code    36  icemaker.o(.text.Ice_Maker_Init_Rotation_Reset)
    Ice_Maker_Module_Flag_Reset              0x08001e29   Thumb Code    12  icemaker.o(.text.Ice_Maker_Module_Flag_Reset)
    Ice_Maker_Motor_Control                  0x08001e39   Thumb Code   124  icemaker.o(.text.Ice_Maker_Motor_Control)
    Ice_Maker_Reset_All_Parameter            0x08001eb9   Thumb Code    20  icemaker.o(.text.Ice_Maker_Reset_All_Parameter)
    Ice_Maker_Reset_All_Parmaeters           0x08001ecd   Thumb Code   108  icemaker.o(.text.Ice_Maker_Reset_All_Parmaeters)
    Ice_Maker_Reset_Hall_Feedback            0x08001f3d   Thumb Code    12  icemaker.o(.text.Ice_Maker_Reset_Hall_Feedback)
    Ice_Maker_Test_Button                    0x08001f4d   Thumb Code    76  icemaker.o(.text.Ice_Maker_Test_Button)
    Ice_Maker_Time_Based_Heater_Config       0x08001fa1   Thumb Code   148  icemaker.o(.text.Ice_Maker_Time_Based_Heater_Config)
    Ice_Maker_Valve_Config                   0x0800203d   Thumb Code   244  icemaker.o(.text.Ice_Maker_Valve_Config)
    Ice_Maker_Valve_Off                      0x08002135   Thumb Code    16  icemaker.o(.text.Ice_Maker_Valve_Off)
    Ice_Maker_Valve_On                       0x08002145   Thumb Code    16  icemaker.o(.text.Ice_Maker_Valve_On)
    LPF_Get_Alpha                            0x08002159   Thumb Code    24  iirlpf.o(.text.LPF_Get_Alpha)
    LPF_Get_Filtered_Value                   0x08002171   Thumb Code   124  iirlpf.o(.text.LPF_Get_Filtered_Value)
    LPF_Init                                 0x080021ed   Thumb Code     8  iirlpf.o(.text.LPF_Init)
    LPF_Set_Alpha                            0x080021f5   Thumb Code    32  iirlpf.o(.text.LPF_Set_Alpha)
    LPF_Struct_Init                          0x08002215   Thumb Code    72  iirlpf.o(.text.LPF_Struct_Init)
    NTC_Calculate_Single_Sample              0x08002261   Thumb Code   644  ntc.o(.text.NTC_Calculate_Single_Sample)
    NTC_Get_Temperature                      0x08002559   Thumb Code    24  ntc.o(.text.NTC_Get_Temperature)
    NTC_Sensor_ADC_Init                      0x08002575   Thumb Code   264  ntc.o(.text.NTC_Sensor_ADC_Init)
    NTC_Sensor_GPIO_Init                     0x08002695   Thumb Code    40  ntc.o(.text.NTC_Sensor_GPIO_Init)
    NTC_Sensor_Init                          0x080026c5   Thumb Code    66  ntc.o(.text.NTC_Sensor_Init)
    NTC_Sensor_Reading                       0x08002709   Thumb Code    48  ntc.o(.text.NTC_Sensor_Reading)
    NTC_Struct_Init                          0x08002741   Thumb Code    64  ntc.o(.text.NTC_Struct_Init)
    Parameter_Get_Disp_Comm_Val              0x08002785   Thumb Code    40  parameter.o(.text.Parameter_Get_Disp_Comm_Val)
    Parameter_Init                           0x080027ad   Thumb Code    16  parameter.o(.text.Parameter_Init)
    Print_All_Debug_Data                     0x080027c5   Thumb Code    88  debug_parameter.o(.text.Print_All_Debug_Data)
    Read_ADC                                 0x0800281d   Thumb Code    92  ntc.o(.text.Read_ADC)
    SystemInit                               0x08002889   Thumb Code     2  system_stm32g0xx.o(.text.SystemInit)
    TIM14_IRQHandler                         0x0800288d   Thumb Code    64  disp.o(.text.TIM14_IRQHandler)
    TIM1_BRK_UP_TRG_COM_IRQHandler           0x080028d5   Thumb Code   412  icemaker.o(.text.TIM1_BRK_UP_TRG_COM_IRQHandler)
    TIM3_IRQHandler                          0x08002a79   Thumb Code    32  timebase.o(.text.TIM3_IRQHandler)
    Timebase_Atomic_Operation_End            0x08002a9d   Thumb Code     4  timebase.o(.text.Timebase_Atomic_Operation_End)
    Timebase_Atomic_Operation_Start          0x08002aa1   Thumb Code     4  timebase.o(.text.Timebase_Atomic_Operation_Start)
    Timebase_DownCounter_Clear_All_Flags     0x08002aa5   Thumb Code    20  timebase.o(.text.Timebase_DownCounter_Clear_All_Flags)
    Timebase_DownCounter_Clear_Period_Flag   0x08002ab9   Thumb Code    32  timebase.o(.text.Timebase_DownCounter_Clear_Period_Flag)
    Timebase_DownCounter_Expired_Event       0x08002ad9   Thumb Code    54  timebase.o(.text.Timebase_DownCounter_Expired_Event)
    Timebase_DownCounter_Get_EndValue        0x08002b11   Thumb Code    24  timebase.o(.text.Timebase_DownCounter_Get_EndValue)
    Timebase_DownCounter_Get_Status          0x08002b29   Thumb Code    28  timebase.o(.text.Timebase_DownCounter_Get_Status)
    Timebase_DownCounter_Get_Value           0x08002b45   Thumb Code    24  timebase.o(.text.Timebase_DownCounter_Get_Value)
    Timebase_DownCounter_Reset               0x08002b5d   Thumb Code    54  timebase.o(.text.Timebase_DownCounter_Reset)
    Timebase_DownCounter_Reset_All           0x08002b93   Thumb Code    46  timebase.o(.text.Timebase_DownCounter_Reset_All)
    Timebase_DownCounter_SS_Clear_All_Flags  0x08002bc1   Thumb Code    20  timebase.o(.text.Timebase_DownCounter_SS_Clear_All_Flags)
    Timebase_DownCounter_SS_Clear_Period_Flag 0x08002bd5   Thumb Code    32  timebase.o(.text.Timebase_DownCounter_SS_Clear_Period_Flag)
    Timebase_DownCounter_SS_Expired_Event    0x08002bf5   Thumb Code    54  timebase.o(.text.Timebase_DownCounter_SS_Expired_Event)
    Timebase_DownCounter_SS_Get_EndValueSec  0x08002c2d   Thumb Code    24  timebase.o(.text.Timebase_DownCounter_SS_Get_EndValueSec)
    Timebase_DownCounter_SS_Get_EndValueSubSec 0x08002c45   Thumb Code    24  timebase.o(.text.Timebase_DownCounter_SS_Get_EndValueSubSec)
    Timebase_DownCounter_SS_Get_PeriodValue  0x08002c5d   Thumb Code    24  timebase.o(.text.Timebase_DownCounter_SS_Get_PeriodValue)
    Timebase_DownCounter_SS_Get_Period_Flag  0x08002c75   Thumb Code    32  timebase.o(.text.Timebase_DownCounter_SS_Get_Period_Flag)
    Timebase_DownCounter_SS_Get_Remaining_Period_Value 0x08002c95   Thumb Code    58  timebase.o(.text.Timebase_DownCounter_SS_Get_Remaining_Period_Value)
    Timebase_DownCounter_SS_Get_Status       0x08002cd1   Thumb Code    32  timebase.o(.text.Timebase_DownCounter_SS_Get_Status)
    Timebase_DownCounter_SS_Get_Value        0x08002cf1   Thumb Code    24  timebase.o(.text.Timebase_DownCounter_SS_Get_Value)
    Timebase_DownCounter_SS_Period_Value_Expired 0x08002d09   Thumb Code    60  timebase.o(.text.Timebase_DownCounter_SS_Period_Value_Expired)
    Timebase_DownCounter_SS_Period_Value_Expired_Event 0x08002d45   Thumb Code    54  timebase.o(.text.Timebase_DownCounter_SS_Period_Value_Expired_Event)
    Timebase_DownCounter_SS_Reset            0x08002d7b   Thumb Code    64  timebase.o(.text.Timebase_DownCounter_SS_Reset)
    Timebase_DownCounter_SS_Reset_All        0x08002dbb   Thumb Code    46  timebase.o(.text.Timebase_DownCounter_SS_Reset_All)
    Timebase_DownCounter_SS_Set_EndValueSec  0x08002de9   Thumb Code    28  timebase.o(.text.Timebase_DownCounter_SS_Set_EndValueSec)
    Timebase_DownCounter_SS_Set_EndValueSubSec 0x08002e05   Thumb Code    28  timebase.o(.text.Timebase_DownCounter_SS_Set_EndValueSubSec)
    Timebase_DownCounter_SS_Set_Forcefully   0x08002e21   Thumb Code    34  timebase.o(.text.Timebase_DownCounter_SS_Set_Forcefully)
    Timebase_DownCounter_SS_Set_PeriodValue  0x08002e45   Thumb Code    60  timebase.o(.text.Timebase_DownCounter_SS_Set_PeriodValue)
    Timebase_DownCounter_SS_Set_Period_Flag  0x08002e85   Thumb Code    32  timebase.o(.text.Timebase_DownCounter_SS_Set_Period_Flag)
    Timebase_DownCounter_SS_Set_Period_Value_Securely 0x08002ea9   Thumb Code    62  timebase.o(.text.Timebase_DownCounter_SS_Set_Period_Value_Securely)
    Timebase_DownCounter_SS_Set_Securely     0x08002ee9   Thumb Code   168  timebase.o(.text.Timebase_DownCounter_SS_Set_Securely)
    Timebase_DownCounter_SS_Set_Status       0x08002f95   Thumb Code    52  timebase.o(.text.Timebase_DownCounter_SS_Set_Status)
    Timebase_DownCounter_SS_Set_Value        0x08002fc9   Thumb Code    28  timebase.o(.text.Timebase_DownCounter_SS_Set_Value)
    Timebase_DownCounter_SS_Start            0x08002fe9   Thumb Code    38  timebase.o(.text.Timebase_DownCounter_SS_Start)
    Timebase_DownCounter_SS_Update           0x08003011   Thumb Code   240  timebase.o(.text.Timebase_DownCounter_SS_Update)
    Timebase_DownCounter_SS_Update_All       0x08003101   Thumb Code    46  timebase.o(.text.Timebase_DownCounter_SS_Update_All)
    Timebase_DownCounter_Set_EndValue        0x08003131   Thumb Code    28  timebase.o(.text.Timebase_DownCounter_Set_EndValue)
    Timebase_DownCounter_Set_Securely        0x0800314d   Thumb Code    72  timebase.o(.text.Timebase_DownCounter_Set_Securely)
    Timebase_DownCounter_Set_Status          0x08003195   Thumb Code    52  timebase.o(.text.Timebase_DownCounter_Set_Status)
    Timebase_DownCounter_Set_Value           0x080031cd   Thumb Code    28  timebase.o(.text.Timebase_DownCounter_Set_Value)
    Timebase_DownCounter_Start               0x080031ed   Thumb Code    38  timebase.o(.text.Timebase_DownCounter_Start)
    Timebase_DownCounter_Update              0x08003213   Thumb Code   140  timebase.o(.text.Timebase_DownCounter_Update)
    Timebase_DownCounter_Update_All          0x0800329f   Thumb Code    46  timebase.o(.text.Timebase_DownCounter_Update_All)
    Timebase_ISR_Executables                 0x080032cd   Thumb Code    72  timebase.o(.text.Timebase_ISR_Executables)
    Timebase_Init                            0x08003319   Thumb Code    30  timebase.o(.text.Timebase_Init)
    Timebase_Main_Loop_Executables           0x08003339   Thumb Code    92  timebase.o(.text.Timebase_Main_Loop_Executables)
    Timebase_Reset                           0x08003399   Thumb Code    12  timebase.o(.text.Timebase_Reset)
    Timebase_Struct_Init                     0x080033a5   Thumb Code   280  timebase.o(.text.Timebase_Struct_Init)
    Timebase_Timer_Config                    0x080034c1   Thumb Code    88  timebase.o(.text.Timebase_Timer_Config)
    Timebase_Timer_Delay_SubSeconds          0x08003531   Thumb Code   140  timebase.o(.text.Timebase_Timer_Delay_SubSeconds)
    Timebase_Timer_Get_Seconds               0x080035bd   Thumb Code     8  timebase.o(.text.Timebase_Timer_Get_Seconds)
    Timebase_Timer_Get_SecondsShadow         0x080035c9   Thumb Code     8  timebase.o(.text.Timebase_Timer_Get_SecondsShadow)
    Timebase_Timer_Get_SubSeconds            0x080035d1   Thumb Code     8  timebase.o(.text.Timebase_Timer_Get_SubSeconds)
    Timebase_Timer_Get_SubSecondsShadow      0x080035d9   Thumb Code     8  timebase.o(.text.Timebase_Timer_Get_SubSecondsShadow)
    Timebase_Timer_Sync_With_Shadow_Variables 0x080035e1   Thumb Code    60  timebase.o(.text.Timebase_Timer_Sync_With_Shadow_Variables)
    Timebase_Window_Timer_Start              0x0800361d   Thumb Code    64  timebase.o(.text.Timebase_Window_Timer_Start)
    UART_Clock_Init                          0x08003661   Thumb Code    16  uart.o(.text.UART_Clock_Init)
    UART_Determine_Digit_Numbers             0x08003675   Thumb Code   100  uart.o(.text.UART_Determine_Digit_Numbers)
    UART_GPIO_Init                           0x080036d9   Thumb Code   124  uart.o(.text.UART_GPIO_Init)
    UART_Init                                0x08003765   Thumb Code    28  uart.o(.text.UART_Init)
    UART_PrintfD_NL                          0x08003781   Thumb Code    32  uart.o(.text.UART_PrintfD_NL)
    UART_PrintfNL                            0x080037a1   Thumb Code    48  uart.o(.text.UART_PrintfNL)
    UART_Set_BAUD_Rate                       0x080037d5   Thumb Code    60  uart.o(.text.UART_Set_BAUD_Rate)
    UART_TX_Config                           0x08003819   Thumb Code    36  uart.o(.text.UART_TX_Config)
    UART_Transmit_Byte                       0x08003841   Thumb Code    48  uart.o(.text.UART_Transmit_Byte)
    UART_Transmit_Number                     0x0800387d   Thumb Code    42  uart.o(.text.UART_Transmit_Number)
    UART_Transmit_Number_Digits              0x080038a9   Thumb Code    76  uart.o(.text.UART_Transmit_Number_Digits)
    UART_Transmit_Text                       0x080038f9   Thumb Code    56  uart.o(.text.UART_Transmit_Text)
    USART1_IRQHandler                        0x08003931   Thumb Code    92  disp.o(.text.USART1_IRQHandler)
    User_Config_Configure_Window_Feedback    0x08003999   Thumb Code    40  user_config.o(.text.User_Config_Configure_Window_Feedback)
    User_Config_Disp_Ice_Maker_Ice_Tray_Rotation 0x080039c1   Thumb Code   160  user_config.o(.text.User_Config_Disp_Ice_Maker_Ice_Tray_Rotation)
    User_Config_Disp_Ice_Maker_Valve_On_Off  0x08003a69   Thumb Code   148  user_config.o(.text.User_Config_Disp_Ice_Maker_Valve_On_Off)
    User_Config_Ice_Maker_Handler            0x08003b01   Thumb Code    20  user_config.o(.text.User_Config_Ice_Maker_Handler)
    User_Config_Send_IM_Motor_Feedback       0x08003b15   Thumb Code    48  user_config.o(.text.User_Config_Send_IM_Motor_Feedback)
    User_Config_User_In_Configuration_Mode   0x08003b45   Thumb Code    64  user_config.o(.text.User_Config_User_In_Configuration_Mode)
    User_Config_User_in_Configuration_Window 0x08003b85   Thumb Code    46  user_config.o(.text.User_Config_User_in_Configuration_Window)
    User_Config_Valve_on_User_Config         0x08003bb5   Thumb Code     8  user_config.o(.text.User_Config_Valve_on_User_Config)
    Water_Dispenser_AC_And_DC_Valve_Off      0x08003bc1   Thumb Code    20  water_dispenser.o(.text.Water_Dispenser_AC_And_DC_Valve_Off)
    Water_Dispenser_AC_And_DC_Valve_On       0x08003bd5   Thumb Code    20  water_dispenser.o(.text.Water_Dispenser_AC_And_DC_Valve_On)
    Water_Dispenser_AC_Valve_Off             0x08003be9   Thumb Code    16  water_dispenser.o(.text.Water_Dispenser_AC_Valve_Off)
    Water_Dispenser_AC_Valve_On              0x08003bf9   Thumb Code    16  water_dispenser.o(.text.Water_Dispenser_AC_Valve_On)
    Water_Dispenser_DC_Valve_Off             0x08003c0d   Thumb Code    12  water_dispenser.o(.text.Water_Dispenser_DC_Valve_Off)
    Water_Dispenser_DC_Valve_On              0x08003c19   Thumb Code    12  water_dispenser.o(.text.Water_Dispenser_DC_Valve_On)
    Water_Dispenser_DeLED_High               0x08003c29   Thumb Code    16  water_dispenser.o(.text.Water_Dispenser_DeLED_High)
    Water_Dispenser_DeLED_Low                0x08003c39   Thumb Code    16  water_dispenser.o(.text.Water_Dispenser_DeLED_Low)
    Water_Dispenser_DeLED_Toggle             0x08003c49   Thumb Code    44  water_dispenser.o(.text.Water_Dispenser_DeLED_Toggle)
    Water_Dispenser_Debug_Data               0x08003c79   Thumb Code   108  water_dispenser.o(.text.Water_Dispenser_Debug_Data)
    Water_Dispenser_Disp_Based_DeLED_Control 0x08003cf9   Thumb Code   212  water_dispenser.o(.text.Water_Dispenser_Disp_Based_DeLED_Control)
    Water_Dispenser_Disp_Based_Valve_Control 0x08003dd1   Thumb Code   324  water_dispenser.o(.text.Water_Dispenser_Disp_Based_Valve_Control)
    Water_Dispenser_Disp_Command             0x08003f15   Thumb Code    38  water_dispenser.o(.text.Water_Dispenser_Disp_Command)
    Water_Dispenser_Gpio_Init                0x08003f3d   Thumb Code   136  water_dispenser.o(.text.Water_Dispenser_Gpio_Init)
    Water_Dispenser_Handler                  0x08003fe1   Thumb Code    16  water_dispenser.o(.text.Water_Dispenser_Handler)
    Water_Dispenser_Init                     0x08003ff1   Thumb Code    12  water_dispenser.o(.text.Water_Dispenser_Init)
    Water_Dispenser_Lever_Input              0x08003ffd   Thumb Code    52  water_dispenser.o(.text.Water_Dispenser_Lever_Input)
    Water_Dispenser_Lever_Input_Rising_Edge  0x08004035   Thumb Code    68  water_dispenser.o(.text.Water_Dispenser_Lever_Input_Rising_Edge)
    Water_Dispenser_Lever_Input_Rising_Edge_Reset 0x08004081   Thumb Code     8  water_dispenser.o(.text.Water_Dispenser_Lever_Input_Rising_Edge_Reset)
    Water_Dispenser_Reset_Water_Level_Selection 0x0800408d   Thumb Code     8  water_dispenser.o(.text.Water_Dispenser_Reset_Water_Level_Selection)
    Water_Dispenser_Send_Filter_Status       0x08004095   Thumb Code   170  water_dispenser.o(.text.Water_Dispenser_Send_Filter_Status)
    Water_Dispenser_Variable_Init            0x08004141   Thumb Code    12  water_dispenser.o(.text.Water_Dispenser_Variable_Init)
    Water_Dispenser_Water_Level_Selection    0x08004155   Thumb Code   180  water_dispenser.o(.text.Water_Dispenser_Water_Level_Selection)
    main                                     0x08004405   Thumb Code   140  main.o(.text.main)
    timer_Init                               0x080044a1   Thumb Code   160  timer.o(.text.timer_Init)
    Region$$Table$$Base                      0x08004848   Number         0  anon$$obj.o(Region$$Table)
    Region$$Table$$Limit                     0x08004868   Number         0  anon$$obj.o(Region$$Table)
    ADC_Channel                              0x20000000   Data           5  ntc.o(.data.ADC_Channel)
    CRC_CVTE_CrcTable                        0x20000006   Data          32  crc.o(.data.CRC_CVTE_CrcTable)
    SystemCoreClock                          0x20000028   Data           4  system_stm32g0xx.o(.data.SystemCoreClock)
    __libspace_start                         0x20000030   Data          96  libspace.o(.bss)
    DebugThread                              0x20000090   Data           4  glvars.o(.bss.DebugThread)
    __temporary_stack_top$libspace           0x20000090   Data           0  libspace.o(.bss)
    DispUart                                 0x20000094   Data         141  disp.o(.bss.DispUart)
    Disp_conf_im_on_disp_conf_rotation       0x20000121   Data           1  user_config.o(.bss.Disp_conf_im_on_disp_conf_rotation)
    HB_update_packet_id                      0x20000122   Data           1  disp_comm.o(.bss.HB_update_packet_id)
    HeartBeat                                0x20000124   Data          14  disp_comm.o(.bss.HeartBeat)
    IM                                       0x20000134   Data          60  icemaker.o(.bss.IM)
    IM_on_conf_rotation                      0x20000170   Data           1  icemaker.o(.bss.IM_on_conf_rotation)
    IM_rotation_busy                         0x20000171   Data           1  icemaker.o(.bss.IM_rotation_busy)
    Ice_maker_after_valve_time               0x20000174   Data           4  parameter.o(.bss.Ice_maker_after_valve_time)
    Ice_maker_ic_full_wait_time              0x20000178   Data           4  parameter.o(.bss.Ice_maker_ic_full_wait_time)
    Ice_maker_set_ice_temp                   0x2000017c   Data           4  parameter.o(.bss.Ice_maker_set_ice_temp)
    Ice_maker_valve_on_cycle                 0x20000180   Data           2  parameter.o(.bss.Ice_maker_valve_on_cycle)
    LPF                                      0x20000184   Data          12  iirlpf.o(.bss.LPF)
    Lever_Fb                                 0x20000190   Data           1  water_dispenser.o(.bss.Lever_Fb)
    Lever_low_state                          0x20000191   Data           1  water_dispenser.o(.bss.Lever_low_state)
    Lever_rising_edge_stat                   0x20000192   Data           1  water_dispenser.o(.bss.Lever_rising_edge_stat)
    MasterData                               0x20000194   Data         144  disp_comm.o(.bss.MasterData)
    NTC                                      0x20000224   Data          48  ntc.o(.bss.NTC)
    Timebase                                 0x20000254   Data           4  timebase.o(.bss.Timebase)
    Timebase_startup_temp                    0x20000258   Data           1  icemaker.o(.bss.Timebase_startup_temp)
    Timebase_type                            0x2000025c   Data         368  timebase.o(.bss.Timebase_type)
    UART                                     0x200003cc   Data          43  uart.o(.bss.UART)
    UC_valve_turned_off                      0x200003f7   Data           1  user_config.o(.bss.UC_valve_turned_off)
    User_config_im_reset_flag                0x200003f8   Data           1  user_config.o(.bss.User_config_im_reset_flag)
    Valve_off_time                           0x200003fa   Data           2  parameter.o(.bss.Valve_off_time)
    Valve_on_time                            0x200003fc   Data           2  parameter.o(.bss.Valve_on_time)
    Valve_on_user_config                     0x200003fe   Data           1  user_config.o(.bss.Valve_on_user_config)
    Water_disp_water_level                   0x200003ff   Data           1  water_dispenser.o(.bss.Water_disp_water_level)
    Water_dispenser_AC_DC_valve_state        0x20000400   Data           1  water_dispenser.o(.bss.Water_dispenser_AC_DC_valve_state)
    Water_dispenser_low_water_level_time_sec 0x20000401   Data           1  parameter.o(.bss.Water_dispenser_low_water_level_time_sec)
    Water_dispenser_mid_water_level_time_sec 0x20000402   Data           1  parameter.o(.bss.Water_dispenser_mid_water_level_time_sec)
    heartbeat_data                           0x20000403   Data          14  disp_comm.o(.bss.heartbeat_data)
    heater_run_time                          0x20000412   Data           2  parameter.o(.bss.heater_run_time)
    lever_released_flag                      0x20000414   Data           1  water_dispenser.o(.bss.lever_released_flag)



==============================================================================

Memory Map of the image

  Image Entry point : 0x08000179

  Load Region LR_1 (Base: 0x08000000, Size: 0x00004894, Max: 0xffffffff, ABSOLUTE)

    Execution Region ER_RO (Exec base: 0x08000000, Load base: 0x08000000, Size: 0x00004868, Max: 0xffffffff, ABSOLUTE)

    Exec Addr    Load Addr    Size         Type   Attr      Idx    E Section Name        Object

    0x08000000   0x08000000   0x000000b8   Data   RO          820    RESET               startup_stm32g070xx.o
    0x080000b8   0x080000b8   0x00000008   Code   RO          851  * !!!main             c_p.l(__main.o)
    0x080000c0   0x080000c0   0x00000054   Code   RO         1028    !!!scatter          c_p.l(__scatter.o)
    0x08000114   0x08000114   0x0000001a   Code   RO         1032    !!handler_copy      c_p.l(__scatter_copy.o)
    0x0800012e   0x0800012e   0x00000002   PAD
    0x08000130   0x08000130   0x00000002   Code   RO         1029    !!handler_null      c_p.l(__scatter.o)
    0x08000132   0x08000132   0x00000002   PAD
    0x08000134   0x08000134   0x0000001c   Code   RO         1034    !!handler_zi        c_p.l(__scatter_zi.o)
    0x08000150   0x08000150   0x00000002   Code   RO          889    .ARM.Collect$$libinit$$00000000  c_p.l(libinit.o)
    0x08000152   0x08000152   0x00000000   Code   RO          903    .ARM.Collect$$libinit$$00000002  c_p.l(libinit2.o)
    0x08000152   0x08000152   0x00000000   Code   RO          905    .ARM.Collect$$libinit$$00000004  c_p.l(libinit2.o)
    0x08000152   0x08000152   0x00000000   Code   RO          907    .ARM.Collect$$libinit$$00000006  c_p.l(libinit2.o)
    0x08000152   0x08000152   0x00000000   Code   RO          910    .ARM.Collect$$libinit$$0000000C  c_p.l(libinit2.o)
    0x08000152   0x08000152   0x00000000   Code   RO          912    .ARM.Collect$$libinit$$0000000E  c_p.l(libinit2.o)
    0x08000152   0x08000152   0x00000000   Code   RO          914    .ARM.Collect$$libinit$$00000010  c_p.l(libinit2.o)
    0x08000152   0x08000152   0x00000000   Code   RO          917    .ARM.Collect$$libinit$$00000013  c_p.l(libinit2.o)
    0x08000152   0x08000152   0x00000000   Code   RO          919    .ARM.Collect$$libinit$$00000015  c_p.l(libinit2.o)
    0x08000152   0x08000152   0x00000000   Code   RO          921    .ARM.Collect$$libinit$$00000017  c_p.l(libinit2.o)
    0x08000152   0x08000152   0x00000000   Code   RO          923    .ARM.Collect$$libinit$$00000019  c_p.l(libinit2.o)
    0x08000152   0x08000152   0x00000000   Code   RO          925    .ARM.Collect$$libinit$$0000001B  c_p.l(libinit2.o)
    0x08000152   0x08000152   0x00000000   Code   RO          927    .ARM.Collect$$libinit$$0000001D  c_p.l(libinit2.o)
    0x08000152   0x08000152   0x00000000   Code   RO          929    .ARM.Collect$$libinit$$0000001F  c_p.l(libinit2.o)
    0x08000152   0x08000152   0x00000000   Code   RO          931    .ARM.Collect$$libinit$$00000021  c_p.l(libinit2.o)
    0x08000152   0x08000152   0x00000000   Code   RO          933    .ARM.Collect$$libinit$$00000023  c_p.l(libinit2.o)
    0x08000152   0x08000152   0x00000000   Code   RO          935    .ARM.Collect$$libinit$$00000025  c_p.l(libinit2.o)
    0x08000152   0x08000152   0x00000000   Code   RO          937    .ARM.Collect$$libinit$$00000027  c_p.l(libinit2.o)
    0x08000152   0x08000152   0x00000000   Code   RO          941    .ARM.Collect$$libinit$$0000002E  c_p.l(libinit2.o)
    0x08000152   0x08000152   0x00000000   Code   RO          943    .ARM.Collect$$libinit$$00000030  c_p.l(libinit2.o)
    0x08000152   0x08000152   0x00000000   Code   RO          945    .ARM.Collect$$libinit$$00000032  c_p.l(libinit2.o)
    0x08000152   0x08000152   0x00000000   Code   RO          947    .ARM.Collect$$libinit$$00000034  c_p.l(libinit2.o)
    0x08000152   0x08000152   0x00000002   Code   RO          948    .ARM.Collect$$libinit$$00000035  c_p.l(libinit2.o)
    0x08000154   0x08000154   0x00000002   Code   RO          983    .ARM.Collect$$libshutdown$$00000000  c_p.l(libshutdown.o)
    0x08000156   0x08000156   0x00000000   Code   RO         1011    .ARM.Collect$$libshutdown$$00000002  c_p.l(libshutdown2.o)
    0x08000156   0x08000156   0x00000000   Code   RO         1013    .ARM.Collect$$libshutdown$$00000004  c_p.l(libshutdown2.o)
    0x08000156   0x08000156   0x00000000   Code   RO         1016    .ARM.Collect$$libshutdown$$00000007  c_p.l(libshutdown2.o)
    0x08000156   0x08000156   0x00000000   Code   RO         1019    .ARM.Collect$$libshutdown$$0000000A  c_p.l(libshutdown2.o)
    0x08000156   0x08000156   0x00000000   Code   RO         1021    .ARM.Collect$$libshutdown$$0000000C  c_p.l(libshutdown2.o)
    0x08000156   0x08000156   0x00000000   Code   RO         1024    .ARM.Collect$$libshutdown$$0000000F  c_p.l(libshutdown2.o)
    0x08000156   0x08000156   0x00000002   Code   RO         1025    .ARM.Collect$$libshutdown$$00000010  c_p.l(libshutdown2.o)
    0x08000158   0x08000158   0x00000000   Code   RO          853    .ARM.Collect$$rtentry$$00000000  c_p.l(__rtentry.o)
    0x08000158   0x08000158   0x00000000   Code   RO          859    .ARM.Collect$$rtentry$$00000002  c_p.l(__rtentry2.o)
    0x08000158   0x08000158   0x00000006   Code   RO          871    .ARM.Collect$$rtentry$$00000004  c_p.l(__rtentry4.o)
    0x0800015e   0x0800015e   0x00000000   Code   RO          861    .ARM.Collect$$rtentry$$00000009  c_p.l(__rtentry2.o)
    0x0800015e   0x0800015e   0x00000004   Code   RO          862    .ARM.Collect$$rtentry$$0000000A  c_p.l(__rtentry2.o)
    0x08000162   0x08000162   0x00000000   Code   RO          864    .ARM.Collect$$rtentry$$0000000C  c_p.l(__rtentry2.o)
    0x08000162   0x08000162   0x00000008   Code   RO          865    .ARM.Collect$$rtentry$$0000000D  c_p.l(__rtentry2.o)
    0x0800016a   0x0800016a   0x00000002   Code   RO          894    .ARM.Collect$$rtexit$$00000000  c_p.l(rtexit.o)
    0x0800016c   0x0800016c   0x00000000   Code   RO          954    .ARM.Collect$$rtexit$$00000002  c_p.l(rtexit2.o)
    0x0800016c   0x0800016c   0x00000004   Code   RO          955    .ARM.Collect$$rtexit$$00000003  c_p.l(rtexit2.o)
    0x08000170   0x08000170   0x00000006   Code   RO          956    .ARM.Collect$$rtexit$$00000004  c_p.l(rtexit2.o)
    0x08000176   0x08000176   0x00000002   PAD
    0x08000178   0x08000178   0x00000038   Code   RO          821  * .text               startup_stm32g070xx.o
    0x080001b0   0x080001b0   0x0000016c   Code   RO          845    .text               c_p.l(aeabi_sdiv.o)
    0x0800031c   0x0800031c   0x00000006   Code   RO          849    .text               c_p.l(heapauxi.o)
    0x08000322   0x08000322   0x0000003e   Code   RO          875    .text               c_p.l(sys_stackheap_outer.o)
    0x08000360   0x08000360   0x00000010   Code   RO          878    .text               c_p.l(exit.o)
    0x08000370   0x08000370   0x00000008   Code   RO          890    .text               c_p.l(libspace.o)
    0x08000378   0x08000378   0x0000000c   Code   RO          949    .text               c_p.l(sys_exit.o)
    0x08000384   0x08000384   0x00000002   Code   RO          972    .text               c_p.l(use_no_semi.o)
    0x08000386   0x08000386   0x00000000   Code   RO          974    .text               c_p.l(indicate_semi.o)
    0x08000386   0x08000386   0x00000002   PAD
    0x08000388   0x08000388   0x00000080   Code   RO          625    .text.CRC_CVTE_Block  crc.o
    0x08000408   0x08000408   0x00000028   Code   RO          442    .text.Disp_Comm_Handler  disp_comm.o
    0x08000430   0x08000430   0x0000006c   Code   RO          396    .text.Disp_Comm_HeartBeat_Send  disp_comm.o
    0x0800049c   0x0800049c   0x00000010   Code   RO          388    .text.Disp_Comm_HeartBeat_Set_Crc  disp_comm.o
    0x080004ac   0x080004ac   0x00000010   Code   RO          372    .text.Disp_Comm_HeartBeat_Set_Fixed_Fields  disp_comm.o
    0x080004bc   0x080004bc   0x00000010   Code   RO          374    .text.Disp_Comm_HeartBeat_Set_PacketID  disp_comm.o
    0x080004cc   0x080004cc   0x0000001c   Code   RO          370    .text.Disp_Comm_HeartBeat_Struct_Init  disp_comm.o
    0x080004e8   0x080004e8   0x00000190   Code   RO          390    .text.Disp_Comm_Heartbeat_Set_Data  disp_comm.o
    0x08000678   0x08000678   0x0000001a   Code   RO          444    .text.Disp_Comm_Init  disp_comm.o
    0x08000692   0x08000692   0x00000038   Code   RO          404    .text.Disp_Comm_Master_Data_CRC_Stat  disp_comm.o
    0x080006ca   0x080006ca   0x00000002   PAD
    0x080006cc   0x080006cc   0x000000a0   Code   RO          400    .text.Disp_Comm_Master_Data_CRC_Verify  disp_comm.o
    0x0800076c   0x0800076c   0x0000009c   Code   RO          402    .text.Disp_Comm_Master_Data_Extract  disp_comm.o
    0x08000808   0x08000808   0x00000008   Code   RO          406    .text.Disp_Comm_Master_Data_Get_Calculated_Crc  disp_comm.o
    0x08000810   0x08000810   0x00000008   Code   RO          416    .text.Disp_Comm_Master_Data_Get_Header  disp_comm.o
    0x08000818   0x08000818   0x00000008   Code   RO          428    .text.Disp_Comm_Master_Data_Get_IMValveOnCycle  disp_comm.o
    0x08000820   0x08000820   0x00000008   Code   RO          426    .text.Disp_Comm_Master_Data_Get_IMValveOnTime  disp_comm.o
    0x08000828   0x08000828   0x00000008   Code   RO          424    .text.Disp_Comm_Master_Data_Get_IceMaker  disp_comm.o
    0x08000830   0x08000830   0x00000008   Code   RO          418    .text.Disp_Comm_Master_Data_Get_Length  disp_comm.o
    0x08000838   0x08000838   0x00000008   Code   RO          420    .text.Disp_Comm_Master_Data_Get_Mode  disp_comm.o
    0x08000840   0x08000840   0x00000008   Code   RO          408    .text.Disp_Comm_Master_Data_Get_Received_Crc  disp_comm.o
    0x08000848   0x08000848   0x00000008   Code   RO          422    .text.Disp_Comm_Master_Data_Get_WaterDispenser  disp_comm.o
    0x08000850   0x08000850   0x00000068   Code   RO          398    .text.Disp_Comm_Master_Data_Struct_Init  disp_comm.o
    0x080008b8   0x080008b8   0x00000140   Code   RO          394    .text.Disp_Comm_Print_Heartbeat_Send_Data  disp_comm.o
    0x080009f8   0x080009f8   0x0000012c   Code   RO          432    .text.Disp_Comm_Print_Master_Rec_Data  disp_comm.o
    0x08000b24   0x08000b24   0x00000040   Code   RO          440    .text.Disp_Comm_Update_HBUpdate_Byte  disp_comm.o
    0x08000b64   0x08000b64   0x0000000c   Code   RO          368    .text.Disp_Comm_Variable_Init  disp_comm.o
    0x08000b70   0x08000b70   0x0000000c   Code   RO          790    .text.Disp_Config_Ice_Tray_on_User_Config_Rotation  user_config.o
    0x08000b7c   0x08000b7c   0x0000000c   Code   RO          352    .text.Disp_UART_Clear_Data_Available_Flag  disp.o
    0x08000b88   0x08000b88   0x00000024   Code   RO          248    .text.Disp_UART_Clock_Init  disp.o
    0x08000bac   0x08000bac   0x0000000c   Code   RO          272    .text.Disp_UART_Counter_Reset  disp.o
    0x08000bb8   0x08000bb8   0x00000008   Code   RO          350    .text.Disp_UART_Data_Available  disp.o
    0x08000bc0   0x08000bc0   0x00000044   Code   RO          356    .text.Disp_UART_Data_Copy_Buf  disp.o
    0x08000c04   0x08000c04   0x00000038   Code   RO          346    .text.Disp_UART_Flush_Buf  disp.o
    0x08000c3c   0x08000c3c   0x0000007c   Code   RO          246    .text.Disp_UART_GPIO_Init  disp.o
    0x08000cb8   0x08000cb8   0x00000014   Code   RO          348    .text.Disp_UART_Get_Buf  disp.o
    0x08000ccc   0x08000ccc   0x00000008   Code   RO          276    .text.Disp_UART_Get_Buf_Index  disp.o
    0x08000cd4   0x08000cd4   0x00000008   Code   RO          354    .text.Disp_UART_Get_Data_Len  disp.o
    0x08000cdc   0x08000cdc   0x0000002c   Code   RO          278    .text.Disp_UART_Init  disp.o
    0x08000d08   0x08000d08   0x00000024   Code   RO          254    .text.Disp_UART_RX_Config  disp.o
    0x08000d2c   0x08000d2c   0x0000002c   Code   RO          256    .text.Disp_UART_RX_Int_Config  disp.o
    0x08000d58   0x08000d58   0x00000054   Code   RO          250    .text.Disp_UART_Set_BAUD_Rate  disp.o
    0x08000dac   0x08000dac   0x00000074   Code   RO          244    .text.Disp_UART_Struct_Init  disp.o
    0x08000e20   0x08000e20   0x00000028   Code   RO          252    .text.Disp_UART_TX_Config  disp.o
    0x08000e48   0x08000e48   0x00000014   Code   RO          266    .text.Disp_UART_Timer_Disable  disp.o
    0x08000e5c   0x08000e5c   0x00000018   Code   RO          264    .text.Disp_UART_Timer_Enable  disp.o
    0x08000e74   0x08000e74   0x00000070   Code   RO          262    .text.Disp_UART_Timer_Init  disp.o
    0x08000ee4   0x08000ee4   0x0000003c   Code   RO          280    .text.Disp_UART_Transmit_Byte  disp.o
    0x08000f20   0x08000f20   0x0000003c   Code   RO          284    .text.Disp_UART_Tx_Buf  disp.o
    0x08000f5c   0x08000f5c   0x00000010   Code   RO          713    .text.GET_ICE_MAKER_AFTER_VALVE_TIME  parameter.o
    0x08000f6c   0x08000f6c   0x00000014   Code   RO          725    .text.GET_ICE_MAKER_HEATER_RUN_TIME  parameter.o
    0x08000f80   0x08000f80   0x00000010   Code   RO          715    .text.GET_ICE_MAKER_IC_FULL_WAIT_TIME  parameter.o
    0x08000f90   0x08000f90   0x00000010   Code   RO          717    .text.GET_ICE_MAKER_SET_ICE_TEMP  parameter.o
    0x08000fa0   0x08000fa0   0x00000010   Code   RO          711    .text.GET_ICE_MAKER_VALVE_OFF_TIME  parameter.o
    0x08000fb0   0x08000fb0   0x0000000c   Code   RO          709    .text.GET_ICE_MAKER_VALVE_ON_CYCLE  parameter.o
    0x08000fbc   0x08000fbc   0x0000000c   Code   RO          707    .text.GET_ICE_MAKER_VALVE_ON_TIME  parameter.o
    0x08000fc8   0x08000fc8   0x00000010   Code   RO          729    .text.GET_WATER_DISPENSER_LOW_WATER_FILL_TIME_SEC  parameter.o
    0x08000fd8   0x08000fd8   0x00000010   Code   RO          727    .text.GET_WATER_DISPENSER_MID_WATER_FILL_TIME_SEC  parameter.o
    0x08000fe8   0x08000fe8   0x00000008   Code   RO          780    .text.GlobalVars_Clear_Start_Flag  glvars.o
    0x08000ff0   0x08000ff0   0x00000008   Code   RO          764    .text.GlobalVars_Get_Curr_Thread  glvars.o
    0x08000ff8   0x08000ff8   0x00000008   Code   RO          776    .text.GlobalVars_Get_Start_Flag  glvars.o
    0x08001000   0x08001000   0x00000008   Code   RO          770    .text.GlobalVars_Get_Thread_Function  glvars.o
    0x08001008   0x08001008   0x0000000c   Code   RO          766    .text.GlobalVars_Inc_Curr_Thread  glvars.o
    0x08001014   0x08001014   0x0000000c   Code   RO          772    .text.GlobalVars_Inc_Thread_Function  glvars.o
    0x08001020   0x08001020   0x00000008   Code   RO          768    .text.GlobalVars_Reset_Curr_Thread  glvars.o
    0x08001028   0x08001028   0x00000008   Code   RO          774    .text.GlobalVars_Reset_Thread_Function  glvars.o
    0x08001030   0x08001030   0x0000000c   Code   RO          778    .text.GlobalVars_Set_Start_Flag  glvars.o
    0x0800103c   0x0800103c   0x0000006c   Code   RO          106    .text.Ice_Maker_CCW_End_Detection  icemaker.o
    0x080010a8   0x080010a8   0x000001f4   Code   RO          120    .text.Ice_Maker_Config_Rotation  icemaker.o
    0x0800129c   0x0800129c   0x0000026c   Code   RO          128    .text.Ice_Maker_Debug_Data  icemaker.o
    0x08001508   0x08001508   0x00000024   Code   RO          146    .text.Ice_Maker_Disp_Comm_Based_Ice_Maker_Handler  icemaker.o
    0x0800152c   0x0800152c   0x00000054   Code   RO          140    .text.Ice_Maker_Disp_Comm_Based_Ice_Maker_Mode  icemaker.o
    0x08001580   0x08001580   0x00000028   Code   RO          136    .text.Ice_Maker_Disp_Comm_Based_Ice_Maker_Mode_Update_For_Heartbeat_Data  icemaker.o
    0x080015a8   0x080015a8   0x00000038   Code   RO          142    .text.Ice_Maker_Disp_Comm_Based_Update_Ice_Container_Full_Status_Bit  icemaker.o
    0x080015e0   0x080015e0   0x00000040   Code   RO          144    .text.Ice_Maker_Disp_Comm_Based_Update_NTC_Error_Bit  icemaker.o
    0x08001620   0x08001620   0x00000020   Code   RO          132    .text.Ice_Maker_Get_Temperature_Value  icemaker.o
    0x08001640   0x08001640   0x00000054   Code   RO           84    .text.Ice_Maker_Hall_Feedback_Checker_RT  icemaker.o
    0x08001694   0x08001694   0x0000002c   Code   RO           82    .text.Ice_Maker_Hall_Feedback_checker  icemaker.o
    0x080016c0   0x080016c0   0x00000050   Code   RO          138    .text.Ice_Maker_IM_On_Operation  icemaker.o
    0x08001710   0x08001710   0x0000008c   Code   RO           72    .text.Ice_Maker_IM_Struct_Init  icemaker.o
    0x0800179c   0x0800179c   0x0000013c   Code   RO          134    .text.Ice_Maker_Ice_Making_Operation  icemaker.o
    0x080018d8   0x080018d8   0x00000028   Code   RO          100    .text.Ice_Maker_Ice_Temp_Check  icemaker.o
    0x08001900   0x08001900   0x0000000c   Code   RO          122    .text.Ice_Maker_Ice_Tray_On_Config_Rotation  icemaker.o
    0x0800190c   0x0800190c   0x00000008   Code   RO          126    .text.Ice_Maker_Ice_Tray_On_Operation  icemaker.o
    0x08001914   0x08001914   0x000001f8   Code   RO          124    .text.Ice_Maker_Ice_Tray_Rotation  icemaker.o
    0x08001b0c   0x08001b0c   0x000001f8   Code   RO          114    .text.Ice_Maker_Ice_Tray_Rotation_Init  icemaker.o
    0x08001d04   0x08001d04   0x000000fc   Code   RO           76    .text.Ice_Maker_Init  icemaker.o
    0x08001e00   0x08001e00   0x00000028   Code   RO          112    .text.Ice_Maker_Init_Rotation_Reset  icemaker.o
    0x08001e28   0x08001e28   0x00000010   Code   RO          116    .text.Ice_Maker_Module_Flag_Reset  icemaker.o
    0x08001e38   0x08001e38   0x00000080   Code   RO           78    .text.Ice_Maker_Motor_Control  icemaker.o
    0x08001eb8   0x08001eb8   0x00000014   Code   RO          118    .text.Ice_Maker_Reset_All_Parameter  icemaker.o
    0x08001ecc   0x08001ecc   0x00000070   Code   RO          110    .text.Ice_Maker_Reset_All_Parmaeters  icemaker.o
    0x08001f3c   0x08001f3c   0x00000010   Code   RO           86    .text.Ice_Maker_Reset_Hall_Feedback  icemaker.o
    0x08001f4c   0x08001f4c   0x00000054   Code   RO          102    .text.Ice_Maker_Test_Button  icemaker.o
    0x08001fa0   0x08001fa0   0x0000009c   Code   RO           90    .text.Ice_Maker_Time_Based_Heater_Config  icemaker.o
    0x0800203c   0x0800203c   0x000000f8   Code   RO           96    .text.Ice_Maker_Valve_Config  icemaker.o
    0x08002134   0x08002134   0x00000010   Code   RO           94    .text.Ice_Maker_Valve_Off  icemaker.o
    0x08002144   0x08002144   0x00000014   Code   RO           92    .text.Ice_Maker_Valve_On  icemaker.o
    0x08002158   0x08002158   0x00000018   Code   RO          230    .text.LPF_Get_Alpha  iirlpf.o
    0x08002170   0x08002170   0x0000007c   Code   RO          232    .text.LPF_Get_Filtered_Value  iirlpf.o
    0x080021ec   0x080021ec   0x00000008   Code   RO          234    .text.LPF_Init      iirlpf.o
    0x080021f4   0x080021f4   0x00000020   Code   RO          228    .text.LPF_Set_Alpha  iirlpf.o
    0x08002214   0x08002214   0x0000004c   Code   RO          226    .text.LPF_Struct_Init  iirlpf.o
    0x08002260   0x08002260   0x000002f8   Code   RO          207    .text.NTC_Calculate_Single_Sample  ntc.o
    0x08002558   0x08002558   0x0000001c   Code   RO          211    .text.NTC_Get_Temperature  ntc.o
    0x08002574   0x08002574   0x00000120   Code   RO          201    .text.NTC_Sensor_ADC_Init  ntc.o
    0x08002694   0x08002694   0x00000030   Code   RO          199    .text.NTC_Sensor_GPIO_Init  ntc.o
    0x080026c4   0x080026c4   0x00000042   Code   RO          215    .text.NTC_Sensor_Init  ntc.o
    0x08002706   0x08002706   0x00000002   PAD
    0x08002708   0x08002708   0x00000038   Code   RO          205    .text.NTC_Sensor_Reading  ntc.o
    0x08002740   0x08002740   0x00000044   Code   RO          197    .text.NTC_Struct_Init  ntc.o
    0x08002784   0x08002784   0x00000028   Code   RO          705    .text.Parameter_Get_Disp_Comm_Val  parameter.o
    0x080027ac   0x080027ac   0x00000018   Code   RO          703    .text.Parameter_Init  parameter.o
    0x080027c4   0x080027c4   0x00000058   Code   RO          750    .text.Print_All_Debug_Data  debug_parameter.o
    0x0800281c   0x0800281c   0x0000006c   Code   RO          203    .text.Read_ADC      ntc.o
    0x08002888   0x08002888   0x00000002   Code   RO          828    .text.SystemInit    system_stm32g0xx.o
    0x0800288a   0x0800288a   0x00000002   PAD
    0x0800288c   0x0800288c   0x00000048   Code   RO          274    .text.TIM14_IRQHandler  disp.o
    0x080028d4   0x080028d4   0x000001a4   Code   RO           74    .text.TIM1_BRK_UP_TRG_COM_IRQHandler  icemaker.o
    0x08002a78   0x08002a78   0x00000024   Code   RO          614    .text.TIM3_IRQHandler  timebase.o
    0x08002a9c   0x08002a9c   0x00000004   Code   RO          468    .text.Timebase_Atomic_Operation_End  timebase.o
    0x08002aa0   0x08002aa0   0x00000004   Code   RO          466    .text.Timebase_Atomic_Operation_Start  timebase.o
    0x08002aa4   0x08002aa4   0x00000014   Code   RO          578    .text.Timebase_DownCounter_Clear_All_Flags  timebase.o
    0x08002ab8   0x08002ab8   0x00000020   Code   RO          574    .text.Timebase_DownCounter_Clear_Period_Flag  timebase.o
    0x08002ad8   0x08002ad8   0x00000036   Code   RO          592    .text.Timebase_DownCounter_Expired_Event  timebase.o
    0x08002b0e   0x08002b0e   0x00000002   PAD
    0x08002b10   0x08002b10   0x00000018   Code   RO          562    .text.Timebase_DownCounter_Get_EndValue  timebase.o
    0x08002b28   0x08002b28   0x0000001c   Code   RO          554    .text.Timebase_DownCounter_Get_Status  timebase.o
    0x08002b44   0x08002b44   0x00000018   Code   RO          558    .text.Timebase_DownCounter_Get_Value  timebase.o
    0x08002b5c   0x08002b5c   0x00000036   Code   RO          576    .text.Timebase_DownCounter_Reset  timebase.o
    0x08002b92   0x08002b92   0x0000002e   Code   RO          604    .text.Timebase_DownCounter_Reset_All  timebase.o
    0x08002bc0   0x08002bc0   0x00000014   Code   RO          526    .text.Timebase_DownCounter_SS_Clear_All_Flags  timebase.o
    0x08002bd4   0x08002bd4   0x00000020   Code   RO          522    .text.Timebase_DownCounter_SS_Clear_Period_Flag  timebase.o
    0x08002bf4   0x08002bf4   0x00000036   Code   RO          540    .text.Timebase_DownCounter_SS_Expired_Event  timebase.o
    0x08002c2a   0x08002c2a   0x00000002   PAD
    0x08002c2c   0x08002c2c   0x00000018   Code   RO          506    .text.Timebase_DownCounter_SS_Get_EndValueSec  timebase.o
    0x08002c44   0x08002c44   0x00000018   Code   RO          508    .text.Timebase_DownCounter_SS_Get_EndValueSubSec  timebase.o
    0x08002c5c   0x08002c5c   0x00000018   Code   RO          514    .text.Timebase_DownCounter_SS_Get_PeriodValue  timebase.o
    0x08002c74   0x08002c74   0x00000020   Code   RO          518    .text.Timebase_DownCounter_SS_Get_Period_Flag  timebase.o
    0x08002c94   0x08002c94   0x0000003a   Code   RO          544    .text.Timebase_DownCounter_SS_Get_Remaining_Period_Value  timebase.o
    0x08002cce   0x08002cce   0x00000002   PAD
    0x08002cd0   0x08002cd0   0x00000020   Code   RO          498    .text.Timebase_DownCounter_SS_Get_Status  timebase.o
    0x08002cf0   0x08002cf0   0x00000018   Code   RO          502    .text.Timebase_DownCounter_SS_Get_Value  timebase.o
    0x08002d08   0x08002d08   0x0000003c   Code   RO          546    .text.Timebase_DownCounter_SS_Period_Value_Expired  timebase.o
    0x08002d44   0x08002d44   0x00000036   Code   RO          548    .text.Timebase_DownCounter_SS_Period_Value_Expired_Event  timebase.o
    0x08002d7a   0x08002d7a   0x00000040   Code   RO          524    .text.Timebase_DownCounter_SS_Reset  timebase.o
    0x08002dba   0x08002dba   0x0000002e   Code   RO          552    .text.Timebase_DownCounter_SS_Reset_All  timebase.o
    0x08002de8   0x08002de8   0x0000001c   Code   RO          510    .text.Timebase_DownCounter_SS_Set_EndValueSec  timebase.o
    0x08002e04   0x08002e04   0x0000001c   Code   RO          512    .text.Timebase_DownCounter_SS_Set_EndValueSubSec  timebase.o
    0x08002e20   0x08002e20   0x00000022   Code   RO          534    .text.Timebase_DownCounter_SS_Set_Forcefully  timebase.o
    0x08002e42   0x08002e42   0x00000002   PAD
    0x08002e44   0x08002e44   0x00000040   Code   RO          516    .text.Timebase_DownCounter_SS_Set_PeriodValue  timebase.o
    0x08002e84   0x08002e84   0x00000024   Code   RO          520    .text.Timebase_DownCounter_SS_Set_Period_Flag  timebase.o
    0x08002ea8   0x08002ea8   0x0000003e   Code   RO          542    .text.Timebase_DownCounter_SS_Set_Period_Value_Securely  timebase.o
    0x08002ee6   0x08002ee6   0x00000002   PAD
    0x08002ee8   0x08002ee8   0x000000ac   Code   RO          532    .text.Timebase_DownCounter_SS_Set_Securely  timebase.o
    0x08002f94   0x08002f94   0x00000034   Code   RO          500    .text.Timebase_DownCounter_SS_Set_Status  timebase.o
    0x08002fc8   0x08002fc8   0x00000020   Code   RO          504    .text.Timebase_DownCounter_SS_Set_Value  timebase.o
    0x08002fe8   0x08002fe8   0x00000026   Code   RO          528    .text.Timebase_DownCounter_SS_Start  timebase.o
    0x0800300e   0x0800300e   0x00000002   PAD
    0x08003010   0x08003010   0x000000f0   Code   RO          536    .text.Timebase_DownCounter_SS_Update  timebase.o
    0x08003100   0x08003100   0x0000002e   Code   RO          550    .text.Timebase_DownCounter_SS_Update_All  timebase.o
    0x0800312e   0x0800312e   0x00000002   PAD
    0x08003130   0x08003130   0x0000001c   Code   RO          564    .text.Timebase_DownCounter_Set_EndValue  timebase.o
    0x0800314c   0x0800314c   0x00000048   Code   RO          584    .text.Timebase_DownCounter_Set_Securely  timebase.o
    0x08003194   0x08003194   0x00000038   Code   RO          556    .text.Timebase_DownCounter_Set_Status  timebase.o
    0x080031cc   0x080031cc   0x00000020   Code   RO          560    .text.Timebase_DownCounter_Set_Value  timebase.o
    0x080031ec   0x080031ec   0x00000026   Code   RO          580    .text.Timebase_DownCounter_Start  timebase.o
    0x08003212   0x08003212   0x0000008c   Code   RO          588    .text.Timebase_DownCounter_Update  timebase.o
    0x0800329e   0x0800329e   0x0000002e   Code   RO          602    .text.Timebase_DownCounter_Update_All  timebase.o
    0x080032cc   0x080032cc   0x0000004c   Code   RO          612    .text.Timebase_ISR_Executables  timebase.o
    0x08003318   0x08003318   0x0000001e   Code   RO          608    .text.Timebase_Init  timebase.o
    0x08003336   0x08003336   0x00000002   PAD
    0x08003338   0x08003338   0x00000060   Code   RO          610    .text.Timebase_Main_Loop_Executables  timebase.o
    0x08003398   0x08003398   0x0000000c   Code   RO          606    .text.Timebase_Reset  timebase.o
    0x080033a4   0x080033a4   0x0000011c   Code   RO          458    .text.Timebase_Struct_Init  timebase.o
    0x080034c0   0x080034c0   0x00000070   Code   RO          460    .text.Timebase_Timer_Config  timebase.o
    0x08003530   0x08003530   0x0000008c   Code   RO          484    .text.Timebase_Timer_Delay_SubSeconds  timebase.o
    0x080035bc   0x080035bc   0x0000000c   Code   RO          476    .text.Timebase_Timer_Get_Seconds  timebase.o
    0x080035c8   0x080035c8   0x00000008   Code   RO          472    .text.Timebase_Timer_Get_SecondsShadow  timebase.o
    0x080035d0   0x080035d0   0x00000008   Code   RO          474    .text.Timebase_Timer_Get_SubSeconds  timebase.o
    0x080035d8   0x080035d8   0x00000008   Code   RO          470    .text.Timebase_Timer_Get_SubSecondsShadow  timebase.o
    0x080035e0   0x080035e0   0x0000003c   Code   RO          482    .text.Timebase_Timer_Sync_With_Shadow_Variables  timebase.o
    0x0800361c   0x0800361c   0x00000044   Code   RO          492    .text.Timebase_Window_Timer_Start  timebase.o
    0x08003660   0x08003660   0x00000014   Code   RO           14    .text.UART_Clock_Init  uart.o
    0x08003674   0x08003674   0x00000064   Code   RO           36    .text.UART_Determine_Digit_Numbers  uart.o
    0x080036d8   0x080036d8   0x0000008c   Code   RO           12    .text.UART_GPIO_Init  uart.o
    0x08003764   0x08003764   0x0000001c   Code   RO           22    .text.UART_Init     uart.o
    0x08003780   0x08003780   0x00000020   Code   RO           44    .text.UART_PrintfD_NL  uart.o
    0x080037a0   0x080037a0   0x00000034   Code   RO           50    .text.UART_PrintfNL  uart.o
    0x080037d4   0x080037d4   0x00000044   Code   RO           16    .text.UART_Set_BAUD_Rate  uart.o
    0x08003818   0x08003818   0x00000028   Code   RO           18    .text.UART_TX_Config  uart.o
    0x08003840   0x08003840   0x0000003c   Code   RO           24    .text.UART_Transmit_Byte  uart.o
    0x0800387c   0x0800387c   0x0000002a   Code   RO           40    .text.UART_Transmit_Number  uart.o
    0x080038a6   0x080038a6   0x00000002   PAD
    0x080038a8   0x080038a8   0x00000050   Code   RO           38    .text.UART_Transmit_Number_Digits  uart.o
    0x080038f8   0x080038f8   0x00000038   Code   RO           34    .text.UART_Transmit_Text  uart.o
    0x08003930   0x08003930   0x00000068   Code   RO          282    .text.USART1_IRQHandler  disp.o
    0x08003998   0x08003998   0x00000028   Code   RO          802    .text.User_Config_Configure_Window_Feedback  user_config.o
    0x080039c0   0x080039c0   0x000000a8   Code   RO          792    .text.User_Config_Disp_Ice_Maker_Ice_Tray_Rotation  user_config.o
    0x08003a68   0x08003a68   0x00000098   Code   RO          798    .text.User_Config_Disp_Ice_Maker_Valve_On_Off  user_config.o
    0x08003b00   0x08003b00   0x00000014   Code   RO          806    .text.User_Config_Ice_Maker_Handler  user_config.o
    0x08003b14   0x08003b14   0x00000030   Code   RO          796    .text.User_Config_Send_IM_Motor_Feedback  user_config.o
    0x08003b44   0x08003b44   0x00000040   Code   RO          804    .text.User_Config_User_In_Configuration_Mode  user_config.o
    0x08003b84   0x08003b84   0x0000002e   Code   RO          800    .text.User_Config_User_in_Configuration_Window  user_config.o
    0x08003bb2   0x08003bb2   0x00000002   PAD
    0x08003bb4   0x08003bb4   0x0000000c   Code   RO          794    .text.User_Config_Valve_on_User_Config  user_config.o
    0x08003bc0   0x08003bc0   0x00000014   Code   RO          673    .text.Water_Dispenser_AC_And_DC_Valve_Off  water_dispenser.o
    0x08003bd4   0x08003bd4   0x00000014   Code   RO          671    .text.Water_Dispenser_AC_And_DC_Valve_On  water_dispenser.o
    0x08003be8   0x08003be8   0x00000010   Code   RO          669    .text.Water_Dispenser_AC_Valve_Off  water_dispenser.o
    0x08003bf8   0x08003bf8   0x00000014   Code   RO          667    .text.Water_Dispenser_AC_Valve_On  water_dispenser.o
    0x08003c0c   0x08003c0c   0x0000000c   Code   RO          665    .text.Water_Dispenser_DC_Valve_Off  water_dispenser.o
    0x08003c18   0x08003c18   0x00000010   Code   RO          663    .text.Water_Dispenser_DC_Valve_On  water_dispenser.o
    0x08003c28   0x08003c28   0x00000010   Code   RO          649    .text.Water_Dispenser_DeLED_High  water_dispenser.o
    0x08003c38   0x08003c38   0x00000010   Code   RO          651    .text.Water_Dispenser_DeLED_Low  water_dispenser.o
    0x08003c48   0x08003c48   0x00000030   Code   RO          653    .text.Water_Dispenser_DeLED_Toggle  water_dispenser.o
    0x08003c78   0x08003c78   0x00000080   Code   RO          687    .text.Water_Dispenser_Debug_Data  water_dispenser.o
    0x08003cf8   0x08003cf8   0x000000d8   Code   RO          661    .text.Water_Dispenser_Disp_Based_DeLED_Control  water_dispenser.o
    0x08003dd0   0x08003dd0   0x00000144   Code   RO          681    .text.Water_Dispenser_Disp_Based_Valve_Control  water_dispenser.o
    0x08003f14   0x08003f14   0x00000026   Code   RO          677    .text.Water_Dispenser_Disp_Command  water_dispenser.o
    0x08003f3a   0x08003f3a   0x00000002   PAD
    0x08003f3c   0x08003f3c   0x000000a4   Code   RO          639    .text.Water_Dispenser_Gpio_Init  water_dispenser.o
    0x08003fe0   0x08003fe0   0x00000010   Code   RO          685    .text.Water_Dispenser_Handler  water_dispenser.o
    0x08003ff0   0x08003ff0   0x0000000c   Code   RO          659    .text.Water_Dispenser_Init  water_dispenser.o
    0x08003ffc   0x08003ffc   0x00000038   Code   RO          641    .text.Water_Dispenser_Lever_Input  water_dispenser.o
    0x08004034   0x08004034   0x0000004c   Code   RO          645    .text.Water_Dispenser_Lever_Input_Rising_Edge  water_dispenser.o
    0x08004080   0x08004080   0x0000000c   Code   RO          647    .text.Water_Dispenser_Lever_Input_Rising_Edge_Reset  water_dispenser.o
    0x0800408c   0x0800408c   0x00000008   Code   RO          675    .text.Water_Dispenser_Reset_Water_Level_Selection  water_dispenser.o
    0x08004094   0x08004094   0x000000aa   Code   RO          683    .text.Water_Dispenser_Send_Filter_Status  water_dispenser.o
    0x0800413e   0x0800413e   0x00000002   PAD
    0x08004140   0x08004140   0x00000014   Code   RO          657    .text.Water_Dispenser_Variable_Init  water_dispenser.o
    0x08004154   0x08004154   0x000000b8   Code   RO          679    .text.Water_Dispenser_Water_Level_Selection  water_dispenser.o
    0x0800420c   0x0800420c   0x00000028   Code   RO          165    .text.__NVIC_EnableIRQ  timer.o
    0x08004234   0x08004234   0x00000028   Code   RO          258    .text.__NVIC_EnableIRQ  disp.o
    0x0800425c   0x0800425c   0x0000002c   Code   RO          462    .text.__NVIC_EnableIRQ  timebase.o
    0x08004288   0x08004288   0x0000007c   Code   RO          163    .text.__NVIC_SetPriority  timer.o
    0x08004304   0x08004304   0x0000007c   Code   RO          260    .text.__NVIC_SetPriority  disp.o
    0x08004380   0x08004380   0x00000084   Code   RO          464    .text.__NVIC_SetPriority  timebase.o
    0x08004404   0x08004404   0x0000009c   Code   RO            2    .text.main          main.o
    0x080044a0   0x080044a0   0x000000b8   Code   RO          161    .text.timer_Init    timer.o
    0x08004558   0x08004558   0x0000000b   Data   RO            4    .rodata.str1.1      main.o
    0x08004563   0x08004563   0x000001ba   Data   RO          150    .rodata.str1.1      icemaker.o
    0x0800471d   0x0800471d   0x000000f4   Data   RO          448    .rodata.str1.1      disp_comm.o
    0x08004811   0x08004811   0x00000036   Data   RO          695    .rodata.str1.1      water_dispenser.o
    0x08004847   0x08004847   0x00000001   PAD
    0x08004848   0x08004848   0x00000020   Data   RO         1027    Region$$Table       anon$$obj.o


    Execution Region ER_RW (Exec base: 0x20000000, Load base: 0x08004868, Size: 0x0000002c, Max: 0xffffffff, ABSOLUTE)

    Exec Addr    Load Addr    Size         Type   Attr      Idx    E Section Name        Object

    0x20000000   0x08004868   0x00000005   Data   RW          217    .data.ADC_Channel   ntc.o
    0x20000005   0x0800486d   0x00000001   PAD
    0x20000006   0x0800486e   0x00000020   Data   RW          631    .data.CRC_CVTE_CrcTable  crc.o
    0x20000026   0x0800488e   0x00000002   PAD
    0x20000028   0x08004890   0x00000004   Data   RW          832    .data.SystemCoreClock  system_stm32g0xx.o


    Execution Region ER_ZI (Exec base: 0x20000030, Load base: 0x08004894, Size: 0x000009e8, Max: 0xffffffff, ABSOLUTE)

    Exec Addr    Load Addr    Size         Type   Attr      Idx    E Section Name        Object

    0x20000030        -       0x00000060   Zero   RW          891    .bss                c_p.l(libspace.o)
    0x20000090        -       0x00000004   Zero   RW          782    .bss.DebugThread    glvars.o
    0x20000094        -       0x0000008d   Zero   RW          360    .bss.DispUart       disp.o
    0x20000121        -       0x00000001   Zero   RW          809    .bss.Disp_conf_im_on_disp_conf_rotation  user_config.o
    0x20000122        -       0x00000001   Zero   RW          446    .bss.HB_update_packet_id  disp_comm.o
    0x20000123   0x08004894   0x00000001   PAD
    0x20000124        -       0x0000000e   Zero   RW          447    .bss.HeartBeat      disp_comm.o
    0x20000132   0x08004894   0x00000002   PAD
    0x20000134        -       0x0000003c   Zero   RW          148    .bss.IM             icemaker.o
    0x20000170        -       0x00000001   Zero   RW          153    .bss.IM_on_conf_rotation  icemaker.o
    0x20000171        -       0x00000001   Zero   RW          152    .bss.IM_rotation_busy  icemaker.o
    0x20000172   0x08004894   0x00000002   PAD
    0x20000174        -       0x00000004   Zero   RW          734    .bss.Ice_maker_after_valve_time  parameter.o
    0x20000178        -       0x00000004   Zero   RW          735    .bss.Ice_maker_ic_full_wait_time  parameter.o
    0x2000017c        -       0x00000004   Zero   RW          736    .bss.Ice_maker_set_ice_temp  parameter.o
    0x20000180        -       0x00000002   Zero   RW          732    .bss.Ice_maker_valve_on_cycle  parameter.o
    0x20000182   0x08004894   0x00000002   PAD
    0x20000184        -       0x0000000c   Zero   RW          236    .bss.LPF            iirlpf.o
    0x20000190        -       0x00000001   Zero   RW          691    .bss.Lever_Fb       water_dispenser.o
    0x20000191        -       0x00000001   Zero   RW          692    .bss.Lever_low_state  water_dispenser.o
    0x20000192        -       0x00000001   Zero   RW          693    .bss.Lever_rising_edge_stat  water_dispenser.o
    0x20000193   0x08004894   0x00000001   PAD
    0x20000194        -       0x00000090   Zero   RW          450    .bss.MasterData     disp_comm.o
    0x20000224        -       0x00000030   Zero   RW          218    .bss.NTC            ntc.o
    0x20000254        -       0x00000004   Zero   RW          617    .bss.Timebase       timebase.o
    0x20000258        -       0x00000001   Zero   RW          151    .bss.Timebase_startup_temp  icemaker.o
    0x20000259   0x08004894   0x00000003   PAD
    0x2000025c        -       0x00000170   Zero   RW          616    .bss.Timebase_type  timebase.o
    0x200003cc        -       0x0000002b   Zero   RW           62    .bss.UART           uart.o
    0x200003f7        -       0x00000001   Zero   RW          811    .bss.UC_valve_turned_off  user_config.o
    0x200003f8        -       0x00000001   Zero   RW          808    .bss.User_config_im_reset_flag  user_config.o
    0x200003f9   0x08004894   0x00000001   PAD
    0x200003fa        -       0x00000002   Zero   RW          733    .bss.Valve_off_time  parameter.o
    0x200003fc        -       0x00000002   Zero   RW          731    .bss.Valve_on_time  parameter.o
    0x200003fe        -       0x00000001   Zero   RW          810    .bss.Valve_on_user_config  user_config.o
    0x200003ff        -       0x00000001   Zero   RW          694    .bss.Water_disp_water_level  water_dispenser.o
    0x20000400        -       0x00000001   Zero   RW          690    .bss.Water_dispenser_AC_DC_valve_state  water_dispenser.o
    0x20000401        -       0x00000001   Zero   RW          742    .bss.Water_dispenser_low_water_level_time_sec  parameter.o
    0x20000402        -       0x00000001   Zero   RW          741    .bss.Water_dispenser_mid_water_level_time_sec  parameter.o
    0x20000403        -       0x0000000e   Zero   RW          449    .bss.heartbeat_data  disp_comm.o
    0x20000411   0x08004894   0x00000001   PAD
    0x20000412        -       0x00000002   Zero   RW          740    .bss.heater_run_time  parameter.o
    0x20000414        -       0x00000001   Zero   RW          689    .bss.lever_released_flag  water_dispenser.o
    0x20000415   0x08004894   0x00000003   PAD
    0x20000418        -       0x00000200   Zero   RW          819    HEAP                startup_stm32g070xx.o
    0x20000618        -       0x00000400   Zero   RW          818    STACK               startup_stm32g070xx.o


==============================================================================

Image component sizes


      Code (inc. data)   RO Data    RW Data    ZI Data      Debug   Object Name

       128          8          0         32          0       1404   crc.o
        88          0          0          0          0        427   debug_parameter.o
      1332        100          0          0        141      12625   disp.o
      1894         92        244          0        173       8576   disp_comm.o
        84          4          0          0          4       1813   glvars.o
      4800        248        442          0         63      12191   icemaker.o
       264          4          0          0         12       1540   iirlpf.o
       156         16         11          0          0        561   main.o
      1422        180          0          5         48       4555   ntc.o
       204         44          0          0         22       2569   parameter.o
        56         26        184          0       1536        672   startup_stm32g070xx.o
         2          0          0          4          0       1991   system_stm32g0xx.o
      3208         84          0          0        372      19033   timebase.o
       348         24          0          0          0       3902   timer.o
       718         52          0          0         43       7133   uart.o
       562         20          0          0          4       2140   user_config.o
      1608         92         54          0          6       5855   water_dispenser.o

    ----------------------------------------------------------------------
     16904        994        968         44       2440      86987   Object Totals
         0          0         32          0          0          0   (incl. Generated)
        30          0          1          3         16          0   (incl. Padding)

    ----------------------------------------------------------------------

      Code (inc. data)   RO Data    RW Data    ZI Data      Debug   Library Member Name

         8          0          0          0          0         68   __main.o
         0          0          0          0          0          0   __rtentry.o
        12          0          0          0          0          0   __rtentry2.o
         6          0          0          0          0          0   __rtentry4.o
        86         10          0          0          0          0   __scatter.o
        26          0          0          0          0          0   __scatter_copy.o
        28          0          0          0          0          0   __scatter_zi.o
       364          4          0          0          0         92   aeabi_sdiv.o
        16          0          0          0          0         68   exit.o
         6          0          0          0          0        136   heapauxi.o
         0          0          0          0          0          0   indicate_semi.o
         2          0          0          0          0          0   libinit.o
         2          0          0          0          0          0   libinit2.o
         2          0          0          0          0          0   libshutdown.o
         2          0          0          0          0          0   libshutdown2.o
         8          4          0          0         96         68   libspace.o
         2          0          0          0          0          0   rtexit.o
        10          0          0          0          0          0   rtexit2.o
        12          4          0          0          0         60   sys_exit.o
        62          0          0          0          0         80   sys_stackheap_outer.o
         2          0          0          0          0         68   use_no_semi.o

    ----------------------------------------------------------------------
       664         22          0          0         96        640   Library Totals
         8          0          0          0          0          0   (incl. Padding)

    ----------------------------------------------------------------------

      Code (inc. data)   RO Data    RW Data    ZI Data      Debug   Library Name

       656         22          0          0         96        640   c_p.l

    ----------------------------------------------------------------------
       664         22          0          0         96        640   Library Totals

    ----------------------------------------------------------------------

==============================================================================


      Code (inc. data)   RO Data    RW Data    ZI Data      Debug   

     17568       1016        968         44       2536      87251   Grand Totals
     17568       1016        968         44       2536      87251   ELF Image Totals
     17568       1016        968         44          0          0   ROM Totals

==============================================================================

    Total RO  Size (Code + RO Data)                18536 (  18.10kB)
    Total RW  Size (RW Data + ZI Data)              2580 (   2.52kB)
    Total ROM Size (Code + RO Data + RW Data)      18580 (  18.14kB)

==============================================================================

