Component: Arm Compiler for Embedded 6.22 Tool: armlink [5ee90200]

==============================================================================

Section Cross References

    main.o(.text.main) refers to timebase.o(.text.Timebase_Init) for Timebase_Init
    main.o(.text.main) refers to uart.o(.text.UART_Init) for UART_Init
    main.o(.text.main) refers to disp.o(.text.Disp_UART_Init) for Disp_UART_Init
    main.o(.text.main) refers to timer.o(.text.timer_Init) for timer_Init
    main.o(.text.main) refers to icemaker.o(.text.Ice_Maker_Init) for Ice_Maker_Init
    main.o(.text.main) refers to disp_comm.o(.text.Disp_Comm_Init) for Disp_Comm_Init
    main.o(.text.main) refers to water_dispenser.o(.text.Water_Dispenser_Init) for Water_Dispenser_Init
    main.o(.text.main) refers to auger_motor.o(.text.Auger_Motor_Init) for Auger_Motor_Init
    main.o(.text.main) refers to flapper_motor.o(.text.Flapper_Motor_Init) for Flapper_Motor_Init
    main.o(.text.main) refers to timebase.o(.text.Timebase_DownCounter_SS_Set_Forcefully) for Timebase_DownCounter_SS_Set_Forcefully
    main.o(.text.main) refers to disp_comm.o(.text.Disp_Comm_Handler) for Disp_Comm_Handler
    main.o(.text.main) refers to icemaker.o(.text.Ice_Maker_Disp_Comm_Based_Ice_Maker_Handler) for Ice_Maker_Disp_Comm_Based_Ice_Maker_Handler
    main.o(.text.main) refers to water_dispenser.o(.text.Water_Dispenser_Handler) for Water_Dispenser_Handler
    main.o(.text.main) refers to timebase.o(.text.Timebase_DownCounter_SS_Expired_Event) for Timebase_DownCounter_SS_Expired_Event
    main.o(.text.main) refers to uart.o(.text.UART_Transmit_Text) for UART_Transmit_Text
    main.o(.text.main) refers to timebase.o(.text.Timebase_Timer_Get_Seconds) for Timebase_Timer_Get_Seconds
    main.o(.text.main) refers to uart.o(.text.UART_Transmit_Number) for UART_Transmit_Number
    main.o(.text.main) refers to glvars.o(.text.GlobalVars_Set_Start_Flag) for GlobalVars_Set_Start_Flag
    main.o(.text.main) refers to debug_parameter.o(.text.Print_All_Debug_Data) for Print_All_Debug_Data
    main.o(.text.main) refers to timebase.o(.text.Timebase_Window_Timer_Start) for Timebase_Window_Timer_Start
    main.o(.text.main) refers to auger_motor.o(.text.Auger_Motor_Handler) for Auger_Motor_Handler
    main.o(.text.main) refers to debug_data.o(.text.Debug_Data_Handler) for Debug_Data_Handler
    main.o(.text.main) refers to timebase.o(.text.Timebase_Main_Loop_Executables) for Timebase_Main_Loop_Executables
    main.o(.text.main) refers to main.o(.rodata.str1.1) for [Anonymous Symbol]
    main.o(.ARM.exidx.text.main) refers to main.o(.text.main) for [Anonymous Symbol]
    uart.o(.ARM.exidx.text.UART_GPIO_Init) refers to uart.o(.text.UART_GPIO_Init) for [Anonymous Symbol]
    uart.o(.ARM.exidx.text.UART_Clock_Init) refers to uart.o(.text.UART_Clock_Init) for [Anonymous Symbol]
    uart.o(.text.UART_Set_BAUD_Rate) refers to aeabi_sdiv.o(.text) for __aeabi_uidiv
    uart.o(.text.UART_Set_BAUD_Rate) refers to system_stm32g0xx.o(.data.SystemCoreClock) for SystemCoreClock
    uart.o(.ARM.exidx.text.UART_Set_BAUD_Rate) refers to uart.o(.text.UART_Set_BAUD_Rate) for [Anonymous Symbol]
    uart.o(.ARM.exidx.text.UART_TX_Config) refers to uart.o(.text.UART_TX_Config) for [Anonymous Symbol]
    uart.o(.ARM.exidx.text.UART_RX_Config) refers to uart.o(.text.UART_RX_Config) for [Anonymous Symbol]
    uart.o(.text.UART_Init) refers to uart.o(.text.UART_GPIO_Init) for UART_GPIO_Init
    uart.o(.text.UART_Init) refers to uart.o(.text.UART_Clock_Init) for UART_Clock_Init
    uart.o(.text.UART_Init) refers to uart.o(.text.UART_Set_BAUD_Rate) for UART_Set_BAUD_Rate
    uart.o(.text.UART_Init) refers to uart.o(.text.UART_TX_Config) for UART_TX_Config
    uart.o(.ARM.exidx.text.UART_Init) refers to uart.o(.text.UART_Init) for [Anonymous Symbol]
    uart.o(.ARM.exidx.text.UART_Transmit_Byte) refers to uart.o(.text.UART_Transmit_Byte) for [Anonymous Symbol]
    uart.o(.ARM.exidx.text.UART_Transmit_Byte_32) refers to uart.o(.text.UART_Transmit_Byte_32) for [Anonymous Symbol]
    uart.o(.text.UART_Transmit_Byte_Hex) refers to uart.o(.text.UART_Transmit_Byte) for UART_Transmit_Byte
    uart.o(.ARM.exidx.text.UART_Transmit_Byte_Hex) refers to uart.o(.text.UART_Transmit_Byte_Hex) for [Anonymous Symbol]
    uart.o(.text.UART_Transmit_Byte_Hex_64) refers to uart.o(.text.UART_Transmit_Byte) for UART_Transmit_Byte
    uart.o(.text.UART_Transmit_Byte_Hex_64) refers to llushr.o(.text) for __aeabi_llsr
    uart.o(.ARM.exidx.text.UART_Transmit_Byte_Hex_64) refers to uart.o(.text.UART_Transmit_Byte_Hex_64) for [Anonymous Symbol]
    uart.o(.text.UART_Transmit_Byte_Bin) refers to uart.o(.text.UART_Transmit_Byte) for UART_Transmit_Byte
    uart.o(.ARM.exidx.text.UART_Transmit_Byte_Bin) refers to uart.o(.text.UART_Transmit_Byte_Bin) for [Anonymous Symbol]
    uart.o(.text.UART_Transmit_Text) refers to uart.o(.text.UART_Transmit_Byte) for UART_Transmit_Byte
[...]
    _get_lc_collate                           - Undefined Weak Reference
    _get_lc_ctype                             - Undefined Weak Reference
    _get_lc_monetary                          - Undefined Weak Reference
    _get_lc_numeric                           - Undefined Weak Reference
    _get_lc_time                              - Undefined Weak Reference
    _getenv_init                              - Undefined Weak Reference
    _handle_redirection                       - Undefined Weak Reference
    _init_alloc                               - Undefined Weak Reference
    _init_user_alloc                          - Undefined Weak Reference
    _initio                                   - Undefined Weak Reference
    _rand_init                                - Undefined Weak Reference
    _signal_finish                            - Undefined Weak Reference
    _signal_init                              - Undefined Weak Reference
    _terminate_alloc                          - Undefined Weak Reference
    _terminate_user_alloc                     - Undefined Weak Reference
    _terminateio                              - Undefined Weak Reference
    __Vectors_Size                           0x000000b8   Number         0  startup_stm32g070xx.o ABSOLUTE
    __Vectors                                0x08000000   Data           4  startup_stm32g070xx.o(RESET)
    __Vectors_End                            0x080000b8   Data           0  startup_stm32g070xx.o(RESET)
    __main                                   0x080000b9   Thumb Code     8  __main.o(!!!main)
    __scatterload                            0x080000c1   Thumb Code     0  __scatter.o(!!!scatter)
    __scatterload_rt2                        0x080000c1   Thumb Code    74  __scatter.o(!!!scatter)
    __scatterload_rt2_thumb_only             0x080000c1   Thumb Code     0  __scatter.o(!!!scatter)
    __scatterload_loop                       0x080000cb   Thumb Code     0  __scatter.o(!!!scatter)
    __scatterload_copy                       0x08000115   Thumb Code    26  __scatter_copy.o(!!handler_copy)
    __scatterload_null                       0x08000131   Thumb Code     2  __scatter.o(!!handler_null)
    __scatterload_zeroinit                   0x08000135   Thumb Code    28  __scatter_zi.o(!!handler_zi)
    __rt_lib_init                            0x08000151   Thumb Code     0  libinit.o(.ARM.Collect$$libinit$$00000000)
    __rt_lib_init_alloca_1                   0x08000153   Thumb Code     0  libinit2.o(.ARM.Collect$$libinit$$00000030)
    __rt_lib_init_argv_1                     0x08000153   Thumb Code     0  libinit2.o(.ARM.Collect$$libinit$$0000002E)
    __rt_lib_init_atexit_1                   0x08000153   Thumb Code     0  libinit2.o(.ARM.Collect$$libinit$$0000001D)
    __rt_lib_init_clock_1                    0x08000153   Thumb Code     0  libinit2.o(.ARM.Collect$$libinit$$00000023)
    __rt_lib_init_cpp_1                      0x08000153   Thumb Code     0  libinit2.o(.ARM.Collect$$libinit$$00000034)
    __rt_lib_init_exceptions_1               0x08000153   Thumb Code     0  libinit2.o(.ARM.Collect$$libinit$$00000032)
    __rt_lib_init_fp_1                       0x08000153   Thumb Code     0  libinit2.o(.ARM.Collect$$libinit$$00000002)
    __rt_lib_init_fp_trap_1                  0x08000153   Thumb Code     0  libinit2.o(.ARM.Collect$$libinit$$00000021)
    __rt_lib_init_getenv_1                   0x08000153   Thumb Code     0  libinit2.o(.ARM.Collect$$libinit$$00000025)
    __rt_lib_init_heap_1                     0x08000153   Thumb Code     0  libinit2.o(.ARM.Collect$$libinit$$0000000C)
    __rt_lib_init_lc_collate_1               0x08000153   Thumb Code     0  libinit2.o(.ARM.Collect$$libinit$$00000013)
    __rt_lib_init_lc_ctype_1                 0x08000153   Thumb Code     0  libinit2.o(.ARM.Collect$$libinit$$00000015)
    __rt_lib_init_lc_monetary_1              0x08000153   Thumb Code     0  libinit2.o(.ARM.Collect$$libinit$$00000017)
    __rt_lib_init_lc_numeric_1               0x08000153   Thumb Code     0  libinit2.o(.ARM.Collect$$libinit$$00000019)
    __rt_lib_init_lc_time_1                  0x08000153   Thumb Code     0  libinit2.o(.ARM.Collect$$libinit$$0000001B)
    __rt_lib_init_preinit_1                  0x08000153   Thumb Code     0  libinit2.o(.ARM.Collect$$libinit$$00000006)
    __rt_lib_init_rand_1                     0x08000153   Thumb Code     0  libinit2.o(.ARM.Collect$$libinit$$00000010)
    __rt_lib_init_relocate_pie_1             0x08000153   Thumb Code     0  libinit2.o(.ARM.Collect$$libinit$$00000004)
    __rt_lib_init_return                     0x08000153   Thumb Code     0  libinit2.o(.ARM.Collect$$libinit$$00000035)
    __rt_lib_init_signal_1                   0x08000153   Thumb Code     0  libinit2.o(.ARM.Collect$$libinit$$0000001F)
    __rt_lib_init_stdio_1                    0x08000153   Thumb Code     0  libinit2.o(.ARM.Collect$$libinit$$00000027)
    __rt_lib_init_user_alloc_1               0x08000153   Thumb Code     0  libinit2.o(.ARM.Collect$$libinit$$0000000E)
    __rt_lib_shutdown                        0x08000155   Thumb Code     0  libshutdown.o(.ARM.Collect$$libshutdown$$00000000)
    __rt_lib_shutdown_cpp_1                  0x08000157   Thumb Code     0  libshutdown2.o(.ARM.Collect$$libshutdown$$00000002)
    __rt_lib_shutdown_fp_trap_1              0x08000157   Thumb Code     0  libshutdown2.o(.ARM.Collect$$libshutdown$$00000007)
    __rt_lib_shutdown_heap_1                 0x08000157   Thumb Code     0  libshutdown2.o(.ARM.Collect$$libshutdown$$0000000F)
    __rt_lib_shutdown_return                 0x08000157   Thumb Code     0  libshutdown2.o(.ARM.Collect$$libshutdown$$00000010)
    __rt_lib_shutdown_signal_1               0x08000157   Thumb Code     0  libshutdown2.o(.ARM.Collect$$libshutdown$$0000000A)
    __rt_lib_shutdown_stdio_1                0x08000157   Thumb Code     0  libshutdown2.o(.ARM.Collect$$libshutdown$$00000004)
    __rt_lib_shutdown_user_alloc_1           0x08000157   Thumb Code     0  libshutdown2.o(.ARM.Collect$$libshutdown$$0000000C)
    __rt_entry                               0x08000159   Thumb Code     0  __rtentry.o(.ARM.Collect$$rtentry$$00000000)
    __rt_entry_presh_1                       0x08000159   Thumb Code     0  __rtentry2.o(.ARM.Collect$$rtentry$$00000002)
    __rt_entry_sh                            0x08000159   Thumb Code     0  __rtentry4.o(.ARM.Collect$$rtentry$$00000004)
    __rt_entry_li                            0x0800015f   Thumb Code     0  __rtentry2.o(.ARM.Collect$$rtentry$$0000000A)
    __rt_entry_postsh_1                      0x0800015f   Thumb Code     0  __rtentry2.o(.ARM.Collect$$rtentry$$00000009)
    __rt_entry_main                          0x08000163   Thumb Code     0  __rtentry2.o(.ARM.Collect$$rtentry$$0000000D)
    __rt_entry_postli_1                      0x08000163   Thumb Code     0  __rtentry2.o(.ARM.Collect$$rtentry$$0000000C)
    __rt_exit                                0x0800016b   Thumb Code     0  rtexit.o(.ARM.Collect$$rtexit$$00000000)
    __rt_exit_ls                             0x0800016d   Thumb Code     0  rtexit2.o(.ARM.Collect$$rtexit$$00000003)
    __rt_exit_prels_1                        0x0800016d   Thumb Code     0  rtexit2.o(.ARM.Collect$$rtexit$$00000002)
    __rt_exit_exit                           0x08000171   Thumb Code     0  rtexit2.o(.ARM.Collect$$rtexit$$00000004)
    Reset_Handler                            0x08000179   Thumb Code     8  startup_stm32g070xx.o(.text)
    NMI_Handler                              0x08000181   Thumb Code     2  startup_stm32g070xx.o(.text)
    HardFault_Handler                        0x08000183   Thumb Code     2  startup_stm32g070xx.o(.text)
    SVC_Handler                              0x08000185   Thumb Code     2  startup_stm32g070xx.o(.text)
    PendSV_Handler                           0x08000187   Thumb Code     2  startup_stm32g070xx.o(.text)
    SysTick_Handler                          0x08000189   Thumb Code     2  startup_stm32g070xx.o(.text)
    ADC1_IRQHandler                          0x0800018b   Thumb Code     0  startup_stm32g070xx.o(.text)
    DMA1_Ch4_7_DMAMUX1_OVR_IRQHandler        0x0800018b   Thumb Code     0  startup_stm32g070xx.o(.text)
    DMA1_Channel1_IRQHandler                 0x0800018b   Thumb Code     0  startup_stm32g070xx.o(.text)
    DMA1_Channel2_3_IRQHandler               0x0800018b   Thumb Code     0  startup_stm32g070xx.o(.text)
    EXTI0_1_IRQHandler                       0x0800018b   Thumb Code     0  startup_stm32g070xx.o(.text)
    EXTI2_3_IRQHandler                       0x0800018b   Thumb Code     0  startup_stm32g070xx.o(.text)
    EXTI4_15_IRQHandler                      0x0800018b   Thumb Code     0  startup_stm32g070xx.o(.text)
    FLASH_IRQHandler                         0x0800018b   Thumb Code     0  startup_stm32g070xx.o(.text)
    I2C1_IRQHandler                          0x0800018b   Thumb Code     0  startup_stm32g070xx.o(.text)
    I2C2_IRQHandler                          0x0800018b   Thumb Code     0  startup_stm32g070xx.o(.text)
    RCC_IRQHandler                           0x0800018b   Thumb Code     0  startup_stm32g070xx.o(.text)
    RTC_TAMP_IRQHandler                      0x0800018b   Thumb Code     0  startup_stm32g070xx.o(.text)
    SPI1_IRQHandler                          0x0800018b   Thumb Code     0  startup_stm32g070xx.o(.text)
    SPI2_IRQHandler                          0x0800018b   Thumb Code     0  startup_stm32g070xx.o(.text)
    TIM15_IRQHandler                         0x0800018b   Thumb Code     0  startup_stm32g070xx.o(.text)
    TIM16_IRQHandler                         0x0800018b   Thumb Code     0  startup_stm32g070xx.o(.text)
    TIM17_IRQHandler                         0x0800018b   Thumb Code     0  startup_stm32g070xx.o(.text)
    TIM1_CC_IRQHandler                       0x0800018b   Thumb Code     0  startup_stm32g070xx.o(.text)
    TIM6_IRQHandler                          0x0800018b   Thumb Code     0  startup_stm32g070xx.o(.text)
    TIM7_IRQHandler                          0x0800018b   Thumb Code     0  startup_stm32g070xx.o(.text)
    USART2_IRQHandler                        0x0800018b   Thumb Code     0  startup_stm32g070xx.o(.text)
    USART3_4_IRQHandler                      0x0800018b   Thumb Code     0  startup_stm32g070xx.o(.text)
    WWDG_IRQHandler                          0x0800018b   Thumb Code     0  startup_stm32g070xx.o(.text)
    __user_initial_stackheap                 0x0800018d   Thumb Code     0  startup_stm32g070xx.o(.text)
    __aeabi_uidiv                            0x080001b1   Thumb Code     0  aeabi_sdiv.o(.text)
    __aeabi_uidivmod                         0x080001b1   Thumb Code    20  aeabi_sdiv.o(.text)
    __aeabi_idiv                             0x080001c5   Thumb Code     0  aeabi_sdiv.o(.text)
    __aeabi_idivmod                          0x080001c5   Thumb Code   338  aeabi_sdiv.o(.text)
    __use_two_region_memory                  0x0800031d   Thumb Code     2  heapauxi.o(.text)
    __rt_heap_escrow$2region                 0x0800031f   Thumb Code     2  heapauxi.o(.text)
    __rt_heap_expand$2region                 0x08000321   Thumb Code     2  heapauxi.o(.text)
    __user_setup_stackheap                   0x08000323   Thumb Code    62  sys_stackheap_outer.o(.text)
    exit                                     0x08000361   Thumb Code    16  exit.o(.text)
    __user_libspace                          0x08000371   Thumb Code     8  libspace.o(.text)
    __user_perproc_libspace                  0x08000371   Thumb Code     0  libspace.o(.text)
    __user_perthread_libspace                0x08000371   Thumb Code     0  libspace.o(.text)
    _sys_exit                                0x08000379   Thumb Code     8  sys_exit.o(.text)
    __I$use$semihosting                      0x08000385   Thumb Code     0  use_no_semi.o(.text)
    __use_no_semihosting_swi                 0x08000385   Thumb Code     2  use_no_semi.o(.text)
    __semihosting_library_function           0x08000387   Thumb Code     0  indicate_semi.o(.text)
    Auger_Motor_Disp_Comm_Based_Rotation     0x08000389   Thumb Code    76  auger_motor.o(.text.Auger_Motor_Disp_Comm_Based_Rotation)
    Auger_Motor_Handler                      0x080003d5   Thumb Code     8  auger_motor.o(.text.Auger_Motor_Handler)
    Auger_Motor_Init                         0x080003dd   Thumb Code    12  auger_motor.o(.text.Auger_Motor_Init)
    Auger_Motor_Rotate_CCW                   0x080003e9   Thumb Code    16  auger_motor.o(.text.Auger_Motor_Rotate_CCW)
    Auger_Motor_Start                        0x080003fd   Thumb Code   104  auger_motor.o(.text.Auger_Motor_Start)
    Auger_Motor_Stop                         0x08000465   Thumb Code   104  auger_motor.o(.text.Auger_Motor_Stop)
    BLDC_I2C1_Init                           0x080004d9   Thumb Code    12  auger_motor.o(.text.BLDC_I2C1_Init)
    BLDC_Motor_Struct_Init                   0x080004e5   Thumb Code    16  auger_motor.o(.text.BLDC_Motor_Struct_Init)
    CRC_CVTE_Block                           0x080004f9   Thumb Code   120  crc.o(.text.CRC_CVTE_Block)
    Debug_Data_Handler                       0x08000579   Thumb Code     8  debug_data.o(.text.Debug_Data_Handler)
    Direction_Pin_Gpio_Init                  0x08000581   Thumb Code    64  auger_motor.o(.text.Direction_Pin_Gpio_Init)
    Disp_Comm_Handler                        0x080005c9   Thumb Code    40  disp_comm.o(.text.Disp_Comm_Handler)
    Disp_Comm_HeartBeat_Send                 0x080005f1   Thumb Code   104  disp_comm.o(.text.Disp_Comm_HeartBeat_Send)
    Disp_Comm_HeartBeat_Set_Crc              0x0800065d   Thumb Code    16  disp_comm.o(.text.Disp_Comm_HeartBeat_Set_Crc)
    Disp_Comm_HeartBeat_Set_Fixed_Fields     0x0800066d   Thumb Code    16  disp_comm.o(.text.Disp_Comm_HeartBeat_Set_Fixed_Fields)
    Disp_Comm_HeartBeat_Set_PacketID         0x0800067d   Thumb Code    16  disp_comm.o(.text.Disp_Comm_HeartBeat_Set_PacketID)
    Disp_Comm_HeartBeat_Struct_Init          0x0800068d   Thumb Code    28  disp_comm.o(.text.Disp_Comm_HeartBeat_Struct_Init)
    Disp_Comm_Heartbeat_Set_Data             0x080006a9   Thumb Code   396  disp_comm.o(.text.Disp_Comm_Heartbeat_Set_Data)
    Disp_Comm_Init                           0x08000839   Thumb Code    26  disp_comm.o(.text.Disp_Comm_Init)
    Disp_Comm_Master_Data_CRC_Stat           0x08000853   Thumb Code    56  disp_comm.o(.text.Disp_Comm_Master_Data_CRC_Stat)
    Disp_Comm_Master_Data_CRC_Verify         0x0800088d   Thumb Code   160  disp_comm.o(.text.Disp_Comm_Master_Data_CRC_Verify)
    Disp_Comm_Master_Data_Extract            0x0800092d   Thumb Code   156  disp_comm.o(.text.Disp_Comm_Master_Data_Extract)
    Disp_Comm_Master_Data_Get_Calculated_Crc 0x080009c9   Thumb Code     8  disp_comm.o(.text.Disp_Comm_Master_Data_Get_Calculated_Crc)
    Disp_Comm_Master_Data_Get_Header         0x080009d1   Thumb Code     8  disp_comm.o(.text.Disp_Comm_Master_Data_Get_Header)
    Disp_Comm_Master_Data_Get_IMValveOnCycle 0x080009d9   Thumb Code     8  disp_comm.o(.text.Disp_Comm_Master_Data_Get_IMValveOnCycle)
    Disp_Comm_Master_Data_Get_IMValveOnTime  0x080009e1   Thumb Code     8  disp_comm.o(.text.Disp_Comm_Master_Data_Get_IMValveOnTime)
    Disp_Comm_Master_Data_Get_IceMaker       0x080009e9   Thumb Code     8  disp_comm.o(.text.Disp_Comm_Master_Data_Get_IceMaker)
    Disp_Comm_Master_Data_Get_Length         0x080009f1   Thumb Code     8  disp_comm.o(.text.Disp_Comm_Master_Data_Get_Length)
    Disp_Comm_Master_Data_Get_Mode           0x080009f9   Thumb Code     8  disp_comm.o(.text.Disp_Comm_Master_Data_Get_Mode)
    Disp_Comm_Master_Data_Get_Received_Crc   0x08000a01   Thumb Code     8  disp_comm.o(.text.Disp_Comm_Master_Data_Get_Received_Crc)
    Disp_Comm_Master_Data_Get_WaterDispenser 0x08000a09   Thumb Code     8  disp_comm.o(.text.Disp_Comm_Master_Data_Get_WaterDispenser)
    Disp_Comm_Master_Data_Struct_Init        0x08000a11   Thumb Code   100  disp_comm.o(.text.Disp_Comm_Master_Data_Struct_Init)
    Disp_Comm_Print_Heartbeat_Send_Data      0x08000a79   Thumb Code   276  disp_comm.o(.text.Disp_Comm_Print_Heartbeat_Send_Data)
    Disp_Comm_Print_Master_Rec_Data          0x08000bb9   Thumb Code   268  disp_comm.o(.text.Disp_Comm_Print_Master_Rec_Data)
    Disp_Comm_Update_HBUpdate_Byte           0x08000ce5   Thumb Code    64  disp_comm.o(.text.Disp_Comm_Update_HBUpdate_Byte)
    Disp_Comm_Variable_Init                  0x08000d25   Thumb Code     8  disp_comm.o(.text.Disp_Comm_Variable_Init)
    Disp_Config_Ice_Tray_on_User_Config_Rotation 0x08000d31   Thumb Code     8  user_config.o(.text.Disp_Config_Ice_Tray_on_User_Config_Rotation)
    Disp_UART_Clear_Data_Available_Flag      0x08000d3d   Thumb Code    12  disp.o(.text.Disp_UART_Clear_Data_Available_Flag)
    Disp_UART_Clock_Init                     0x08000d49   Thumb Code    32  disp.o(.text.Disp_UART_Clock_Init)
    Disp_UART_Counter_Reset                  0x08000d6d   Thumb Code     8  disp.o(.text.Disp_UART_Counter_Reset)
    Disp_UART_Data_Available                 0x08000d79   Thumb Code     8  disp.o(.text.Disp_UART_Data_Available)
    Disp_UART_Data_Copy_Buf                  0x08000d81   Thumb Code    68  disp.o(.text.Disp_UART_Data_Copy_Buf)
    Disp_UART_Flush_Buf                      0x08000dc5   Thumb Code    56  disp.o(.text.Disp_UART_Flush_Buf)
    Disp_UART_GPIO_Init                      0x08000dfd   Thumb Code   104  disp.o(.text.Disp_UART_GPIO_Init)
    Disp_UART_Get_Buf                        0x08000e75   Thumb Code    20  disp.o(.text.Disp_UART_Get_Buf)
    Disp_UART_Get_Buf_Index                  0x08000e89   Thumb Code     8  disp.o(.text.Disp_UART_Get_Buf_Index)
    Disp_UART_Get_Data_Len                   0x08000e91   Thumb Code     8  disp.o(.text.Disp_UART_Get_Data_Len)
    Disp_UART_Init                           0x08000e99   Thumb Code    44  disp.o(.text.Disp_UART_Init)
    Disp_UART_RX_Config                      0x08000ec5   Thumb Code    36  disp.o(.text.Disp_UART_RX_Config)
    Disp_UART_RX_Int_Config                  0x08000ee9   Thumb Code    44  disp.o(.text.Disp_UART_RX_Int_Config)
    Disp_UART_Set_BAUD_Rate                  0x08000f15   Thumb Code    76  disp.o(.text.Disp_UART_Set_BAUD_Rate)
    Disp_UART_Struct_Init                    0x08000f69   Thumb Code   116  disp.o(.text.Disp_UART_Struct_Init)
    Disp_UART_TX_Config                      0x08000fdd   Thumb Code    36  disp.o(.text.Disp_UART_TX_Config)
    Disp_UART_Timer_Disable                  0x08001005   Thumb Code    20  disp.o(.text.Disp_UART_Timer_Disable)
    Disp_UART_Timer_Enable                   0x08001019   Thumb Code    20  disp.o(.text.Disp_UART_Timer_Enable)
    Disp_UART_Timer_Init                     0x08001031   Thumb Code    88  disp.o(.text.Disp_UART_Timer_Init)
    Disp_UART_Transmit_Byte                  0x080010a1   Thumb Code    48  disp.o(.text.Disp_UART_Transmit_Byte)
    Disp_UART_Tx_Buf                         0x080010dd   Thumb Code    60  disp.o(.text.Disp_UART_Tx_Buf)
    Flapper_Gpio_Init                        0x08001119   Thumb Code    60  flapper_motor.o(.text.Flapper_Gpio_Init)
    Flapper_Motor_Init                       0x0800115d   Thumb Code     8  flapper_motor.o(.text.Flapper_Motor_Init)
    Flapper_Motor_Lever_Based_Control        0x08001165   Thumb Code   228  flapper_motor.o(.text.Flapper_Motor_Lever_Based_Control)
    Flapper_Motor_Power_Supply               0x08001255   Thumb Code    48  flapper_motor.o(.text.Flapper_Motor_Power_Supply)
    Flapper_Motor_Read_Raw_Feedback          0x08001289   Thumb Code    44  flapper_motor.o(.text.Flapper_Motor_Read_Raw_Feedback)
    GET_ICE_MAKER_AFTER_VALVE_TIME           0x080012b9   Thumb Code    12  parameter.o(.text.GET_ICE_MAKER_AFTER_VALVE_TIME)
    GET_ICE_MAKER_HEATER_RUN_TIME            0x080012c9   Thumb Code    16  parameter.o(.text.GET_ICE_MAKER_HEATER_RUN_TIME)
    GET_ICE_MAKER_IC_FULL_WAIT_TIME          0x080012dd   Thumb Code    12  parameter.o(.text.GET_ICE_MAKER_IC_FULL_WAIT_TIME)
    GET_ICE_MAKER_SET_ICE_TEMP               0x080012ed   Thumb Code    12  parameter.o(.text.GET_ICE_MAKER_SET_ICE_TEMP)
    GET_ICE_MAKER_VALVE_OFF_TIME             0x080012fd   Thumb Code    12  parameter.o(.text.GET_ICE_MAKER_VALVE_OFF_TIME)
    GET_ICE_MAKER_VALVE_ON_CYCLE             0x0800130d   Thumb Code     8  parameter.o(.text.GET_ICE_MAKER_VALVE_ON_CYCLE)
    GET_ICE_MAKER_VALVE_ON_TIME              0x08001319   Thumb Code     8  parameter.o(.text.GET_ICE_MAKER_VALVE_ON_TIME)
    GET_WATER_DISPENSER_LOW_WATER_FILL_TIME_SEC 0x08001325   Thumb Code    12  parameter.o(.text.GET_WATER_DISPENSER_LOW_WATER_FILL_TIME_SEC)
    GET_WATER_DISPENSER_MID_WATER_FILL_TIME_SEC 0x08001335   Thumb Code    12  parameter.o(.text.GET_WATER_DISPENSER_MID_WATER_FILL_TIME_SEC)
    GlobalVars_Clear_Start_Flag              0x08001345   Thumb Code     8  glvars.o(.text.GlobalVars_Clear_Start_Flag)
    GlobalVars_Get_Curr_Thread               0x0800134d   Thumb Code     8  glvars.o(.text.GlobalVars_Get_Curr_Thread)
    GlobalVars_Get_Start_Flag                0x08001355   Thumb Code     8  glvars.o(.text.GlobalVars_Get_Start_Flag)
    GlobalVars_Get_Thread_Function           0x0800135d   Thumb Code     8  glvars.o(.text.GlobalVars_Get_Thread_Function)
    GlobalVars_Inc_Curr_Thread               0x08001365   Thumb Code    12  glvars.o(.text.GlobalVars_Inc_Curr_Thread)
    GlobalVars_Inc_Thread_Function           0x08001371   Thumb Code    12  glvars.o(.text.GlobalVars_Inc_Thread_Function)
    GlobalVars_Reset_Curr_Thread             0x0800137d   Thumb Code     8  glvars.o(.text.GlobalVars_Reset_Curr_Thread)
    GlobalVars_Reset_Thread_Function         0x08001385   Thumb Code     8  glvars.o(.text.GlobalVars_Reset_Thread_Function)
    GlobalVars_Set_Start_Flag                0x0800138d   Thumb Code     8  glvars.o(.text.GlobalVars_Set_Start_Flag)
    I2C1_Clock_Init                          0x08001399   Thumb Code    36  auger_motor.o(.text.I2C1_Clock_Init)
    I2C1_Config                              0x080013c5   Thumb Code    56  auger_motor.o(.text.I2C1_Config)
    I2C1_GPIO_Init                           0x08001405   Thumb Code   156  auger_motor.o(.text.I2C1_GPIO_Init)
    I2C1_Init                                0x080014b9   Thumb Code    16  auger_motor.o(.text.I2C1_Init)
    I2C1_Write_Register                      0x080014c9   Thumb Code    84  auger_motor.o(.text.I2C1_Write_Register)
    Ice_Maker_CCW_End_Detection              0x0800152d   Thumb Code   108  icemaker.o(.text.Ice_Maker_CCW_End_Detection)
    Ice_Maker_Config_Rotation                0x08001599   Thumb Code   488  icemaker.o(.text.Ice_Maker_Config_Rotation)
    Ice_Maker_Debug_Data                     0x0800178d   Thumb Code   536  icemaker.o(.text.Ice_Maker_Debug_Data)
    Ice_Maker_Disp_Comm_Based_Ice_Maker_Handler 0x080019f9   Thumb Code    36  icemaker.o(.text.Ice_Maker_Disp_Comm_Based_Ice_Maker_Handler)
    Ice_Maker_Disp_Comm_Based_Ice_Maker_Mode 0x08001a1d   Thumb Code    80  icemaker.o(.text.Ice_Maker_Disp_Comm_Based_Ice_Maker_Mode)
    Ice_Maker_Disp_Comm_Based_Ice_Maker_Mode_Update_For_Heartbeat_Data 0x08001a71   Thumb Code    40  icemaker.o(.text.Ice_Maker_Disp_Comm_Based_Ice_Maker_Mode_Update_For_Heartbeat_Data)
    Ice_Maker_Disp_Comm_Based_Update_Ice_Container_Full_Status_Bit 0x08001a99   Thumb Code    52  icemaker.o(.text.Ice_Maker_Disp_Comm_Based_Update_Ice_Container_Full_Status_Bit)
    Ice_Maker_Disp_Comm_Based_Update_NTC_Error_Bit 0x08001ad1   Thumb Code    52  icemaker.o(.text.Ice_Maker_Disp_Comm_Based_Update_NTC_Error_Bit)
    Ice_Maker_Get_Temperature_Value          0x08001b11   Thumb Code    28  icemaker.o(.text.Ice_Maker_Get_Temperature_Value)
    Ice_Maker_Hall_Feedback_Checker_RT       0x08001b31   Thumb Code    80  icemaker.o(.text.Ice_Maker_Hall_Feedback_Checker_RT)
    Ice_Maker_Hall_Feedback_checker          0x08001b85   Thumb Code    40  icemaker.o(.text.Ice_Maker_Hall_Feedback_checker)
    Ice_Maker_IM_On_Operation                0x08001bb1   Thumb Code    76  icemaker.o(.text.Ice_Maker_IM_On_Operation)
    Ice_Maker_IM_Struct_Init                 0x08001c01   Thumb Code   136  icemaker.o(.text.Ice_Maker_IM_Struct_Init)
    Ice_Maker_Ice_Making_Operation           0x08001c8d   Thumb Code   316  icemaker.o(.text.Ice_Maker_Ice_Making_Operation)
    Ice_Maker_Ice_Temp_Check                 0x08001dc9   Thumb Code    36  icemaker.o(.text.Ice_Maker_Ice_Temp_Check)
    Ice_Maker_Ice_Tray_On_Config_Rotation    0x08001df1   Thumb Code     8  icemaker.o(.text.Ice_Maker_Ice_Tray_On_Config_Rotation)
    Ice_Maker_Ice_Tray_On_Operation          0x08001dfd   Thumb Code     8  icemaker.o(.text.Ice_Maker_Ice_Tray_On_Operation)
    Ice_Maker_Ice_Tray_Rotation              0x08001e05   Thumb Code   500  icemaker.o(.text.Ice_Maker_Ice_Tray_Rotation)
    Ice_Maker_Ice_Tray_Rotation_Init         0x08001ffd   Thumb Code   492  icemaker.o(.text.Ice_Maker_Ice_Tray_Rotation_Init)
    Ice_Maker_Init                           0x080021f5   Thumb Code   216  icemaker.o(.text.Ice_Maker_Init)
    Ice_Maker_Init_Rotation_Reset            0x080022f1   Thumb Code    36  icemaker.o(.text.Ice_Maker_Init_Rotation_Reset)
    Ice_Maker_Module_Flag_Reset              0x08002319   Thumb Code    12  icemaker.o(.text.Ice_Maker_Module_Flag_Reset)
    Ice_Maker_Motor_Control                  0x08002329   Thumb Code   124  icemaker.o(.text.Ice_Maker_Motor_Control)
    Ice_Maker_Reset_All_Parameter            0x080023a9   Thumb Code    20  icemaker.o(.text.Ice_Maker_Reset_All_Parameter)
    Ice_Maker_Reset_All_Parmaeters           0x080023bd   Thumb Code   108  icemaker.o(.text.Ice_Maker_Reset_All_Parmaeters)
    Ice_Maker_Reset_Hall_Feedback            0x0800242d   Thumb Code    12  icemaker.o(.text.Ice_Maker_Reset_Hall_Feedback)
    Ice_Maker_Test_Button                    0x0800243d   Thumb Code    76  icemaker.o(.text.Ice_Maker_Test_Button)
    Ice_Maker_Time_Based_Heater_Config       0x08002491   Thumb Code   148  icemaker.o(.text.Ice_Maker_Time_Based_Heater_Config)
    Ice_Maker_Valve_Config                   0x0800252d   Thumb Code   244  icemaker.o(.text.Ice_Maker_Valve_Config)
    Ice_Maker_Valve_Off                      0x08002625   Thumb Code    16  icemaker.o(.text.Ice_Maker_Valve_Off)
    Ice_Maker_Valve_On                       0x08002635   Thumb Code    16  icemaker.o(.text.Ice_Maker_Valve_On)
    LPF_Get_Alpha                            0x08002649   Thumb Code    24  iirlpf.o(.text.LPF_Get_Alpha)
    LPF_Get_Filtered_Value                   0x08002661   Thumb Code   124  iirlpf.o(.text.LPF_Get_Filtered_Value)
    LPF_Init                                 0x080026dd   Thumb Code     8  iirlpf.o(.text.LPF_Init)
    LPF_Set_Alpha                            0x080026e5   Thumb Code    32  iirlpf.o(.text.LPF_Set_Alpha)
    LPF_Struct_Init                          0x08002705   Thumb Code    72  iirlpf.o(.text.LPF_Struct_Init)
    NTC_Calculate_Single_Sample              0x08002751   Thumb Code   644  ntc.o(.text.NTC_Calculate_Single_Sample)
    NTC_Get_Temperature                      0x08002a49   Thumb Code    24  ntc.o(.text.NTC_Get_Temperature)
    NTC_Sensor_ADC_Init                      0x08002a65   Thumb Code   264  ntc.o(.text.NTC_Sensor_ADC_Init)
    NTC_Sensor_GPIO_Init                     0x08002b85   Thumb Code    40  ntc.o(.text.NTC_Sensor_GPIO_Init)
    NTC_Sensor_Init                          0x08002bb5   Thumb Code    66  ntc.o(.text.NTC_Sensor_Init)
    NTC_Sensor_Reading                       0x08002bf9   Thumb Code    48  ntc.o(.text.NTC_Sensor_Reading)
    NTC_Struct_Init                          0x08002c31   Thumb Code    64  ntc.o(.text.NTC_Struct_Init)
    Parameter_Get_Disp_Comm_Val              0x08002c75   Thumb Code    40  parameter.o(.text.Parameter_Get_Disp_Comm_Val)
    Parameter_Init                           0x08002c9d   Thumb Code    16  parameter.o(.text.Parameter_Init)
    Print_All_Debug_Data                     0x08002cb5   Thumb Code    88  debug_parameter.o(.text.Print_All_Debug_Data)
    Read_ADC                                 0x08002d0d   Thumb Code    92  ntc.o(.text.Read_ADC)
    SystemInit                               0x08002d79   Thumb Code     2  system_stm32g0xx.o(.text.SystemInit)
    TIM14_IRQHandler                         0x08002d7d   Thumb Code    64  disp.o(.text.TIM14_IRQHandler)
    TIM1_BRK_UP_TRG_COM_IRQHandler           0x08002dc5   Thumb Code   412  icemaker.o(.text.TIM1_BRK_UP_TRG_COM_IRQHandler)
    TIM3_IRQHandler                          0x08002f69   Thumb Code    32  timebase.o(.text.TIM3_IRQHandler)
    Timebase_Atomic_Operation_End            0x08002f8d   Thumb Code     4  timebase.o(.text.Timebase_Atomic_Operation_End)
    Timebase_Atomic_Operation_Start          0x08002f91   Thumb Code     4  timebase.o(.text.Timebase_Atomic_Operation_Start)
    Timebase_DownCounter_Clear_All_Flags     0x08002f95   Thumb Code    20  timebase.o(.text.Timebase_DownCounter_Clear_All_Flags)
    Timebase_DownCounter_Clear_Period_Flag   0x08002fa9   Thumb Code    32  timebase.o(.text.Timebase_DownCounter_Clear_Period_Flag)
    Timebase_DownCounter_Expired_Event       0x08002fc9   Thumb Code    54  timebase.o(.text.Timebase_DownCounter_Expired_Event)
    Timebase_DownCounter_Get_EndValue        0x08003001   Thumb Code    24  timebase.o(.text.Timebase_DownCounter_Get_EndValue)
    Timebase_DownCounter_Get_Status          0x08003019   Thumb Code    28  timebase.o(.text.Timebase_DownCounter_Get_Status)
    Timebase_DownCounter_Get_Value           0x08003035   Thumb Code    24  timebase.o(.text.Timebase_DownCounter_Get_Value)
    Timebase_DownCounter_Reset               0x0800304d   Thumb Code    54  timebase.o(.text.Timebase_DownCounter_Reset)
    Timebase_DownCounter_Reset_All           0x08003083   Thumb Code    46  timebase.o(.text.Timebase_DownCounter_Reset_All)
    Timebase_DownCounter_SS_Clear_All_Flags  0x080030b1   Thumb Code    20  timebase.o(.text.Timebase_DownCounter_SS_Clear_All_Flags)
    Timebase_DownCounter_SS_Clear_Period_Flag 0x080030c5   Thumb Code    32  timebase.o(.text.Timebase_DownCounter_SS_Clear_Period_Flag)
    Timebase_DownCounter_SS_Expired_Event    0x080030e5   Thumb Code    54  timebase.o(.text.Timebase_DownCounter_SS_Expired_Event)
    Timebase_DownCounter_SS_Get_EndValueSec  0x0800311d   Thumb Code    24  timebase.o(.text.Timebase_DownCounter_SS_Get_EndValueSec)
    Timebase_DownCounter_SS_Get_EndValueSubSec 0x08003135   Thumb Code    24  timebase.o(.text.Timebase_DownCounter_SS_Get_EndValueSubSec)
    Timebase_DownCounter_SS_Get_PeriodValue  0x0800314d   Thumb Code    24  timebase.o(.text.Timebase_DownCounter_SS_Get_PeriodValue)
    Timebase_DownCounter_SS_Get_Period_Flag  0x08003165   Thumb Code    32  timebase.o(.text.Timebase_DownCounter_SS_Get_Period_Flag)
    Timebase_DownCounter_SS_Get_Remaining_Period_Value 0x08003185   Thumb Code    58  timebase.o(.text.Timebase_DownCounter_SS_Get_Remaining_Period_Value)
    Timebase_DownCounter_SS_Get_Status       0x080031c1   Thumb Code    32  timebase.o(.text.Timebase_DownCounter_SS_Get_Status)
    Timebase_DownCounter_SS_Get_Value        0x080031e1   Thumb Code    24  timebase.o(.text.Timebase_DownCounter_SS_Get_Value)
    Timebase_DownCounter_SS_Period_Value_Expired 0x080031f9   Thumb Code    60  timebase.o(.text.Timebase_DownCounter_SS_Period_Value_Expired)
    Timebase_DownCounter_SS_Period_Value_Expired_Event 0x08003235   Thumb Code    54  timebase.o(.text.Timebase_DownCounter_SS_Period_Value_Expired_Event)
    Timebase_DownCounter_SS_Reset            0x0800326b   Thumb Code    64  timebase.o(.text.Timebase_DownCounter_SS_Reset)
    Timebase_DownCounter_SS_Reset_All        0x080032ab   Thumb Code    46  timebase.o(.text.Timebase_DownCounter_SS_Reset_All)
    Timebase_DownCounter_SS_Set_EndValueSec  0x080032d9   Thumb Code    28  timebase.o(.text.Timebase_DownCounter_SS_Set_EndValueSec)
    Timebase_DownCounter_SS_Set_EndValueSubSec 0x080032f5   Thumb Code    28  timebase.o(.text.Timebase_DownCounter_SS_Set_EndValueSubSec)
    Timebase_DownCounter_SS_Set_Forcefully   0x08003311   Thumb Code    34  timebase.o(.text.Timebase_DownCounter_SS_Set_Forcefully)
    Timebase_DownCounter_SS_Set_PeriodValue  0x08003335   Thumb Code    60  timebase.o(.text.Timebase_DownCounter_SS_Set_PeriodValue)
    Timebase_DownCounter_SS_Set_Period_Flag  0x08003375   Thumb Code    32  timebase.o(.text.Timebase_DownCounter_SS_Set_Period_Flag)
    Timebase_DownCounter_SS_Set_Period_Value_Securely 0x08003399   Thumb Code    62  timebase.o(.text.Timebase_DownCounter_SS_Set_Period_Value_Securely)
    Timebase_DownCounter_SS_Set_Securely     0x080033d9   Thumb Code   168  timebase.o(.text.Timebase_DownCounter_SS_Set_Securely)
    Timebase_DownCounter_SS_Set_Status       0x08003485   Thumb Code    52  timebase.o(.text.Timebase_DownCounter_SS_Set_Status)
    Timebase_DownCounter_SS_Set_Value        0x080034b9   Thumb Code    28  timebase.o(.text.Timebase_DownCounter_SS_Set_Value)
    Timebase_DownCounter_SS_Start            0x080034d9   Thumb Code    38  timebase.o(.text.Timebase_DownCounter_SS_Start)
    Timebase_DownCounter_SS_Update           0x08003501   Thumb Code   240  timebase.o(.text.Timebase_DownCounter_SS_Update)
    Timebase_DownCounter_SS_Update_All       0x080035f1   Thumb Code    46  timebase.o(.text.Timebase_DownCounter_SS_Update_All)
    Timebase_DownCounter_Set_EndValue        0x08003621   Thumb Code    28  timebase.o(.text.Timebase_DownCounter_Set_EndValue)
    Timebase_DownCounter_Set_Securely        0x0800363d   Thumb Code    72  timebase.o(.text.Timebase_DownCounter_Set_Securely)
    Timebase_DownCounter_Set_Status          0x08003685   Thumb Code    52  timebase.o(.text.Timebase_DownCounter_Set_Status)
    Timebase_DownCounter_Set_Value           0x080036bd   Thumb Code    28  timebase.o(.text.Timebase_DownCounter_Set_Value)
    Timebase_DownCounter_Start               0x080036dd   Thumb Code    38  timebase.o(.text.Timebase_DownCounter_Start)
    Timebase_DownCounter_Update              0x08003703   Thumb Code   140  timebase.o(.text.Timebase_DownCounter_Update)
    Timebase_DownCounter_Update_All          0x0800378f   Thumb Code    46  timebase.o(.text.Timebase_DownCounter_Update_All)
    Timebase_ISR_Executables                 0x080037bd   Thumb Code    72  timebase.o(.text.Timebase_ISR_Executables)
    Timebase_Init                            0x08003809   Thumb Code    30  timebase.o(.text.Timebase_Init)
    Timebase_Main_Loop_Executables           0x08003829   Thumb Code    92  timebase.o(.text.Timebase_Main_Loop_Executables)
    Timebase_Reset                           0x08003889   Thumb Code    12  timebase.o(.text.Timebase_Reset)
    Timebase_Struct_Init                     0x08003895   Thumb Code   280  timebase.o(.text.Timebase_Struct_Init)
    Timebase_Timer_Config                    0x080039b1   Thumb Code    88  timebase.o(.text.Timebase_Timer_Config)
    Timebase_Timer_Delay_SubSeconds          0x08003a21   Thumb Code   140  timebase.o(.text.Timebase_Timer_Delay_SubSeconds)
    Timebase_Timer_Get_Seconds               0x08003aad   Thumb Code     8  timebase.o(.text.Timebase_Timer_Get_Seconds)
    Timebase_Timer_Get_SecondsShadow         0x08003ab9   Thumb Code     8  timebase.o(.text.Timebase_Timer_Get_SecondsShadow)
    Timebase_Timer_Get_SubSeconds            0x08003ac1   Thumb Code     8  timebase.o(.text.Timebase_Timer_Get_SubSeconds)
    Timebase_Timer_Get_SubSecondsShadow      0x08003ac9   Thumb Code     8  timebase.o(.text.Timebase_Timer_Get_SubSecondsShadow)
    Timebase_Timer_Sync_With_Shadow_Variables 0x08003ad1   Thumb Code    60  timebase.o(.text.Timebase_Timer_Sync_With_Shadow_Variables)
    Timebase_Window_Timer_Start              0x08003b0d   Thumb Code    64  timebase.o(.text.Timebase_Window_Timer_Start)
    UART_Clock_Init                          0x08003b51   Thumb Code    16  uart.o(.text.UART_Clock_Init)
    UART_Determine_Digit_Numbers             0x08003b65   Thumb Code   100  uart.o(.text.UART_Determine_Digit_Numbers)
    UART_GPIO_Init                           0x08003bc9   Thumb Code   124  uart.o(.text.UART_GPIO_Init)
    UART_Init                                0x08003c55   Thumb Code    28  uart.o(.text.UART_Init)
    UART_PrintfD_NL                          0x08003c71   Thumb Code    32  uart.o(.text.UART_PrintfD_NL)
    UART_PrintfNL                            0x08003c91   Thumb Code    48  uart.o(.text.UART_PrintfNL)
    UART_Set_BAUD_Rate                       0x08003cc5   Thumb Code    60  uart.o(.text.UART_Set_BAUD_Rate)
    UART_TX_Config                           0x08003d09   Thumb Code    36  uart.o(.text.UART_TX_Config)
    UART_Transmit_Byte                       0x08003d31   Thumb Code    48  uart.o(.text.UART_Transmit_Byte)
    UART_Transmit_Number                     0x08003d6d   Thumb Code    42  uart.o(.text.UART_Transmit_Number)
    UART_Transmit_Number_Digits              0x08003d99   Thumb Code    76  uart.o(.text.UART_Transmit_Number_Digits)
    UART_Transmit_Text                       0x08003de9   Thumb Code    56  uart.o(.text.UART_Transmit_Text)
    USART1_IRQHandler                        0x08003e21   Thumb Code    92  disp.o(.text.USART1_IRQHandler)
    User_Config_Configure_Window_Feedback    0x08003e89   Thumb Code    40  user_config.o(.text.User_Config_Configure_Window_Feedback)
    User_Config_Disp_Ice_Maker_Ice_Tray_Rotation 0x08003eb1   Thumb Code   160  user_config.o(.text.User_Config_Disp_Ice_Maker_Ice_Tray_Rotation)
    User_Config_Disp_Ice_Maker_Valve_On_Off  0x08003f59   Thumb Code   148  user_config.o(.text.User_Config_Disp_Ice_Maker_Valve_On_Off)
    User_Config_Ice_Maker_Handler            0x08003ff1   Thumb Code    20  user_config.o(.text.User_Config_Ice_Maker_Handler)
    User_Config_Send_IM_Motor_Feedback       0x08004005   Thumb Code    48  user_config.o(.text.User_Config_Send_IM_Motor_Feedback)
    User_Config_User_In_Configuration_Mode   0x08004035   Thumb Code    64  user_config.o(.text.User_Config_User_In_Configuration_Mode)
    User_Config_User_in_Configuration_Window 0x08004075   Thumb Code    46  user_config.o(.text.User_Config_User_in_Configuration_Window)
    User_Config_Valve_on_User_Config         0x080040a5   Thumb Code     8  user_config.o(.text.User_Config_Valve_on_User_Config)
    Water_Dispenser_AC_And_DC_Valve_Off      0x080040b1   Thumb Code    20  water_dispenser.o(.text.Water_Dispenser_AC_And_DC_Valve_Off)
    Water_Dispenser_AC_And_DC_Valve_On       0x080040c5   Thumb Code    20  water_dispenser.o(.text.Water_Dispenser_AC_And_DC_Valve_On)
    Water_Dispenser_AC_Valve_Off             0x080040d9   Thumb Code    16  water_dispenser.o(.text.Water_Dispenser_AC_Valve_Off)
    Water_Dispenser_AC_Valve_On              0x080040e9   Thumb Code    16  water_dispenser.o(.text.Water_Dispenser_AC_Valve_On)
    Water_Dispenser_DC_Valve_Off             0x080040fd   Thumb Code    12  water_dispenser.o(.text.Water_Dispenser_DC_Valve_Off)
    Water_Dispenser_DC_Valve_On              0x08004109   Thumb Code    12  water_dispenser.o(.text.Water_Dispenser_DC_Valve_On)
    Water_Dispenser_DeLED_High               0x08004119   Thumb Code    16  water_dispenser.o(.text.Water_Dispenser_DeLED_High)
    Water_Dispenser_DeLED_Low                0x08004129   Thumb Code    16  water_dispenser.o(.text.Water_Dispenser_DeLED_Low)
    Water_Dispenser_DeLED_Toggle             0x08004139   Thumb Code    44  water_dispenser.o(.text.Water_Dispenser_DeLED_Toggle)
    Water_Dispenser_Debug_Data               0x08004169   Thumb Code   108  water_dispenser.o(.text.Water_Dispenser_Debug_Data)
    Water_Dispenser_Disp_Based_DeLED_Control 0x080041e9   Thumb Code   212  water_dispenser.o(.text.Water_Dispenser_Disp_Based_DeLED_Control)
    Water_Dispenser_Disp_Based_Valve_Control 0x080042c1   Thumb Code   324  water_dispenser.o(.text.Water_Dispenser_Disp_Based_Valve_Control)
    Water_Dispenser_Disp_Command             0x08004405   Thumb Code    38  water_dispenser.o(.text.Water_Dispenser_Disp_Command)
    Water_Dispenser_Gpio_Init                0x0800442d   Thumb Code   136  water_dispenser.o(.text.Water_Dispenser_Gpio_Init)
    Water_Dispenser_Handler                  0x080044d1   Thumb Code    16  water_dispenser.o(.text.Water_Dispenser_Handler)
    Water_Dispenser_Init                     0x080044e1   Thumb Code    12  water_dispenser.o(.text.Water_Dispenser_Init)
    Water_Dispenser_Lever_Input              0x080044ed   Thumb Code    52  water_dispenser.o(.text.Water_Dispenser_Lever_Input)
    Water_Dispenser_Lever_Input_Rising_Edge  0x08004525   Thumb Code    68  water_dispenser.o(.text.Water_Dispenser_Lever_Input_Rising_Edge)
    Water_Dispenser_Lever_Input_Rising_Edge_Reset 0x08004571   Thumb Code     8  water_dispenser.o(.text.Water_Dispenser_Lever_Input_Rising_Edge_Reset)
    Water_Dispenser_Reset_Water_Level_Selection 0x0800457d   Thumb Code     8  water_dispenser.o(.text.Water_Dispenser_Reset_Water_Level_Selection)
    Water_Dispenser_Send_Filter_Status       0x08004585   Thumb Code   170  water_dispenser.o(.text.Water_Dispenser_Send_Filter_Status)
    Water_Dispenser_Variable_Init            0x08004631   Thumb Code    12  water_dispenser.o(.text.Water_Dispenser_Variable_Init)
    Water_Dispenser_Water_Level_Selection    0x08004645   Thumb Code   180  water_dispenser.o(.text.Water_Dispenser_Water_Level_Selection)
    main                                     0x080048f5   Thumb Code   156  main.o(.text.main)
    timer_Init                               0x080049a1   Thumb Code   160  timer.o(.text.timer_Init)
    Region$$Table$$Base                      0x08004d48   Number         0  anon$$obj.o(Region$$Table)
    Region$$Table$$Limit                     0x08004d68   Number         0  anon$$obj.o(Region$$Table)
    ADC_Channel                              0x20000000   Data           5  ntc.o(.data.ADC_Channel)
    CRC_CVTE_CrcTable                        0x20000006   Data          32  crc.o(.data.CRC_CVTE_CrcTable)
    Parameter_Addr                           0x20000026   Data          12  auger_motor.o(.data.Parameter_Addr)
    Parameter_Value                          0x20000032   Data          12  auger_motor.o(.data.Parameter_Value)
    SystemCoreClock                          0x20000040   Data           4  system_stm32g0xx.o(.data.SystemCoreClock)
    __libspace_start                         0x20000048   Data          96  libspace.o(.bss)
    Auger_motor_op                           0x200000a8   Data           1  auger_motor.o(.bss.Auger_motor_op)
    __temporary_stack_top$libspace           0x200000a8   Data           0  libspace.o(.bss)
    BLDC_Motor__t                            0x200000aa   Data           8  auger_motor.o(.bss.BLDC_Motor__t)
    DebugThread                              0x200000b2   Data           4  glvars.o(.bss.DebugThread)
    DispUart                                 0x200000b6   Data         141  disp.o(.bss.DispUart)
    Disp_conf_im_on_disp_conf_rotation       0x20000143   Data           1  user_config.o(.bss.Disp_conf_im_on_disp_conf_rotation)
    Flapper_motor_state                      0x20000144   Data           1  flapper_motor.o(.bss.Flapper_motor_state)
    HB_update_packet_id                      0x20000145   Data           1  disp_comm.o(.bss.HB_update_packet_id)
    HeartBeat                                0x20000146   Data          14  disp_comm.o(.bss.HeartBeat)
    IM                                       0x20000154   Data          60  icemaker.o(.bss.IM)
    IM_on_conf_rotation                      0x20000190   Data           1  icemaker.o(.bss.IM_on_conf_rotation)
    IM_rotation_busy                         0x20000191   Data           1  icemaker.o(.bss.IM_rotation_busy)
    Ice_maker_after_valve_time               0x20000194   Data           4  parameter.o(.bss.Ice_maker_after_valve_time)
    Ice_maker_ic_full_wait_time              0x20000198   Data           4  parameter.o(.bss.Ice_maker_ic_full_wait_time)
    Ice_maker_set_ice_temp                   0x2000019c   Data           4  parameter.o(.bss.Ice_maker_set_ice_temp)
    Ice_maker_valve_on_cycle                 0x200001a0   Data           2  parameter.o(.bss.Ice_maker_valve_on_cycle)
    LPF                                      0x200001a4   Data          12  iirlpf.o(.bss.LPF)
    Lever_Fb                                 0x200001b0   Data           1  water_dispenser.o(.bss.Lever_Fb)
    Lever_low_state                          0x200001b1   Data           1  water_dispenser.o(.bss.Lever_low_state)
    Lever_rising_edge_stat                   0x200001b2   Data           1  water_dispenser.o(.bss.Lever_rising_edge_stat)
    MasterData                               0x200001b4   Data         144  disp_comm.o(.bss.MasterData)
    NTC                                      0x20000244   Data          48  ntc.o(.bss.NTC)
    Timebase                                 0x20000274   Data           4  timebase.o(.bss.Timebase)
    Timebase_startup_temp                    0x20000278   Data           1  icemaker.o(.bss.Timebase_startup_temp)
    Timebase_type                            0x2000027c   Data         368  timebase.o(.bss.Timebase_type)
    UART                                     0x200003ec   Data          43  uart.o(.bss.UART)
    UC_valve_turned_off                      0x20000417   Data           1  user_config.o(.bss.UC_valve_turned_off)
    User_config_im_reset_flag                0x20000418   Data           1  user_config.o(.bss.User_config_im_reset_flag)
    Valve_off_time                           0x2000041a   Data           2  parameter.o(.bss.Valve_off_time)
    Valve_on_time                            0x2000041c   Data           2  parameter.o(.bss.Valve_on_time)
    Valve_on_user_config                     0x2000041e   Data           1  user_config.o(.bss.Valve_on_user_config)
    Water_disp_water_level                   0x2000041f   Data           1  water_dispenser.o(.bss.Water_disp_water_level)
    Water_dispenser_AC_DC_valve_state        0x20000420   Data           1  water_dispenser.o(.bss.Water_dispenser_AC_DC_valve_state)
    Water_dispenser_low_water_level_time_sec 0x20000421   Data           1  parameter.o(.bss.Water_dispenser_low_water_level_time_sec)
    Water_dispenser_mid_water_level_time_sec 0x20000422   Data           1  parameter.o(.bss.Water_dispenser_mid_water_level_time_sec)
    heartbeat_data                           0x20000423   Data          14  disp_comm.o(.bss.heartbeat_data)
    heater_run_time                          0x20000432   Data           2  parameter.o(.bss.heater_run_time)
    lever_released_flag                      0x20000434   Data           1  water_dispenser.o(.bss.lever_released_flag)



==============================================================================

Memory Map of the image

  Image Entry point : 0x08000179

  Load Region LR_1 (Base: 0x08000000, Size: 0x00004dac, Max: 0xffffffff, ABSOLUTE)

    Execution Region ER_RO (Exec base: 0x08000000, Load base: 0x08000000, Size: 0x00004d68, Max: 0xffffffff, ABSOLUTE)

    Exec Addr    Load Addr    Size         Type   Attr      Idx    E Section Name        Object

    0x08000000   0x08000000   0x000000b8   Data   RO          925    RESET               startup_stm32g070xx.o
    0x080000b8   0x080000b8   0x00000008   Code   RO          956  * !!!main             c_p.l(__main.o)
    0x080000c0   0x080000c0   0x00000054   Code   RO         1133    !!!scatter          c_p.l(__scatter.o)
    0x08000114   0x08000114   0x0000001a   Code   RO         1137    !!handler_copy      c_p.l(__scatter_copy.o)
    0x0800012e   0x0800012e   0x00000002   PAD
    0x08000130   0x08000130   0x00000002   Code   RO         1134    !!handler_null      c_p.l(__scatter.o)
    0x08000132   0x08000132   0x00000002   PAD
    0x08000134   0x08000134   0x0000001c   Code   RO         1139    !!handler_zi        c_p.l(__scatter_zi.o)
    0x08000150   0x08000150   0x00000002   Code   RO          994    .ARM.Collect$$libinit$$00000000  c_p.l(libinit.o)
    0x08000152   0x08000152   0x00000000   Code   RO         1008    .ARM.Collect$$libinit$$00000002  c_p.l(libinit2.o)
    0x08000152   0x08000152   0x00000000   Code   RO         1010    .ARM.Collect$$libinit$$00000004  c_p.l(libinit2.o)
    0x08000152   0x08000152   0x00000000   Code   RO         1012    .ARM.Collect$$libinit$$00000006  c_p.l(libinit2.o)
    0x08000152   0x08000152   0x00000000   Code   RO         1015    .ARM.Collect$$libinit$$0000000C  c_p.l(libinit2.o)
    0x08000152   0x08000152   0x00000000   Code   RO         1017    .ARM.Collect$$libinit$$0000000E  c_p.l(libinit2.o)
    0x08000152   0x08000152   0x00000000   Code   RO         1019    .ARM.Collect$$libinit$$00000010  c_p.l(libinit2.o)
    0x08000152   0x08000152   0x00000000   Code   RO         1022    .ARM.Collect$$libinit$$00000013  c_p.l(libinit2.o)
    0x08000152   0x08000152   0x00000000   Code   RO         1024    .ARM.Collect$$libinit$$00000015  c_p.l(libinit2.o)
    0x08000152   0x08000152   0x00000000   Code   RO         1026    .ARM.Collect$$libinit$$00000017  c_p.l(libinit2.o)
    0x08000152   0x08000152   0x00000000   Code   RO         1028    .ARM.Collect$$libinit$$00000019  c_p.l(libinit2.o)
    0x08000152   0x08000152   0x00000000   Code   RO         1030    .ARM.Collect$$libinit$$0000001B  c_p.l(libinit2.o)
    0x08000152   0x08000152   0x00000000   Code   RO         1032    .ARM.Collect$$libinit$$0000001D  c_p.l(libinit2.o)
    0x08000152   0x08000152   0x00000000   Code   RO         1034    .ARM.Collect$$libinit$$0000001F  c_p.l(libinit2.o)
    0x08000152   0x08000152   0x00000000   Code   RO         1036    .ARM.Collect$$libinit$$00000021  c_p.l(libinit2.o)
    0x08000152   0x08000152   0x00000000   Code   RO         1038    .ARM.Collect$$libinit$$00000023  c_p.l(libinit2.o)
    0x08000152   0x08000152   0x00000000   Code   RO         1040    .ARM.Collect$$libinit$$00000025  c_p.l(libinit2.o)
    0x08000152   0x08000152   0x00000000   Code   RO         1042    .ARM.Collect$$libinit$$00000027  c_p.l(libinit2.o)
    0x08000152   0x08000152   0x00000000   Code   RO         1046    .ARM.Collect$$libinit$$0000002E  c_p.l(libinit2.o)
    0x08000152   0x08000152   0x00000000   Code   RO         1048    .ARM.Collect$$libinit$$00000030  c_p.l(libinit2.o)
    0x08000152   0x08000152   0x00000000   Code   RO         1050    .ARM.Collect$$libinit$$00000032  c_p.l(libinit2.o)
    0x08000152   0x08000152   0x00000000   Code   RO         1052    .ARM.Collect$$libinit$$00000034  c_p.l(libinit2.o)
    0x08000152   0x08000152   0x00000002   Code   RO         1053    .ARM.Collect$$libinit$$00000035  c_p.l(libinit2.o)
    0x08000154   0x08000154   0x00000002   Code   RO         1088    .ARM.Collect$$libshutdown$$00000000  c_p.l(libshutdown.o)
    0x08000156   0x08000156   0x00000000   Code   RO         1116    .ARM.Collect$$libshutdown$$00000002  c_p.l(libshutdown2.o)
    0x08000156   0x08000156   0x00000000   Code   RO         1118    .ARM.Collect$$libshutdown$$00000004  c_p.l(libshutdown2.o)
    0x08000156   0x08000156   0x00000000   Code   RO         1121    .ARM.Collect$$libshutdown$$00000007  c_p.l(libshutdown2.o)
    0x08000156   0x08000156   0x00000000   Code   RO         1124    .ARM.Collect$$libshutdown$$0000000A  c_p.l(libshutdown2.o)
    0x08000156   0x08000156   0x00000000   Code   RO         1126    .ARM.Collect$$libshutdown$$0000000C  c_p.l(libshutdown2.o)
    0x08000156   0x08000156   0x00000000   Code   RO         1129    .ARM.Collect$$libshutdown$$0000000F  c_p.l(libshutdown2.o)
    0x08000156   0x08000156   0x00000002   Code   RO         1130    .ARM.Collect$$libshutdown$$00000010  c_p.l(libshutdown2.o)
    0x08000158   0x08000158   0x00000000   Code   RO          958    .ARM.Collect$$rtentry$$00000000  c_p.l(__rtentry.o)
    0x08000158   0x08000158   0x00000000   Code   RO          964    .ARM.Collect$$rtentry$$00000002  c_p.l(__rtentry2.o)
    0x08000158   0x08000158   0x00000006   Code   RO          976    .ARM.Collect$$rtentry$$00000004  c_p.l(__rtentry4.o)
    0x0800015e   0x0800015e   0x00000000   Code   RO          966    .ARM.Collect$$rtentry$$00000009  c_p.l(__rtentry2.o)
    0x0800015e   0x0800015e   0x00000004   Code   RO          967    .ARM.Collect$$rtentry$$0000000A  c_p.l(__rtentry2.o)
    0x08000162   0x08000162   0x00000000   Code   RO          969    .ARM.Collect$$rtentry$$0000000C  c_p.l(__rtentry2.o)
    0x08000162   0x08000162   0x00000008   Code   RO          970    .ARM.Collect$$rtentry$$0000000D  c_p.l(__rtentry2.o)
    0x0800016a   0x0800016a   0x00000002   Code   RO          999    .ARM.Collect$$rtexit$$00000000  c_p.l(rtexit.o)
    0x0800016c   0x0800016c   0x00000000   Code   RO         1059    .ARM.Collect$$rtexit$$00000002  c_p.l(rtexit2.o)
    0x0800016c   0x0800016c   0x00000004   Code   RO         1060    .ARM.Collect$$rtexit$$00000003  c_p.l(rtexit2.o)
    0x08000170   0x08000170   0x00000006   Code   RO         1061    .ARM.Collect$$rtexit$$00000004  c_p.l(rtexit2.o)
    0x08000176   0x08000176   0x00000002   PAD
    0x08000178   0x08000178   0x00000038   Code   RO          926  * .text               startup_stm32g070xx.o
    0x080001b0   0x080001b0   0x0000016c   Code   RO          950    .text               c_p.l(aeabi_sdiv.o)
    0x0800031c   0x0800031c   0x00000006   Code   RO          954    .text               c_p.l(heapauxi.o)
    0x08000322   0x08000322   0x0000003e   Code   RO          980    .text               c_p.l(sys_stackheap_outer.o)
    0x08000360   0x08000360   0x00000010   Code   RO          983    .text               c_p.l(exit.o)
    0x08000370   0x08000370   0x00000008   Code   RO          995    .text               c_p.l(libspace.o)
    0x08000378   0x08000378   0x0000000c   Code   RO         1054    .text               c_p.l(sys_exit.o)
    0x08000384   0x08000384   0x00000002   Code   RO         1077    .text               c_p.l(use_no_semi.o)
    0x08000386   0x08000386   0x00000000   Code   RO         1079    .text               c_p.l(indicate_semi.o)
    0x08000386   0x08000386   0x00000002   PAD
    0x08000388   0x08000388   0x0000004c   Code   RO          875    .text.Auger_Motor_Disp_Comm_Based_Rotation  auger_motor.o
    0x080003d4   0x080003d4   0x00000008   Code   RO          877    .text.Auger_Motor_Handler  auger_motor.o
    0x080003dc   0x080003dc   0x0000000c   Code   RO          871    .text.Auger_Motor_Init  auger_motor.o
    0x080003e8   0x080003e8   0x00000014   Code   RO          861    .text.Auger_Motor_Rotate_CCW  auger_motor.o
    0x080003fc   0x080003fc   0x00000068   Code   RO          863    .text.Auger_Motor_Start  auger_motor.o
    0x08000464   0x08000464   0x00000074   Code   RO          865    .text.Auger_Motor_Stop  auger_motor.o
    0x080004d8   0x080004d8   0x0000000c   Code   RO          855    .text.BLDC_I2C1_Init  auger_motor.o
    0x080004e4   0x080004e4   0x00000014   Code   RO          813    .text.BLDC_Motor_Struct_Init  auger_motor.o
    0x080004f8   0x080004f8   0x00000080   Code   RO          619    .text.CRC_CVTE_Block  crc.o
    0x08000578   0x08000578   0x00000008   Code   RO          182    .text.Debug_Data_Handler  debug_data.o
    0x08000580   0x08000580   0x00000048   Code   RO          857    .text.Direction_Pin_Gpio_Init  auger_motor.o
    0x080005c8   0x080005c8   0x00000028   Code   RO          436    .text.Disp_Comm_Handler  disp_comm.o
    0x080005f0   0x080005f0   0x0000006c   Code   RO          390    .text.Disp_Comm_HeartBeat_Send  disp_comm.o
    0x0800065c   0x0800065c   0x00000010   Code   RO          382    .text.Disp_Comm_HeartBeat_Set_Crc  disp_comm.o
    0x0800066c   0x0800066c   0x00000010   Code   RO          366    .text.Disp_Comm_HeartBeat_Set_Fixed_Fields  disp_comm.o
    0x0800067c   0x0800067c   0x00000010   Code   RO          368    .text.Disp_Comm_HeartBeat_Set_PacketID  disp_comm.o
    0x0800068c   0x0800068c   0x0000001c   Code   RO          364    .text.Disp_Comm_HeartBeat_Struct_Init  disp_comm.o
    0x080006a8   0x080006a8   0x00000190   Code   RO          384    .text.Disp_Comm_Heartbeat_Set_Data  disp_comm.o
    0x08000838   0x08000838   0x0000001a   Code   RO          438    .text.Disp_Comm_Init  disp_comm.o
    0x08000852   0x08000852   0x00000038   Code   RO          398    .text.Disp_Comm_Master_Data_CRC_Stat  disp_comm.o
    0x0800088a   0x0800088a   0x00000002   PAD
    0x0800088c   0x0800088c   0x000000a0   Code   RO          394    .text.Disp_Comm_Master_Data_CRC_Verify  disp_comm.o
    0x0800092c   0x0800092c   0x0000009c   Code   RO          396    .text.Disp_Comm_Master_Data_Extract  disp_comm.o
    0x080009c8   0x080009c8   0x00000008   Code   RO          400    .text.Disp_Comm_Master_Data_Get_Calculated_Crc  disp_comm.o
    0x080009d0   0x080009d0   0x00000008   Code   RO          410    .text.Disp_Comm_Master_Data_Get_Header  disp_comm.o
    0x080009d8   0x080009d8   0x00000008   Code   RO          422    .text.Disp_Comm_Master_Data_Get_IMValveOnCycle  disp_comm.o
    0x080009e0   0x080009e0   0x00000008   Code   RO          420    .text.Disp_Comm_Master_Data_Get_IMValveOnTime  disp_comm.o
    0x080009e8   0x080009e8   0x00000008   Code   RO          418    .text.Disp_Comm_Master_Data_Get_IceMaker  disp_comm.o
    0x080009f0   0x080009f0   0x00000008   Code   RO          412    .text.Disp_Comm_Master_Data_Get_Length  disp_comm.o
    0x080009f8   0x080009f8   0x00000008   Code   RO          414    .text.Disp_Comm_Master_Data_Get_Mode  disp_comm.o
    0x08000a00   0x08000a00   0x00000008   Code   RO          402    .text.Disp_Comm_Master_Data_Get_Received_Crc  disp_comm.o
    0x08000a08   0x08000a08   0x00000008   Code   RO          416    .text.Disp_Comm_Master_Data_Get_WaterDispenser  disp_comm.o
    0x08000a10   0x08000a10   0x00000068   Code   RO          392    .text.Disp_Comm_Master_Data_Struct_Init  disp_comm.o
    0x08000a78   0x08000a78   0x00000140   Code   RO          388    .text.Disp_Comm_Print_Heartbeat_Send_Data  disp_comm.o
    0x08000bb8   0x08000bb8   0x0000012c   Code   RO          426    .text.Disp_Comm_Print_Master_Rec_Data  disp_comm.o
    0x08000ce4   0x08000ce4   0x00000040   Code   RO          434    .text.Disp_Comm_Update_HBUpdate_Byte  disp_comm.o
    0x08000d24   0x08000d24   0x0000000c   Code   RO          362    .text.Disp_Comm_Variable_Init  disp_comm.o
    0x08000d30   0x08000d30   0x0000000c   Code   RO          784    .text.Disp_Config_Ice_Tray_on_User_Config_Rotation  user_config.o
    0x08000d3c   0x08000d3c   0x0000000c   Code   RO          346    .text.Disp_UART_Clear_Data_Available_Flag  disp.o
    0x08000d48   0x08000d48   0x00000024   Code   RO          242    .text.Disp_UART_Clock_Init  disp.o
    0x08000d6c   0x08000d6c   0x0000000c   Code   RO          266    .text.Disp_UART_Counter_Reset  disp.o
    0x08000d78   0x08000d78   0x00000008   Code   RO          344    .text.Disp_UART_Data_Available  disp.o
    0x08000d80   0x08000d80   0x00000044   Code   RO          350    .text.Disp_UART_Data_Copy_Buf  disp.o
    0x08000dc4   0x08000dc4   0x00000038   Code   RO          340    .text.Disp_UART_Flush_Buf  disp.o
    0x08000dfc   0x08000dfc   0x00000078   Code   RO          240    .text.Disp_UART_GPIO_Init  disp.o
    0x08000e74   0x08000e74   0x00000014   Code   RO          342    .text.Disp_UART_Get_Buf  disp.o
    0x08000e88   0x08000e88   0x00000008   Code   RO          270    .text.Disp_UART_Get_Buf_Index  disp.o
    0x08000e90   0x08000e90   0x00000008   Code   RO          348    .text.Disp_UART_Get_Data_Len  disp.o
    0x08000e98   0x08000e98   0x0000002c   Code   RO          272    .text.Disp_UART_Init  disp.o
    0x08000ec4   0x08000ec4   0x00000024   Code   RO          248    .text.Disp_UART_RX_Config  disp.o
    0x08000ee8   0x08000ee8   0x0000002c   Code   RO          250    .text.Disp_UART_RX_Int_Config  disp.o
    0x08000f14   0x08000f14   0x00000054   Code   RO          244    .text.Disp_UART_Set_BAUD_Rate  disp.o
    0x08000f68   0x08000f68   0x00000074   Code   RO          238    .text.Disp_UART_Struct_Init  disp.o
    0x08000fdc   0x08000fdc   0x00000028   Code   RO          246    .text.Disp_UART_TX_Config  disp.o
    0x08001004   0x08001004   0x00000014   Code   RO          260    .text.Disp_UART_Timer_Disable  disp.o
    0x08001018   0x08001018   0x00000018   Code   RO          258    .text.Disp_UART_Timer_Enable  disp.o
    0x08001030   0x08001030   0x00000070   Code   RO          256    .text.Disp_UART_Timer_Init  disp.o
    0x080010a0   0x080010a0   0x0000003c   Code   RO          274    .text.Disp_UART_Transmit_Byte  disp.o
    0x080010dc   0x080010dc   0x0000003c   Code   RO          278    .text.Disp_UART_Tx_Buf  disp.o
    0x08001118   0x08001118   0x00000044   Code   RO          890    .text.Flapper_Gpio_Init  flapper_motor.o
    0x0800115c   0x0800115c   0x00000008   Code   RO          892    .text.Flapper_Motor_Init  flapper_motor.o
    0x08001164   0x08001164   0x000000f0   Code   RO          898    .text.Flapper_Motor_Lever_Based_Control  flapper_motor.o
    0x08001254   0x08001254   0x00000034   Code   RO          894    .text.Flapper_Motor_Power_Supply  flapper_motor.o
    0x08001288   0x08001288   0x00000030   Code   RO          896    .text.Flapper_Motor_Read_Raw_Feedback  flapper_motor.o
    0x080012b8   0x080012b8   0x00000010   Code   RO          707    .text.GET_ICE_MAKER_AFTER_VALVE_TIME  parameter.o
    0x080012c8   0x080012c8   0x00000014   Code   RO          719    .text.GET_ICE_MAKER_HEATER_RUN_TIME  parameter.o
    0x080012dc   0x080012dc   0x00000010   Code   RO          709    .text.GET_ICE_MAKER_IC_FULL_WAIT_TIME  parameter.o
    0x080012ec   0x080012ec   0x00000010   Code   RO          711    .text.GET_ICE_MAKER_SET_ICE_TEMP  parameter.o
    0x080012fc   0x080012fc   0x00000010   Code   RO          705    .text.GET_ICE_MAKER_VALVE_OFF_TIME  parameter.o
    0x0800130c   0x0800130c   0x0000000c   Code   RO          703    .text.GET_ICE_MAKER_VALVE_ON_CYCLE  parameter.o
    0x08001318   0x08001318   0x0000000c   Code   RO          701    .text.GET_ICE_MAKER_VALVE_ON_TIME  parameter.o
    0x08001324   0x08001324   0x00000010   Code   RO          723    .text.GET_WATER_DISPENSER_LOW_WATER_FILL_TIME_SEC  parameter.o
    0x08001334   0x08001334   0x00000010   Code   RO          721    .text.GET_WATER_DISPENSER_MID_WATER_FILL_TIME_SEC  parameter.o
    0x08001344   0x08001344   0x00000008   Code   RO          774    .text.GlobalVars_Clear_Start_Flag  glvars.o
    0x0800134c   0x0800134c   0x00000008   Code   RO          758    .text.GlobalVars_Get_Curr_Thread  glvars.o
    0x08001354   0x08001354   0x00000008   Code   RO          770    .text.GlobalVars_Get_Start_Flag  glvars.o
    0x0800135c   0x0800135c   0x00000008   Code   RO          764    .text.GlobalVars_Get_Thread_Function  glvars.o
    0x08001364   0x08001364   0x0000000c   Code   RO          760    .text.GlobalVars_Inc_Curr_Thread  glvars.o
    0x08001370   0x08001370   0x0000000c   Code   RO          766    .text.GlobalVars_Inc_Thread_Function  glvars.o
    0x0800137c   0x0800137c   0x00000008   Code   RO          762    .text.GlobalVars_Reset_Curr_Thread  glvars.o
    0x08001384   0x08001384   0x00000008   Code   RO          768    .text.GlobalVars_Reset_Thread_Function  glvars.o
    0x0800138c   0x0800138c   0x0000000c   Code   RO          772    .text.GlobalVars_Set_Start_Flag  glvars.o
    0x08001398   0x08001398   0x0000002c   Code   RO          841    .text.I2C1_Clock_Init  auger_motor.o
    0x080013c4   0x080013c4   0x00000040   Code   RO          843    .text.I2C1_Config   auger_motor.o
    0x08001404   0x08001404   0x000000b4   Code   RO          839    .text.I2C1_GPIO_Init  auger_motor.o
    0x080014b8   0x080014b8   0x00000010   Code   RO          845    .text.I2C1_Init     auger_motor.o
    0x080014c8   0x080014c8   0x00000064   Code   RO          851    .text.I2C1_Write_Register  auger_motor.o
    0x0800152c   0x0800152c   0x0000006c   Code   RO          106    .text.Ice_Maker_CCW_End_Detection  icemaker.o
    0x08001598   0x08001598   0x000001f4   Code   RO          120    .text.Ice_Maker_Config_Rotation  icemaker.o
    0x0800178c   0x0800178c   0x0000026c   Code   RO          128    .text.Ice_Maker_Debug_Data  icemaker.o
    0x080019f8   0x080019f8   0x00000024   Code   RO          146    .text.Ice_Maker_Disp_Comm_Based_Ice_Maker_Handler  icemaker.o
    0x08001a1c   0x08001a1c   0x00000054   Code   RO          140    .text.Ice_Maker_Disp_Comm_Based_Ice_Maker_Mode  icemaker.o
    0x08001a70   0x08001a70   0x00000028   Code   RO          136    .text.Ice_Maker_Disp_Comm_Based_Ice_Maker_Mode_Update_For_Heartbeat_Data  icemaker.o
    0x08001a98   0x08001a98   0x00000038   Code   RO          142    .text.Ice_Maker_Disp_Comm_Based_Update_Ice_Container_Full_Status_Bit  icemaker.o
    0x08001ad0   0x08001ad0   0x00000040   Code   RO          144    .text.Ice_Maker_Disp_Comm_Based_Update_NTC_Error_Bit  icemaker.o
    0x08001b10   0x08001b10   0x00000020   Code   RO          132    .text.Ice_Maker_Get_Temperature_Value  icemaker.o
    0x08001b30   0x08001b30   0x00000054   Code   RO           84    .text.Ice_Maker_Hall_Feedback_Checker_RT  icemaker.o
    0x08001b84   0x08001b84   0x0000002c   Code   RO           82    .text.Ice_Maker_Hall_Feedback_checker  icemaker.o
    0x08001bb0   0x08001bb0   0x00000050   Code   RO          138    .text.Ice_Maker_IM_On_Operation  icemaker.o
    0x08001c00   0x08001c00   0x0000008c   Code   RO           72    .text.Ice_Maker_IM_Struct_Init  icemaker.o
    0x08001c8c   0x08001c8c   0x0000013c   Code   RO          134    .text.Ice_Maker_Ice_Making_Operation  icemaker.o
    0x08001dc8   0x08001dc8   0x00000028   Code   RO          100    .text.Ice_Maker_Ice_Temp_Check  icemaker.o
    0x08001df0   0x08001df0   0x0000000c   Code   RO          122    .text.Ice_Maker_Ice_Tray_On_Config_Rotation  icemaker.o
    0x08001dfc   0x08001dfc   0x00000008   Code   RO          126    .text.Ice_Maker_Ice_Tray_On_Operation  icemaker.o
    0x08001e04   0x08001e04   0x000001f8   Code   RO          124    .text.Ice_Maker_Ice_Tray_Rotation  icemaker.o
    0x08001ffc   0x08001ffc   0x000001f8   Code   RO          114    .text.Ice_Maker_Ice_Tray_Rotation_Init  icemaker.o
    0x080021f4   0x080021f4   0x000000fc   Code   RO           76    .text.Ice_Maker_Init  icemaker.o
    0x080022f0   0x080022f0   0x00000028   Code   RO          112    .text.Ice_Maker_Init_Rotation_Reset  icemaker.o
    0x08002318   0x08002318   0x00000010   Code   RO          116    .text.Ice_Maker_Module_Flag_Reset  icemaker.o
    0x08002328   0x08002328   0x00000080   Code   RO           78    .text.Ice_Maker_Motor_Control  icemaker.o
    0x080023a8   0x080023a8   0x00000014   Code   RO          118    .text.Ice_Maker_Reset_All_Parameter  icemaker.o
    0x080023bc   0x080023bc   0x00000070   Code   RO          110    .text.Ice_Maker_Reset_All_Parmaeters  icemaker.o
    0x0800242c   0x0800242c   0x00000010   Code   RO           86    .text.Ice_Maker_Reset_Hall_Feedback  icemaker.o
    0x0800243c   0x0800243c   0x00000054   Code   RO          102    .text.Ice_Maker_Test_Button  icemaker.o
    0x08002490   0x08002490   0x0000009c   Code   RO           90    .text.Ice_Maker_Time_Based_Heater_Config  icemaker.o
    0x0800252c   0x0800252c   0x000000f8   Code   RO           96    .text.Ice_Maker_Valve_Config  icemaker.o
    0x08002624   0x08002624   0x00000010   Code   RO           94    .text.Ice_Maker_Valve_Off  icemaker.o
    0x08002634   0x08002634   0x00000014   Code   RO           92    .text.Ice_Maker_Valve_On  icemaker.o
    0x08002648   0x08002648   0x00000018   Code   RO          224    .text.LPF_Get_Alpha  iirlpf.o
    0x08002660   0x08002660   0x0000007c   Code   RO          226    .text.LPF_Get_Filtered_Value  iirlpf.o
    0x080026dc   0x080026dc   0x00000008   Code   RO          228    .text.LPF_Init      iirlpf.o
    0x080026e4   0x080026e4   0x00000020   Code   RO          222    .text.LPF_Set_Alpha  iirlpf.o
    0x08002704   0x08002704   0x0000004c   Code   RO          220    .text.LPF_Struct_Init  iirlpf.o
    0x08002750   0x08002750   0x000002f8   Code   RO          201    .text.NTC_Calculate_Single_Sample  ntc.o
    0x08002a48   0x08002a48   0x0000001c   Code   RO          205    .text.NTC_Get_Temperature  ntc.o
    0x08002a64   0x08002a64   0x00000120   Code   RO          195    .text.NTC_Sensor_ADC_Init  ntc.o
    0x08002b84   0x08002b84   0x00000030   Code   RO          193    .text.NTC_Sensor_GPIO_Init  ntc.o
    0x08002bb4   0x08002bb4   0x00000042   Code   RO          209    .text.NTC_Sensor_Init  ntc.o
    0x08002bf6   0x08002bf6   0x00000002   PAD
    0x08002bf8   0x08002bf8   0x00000038   Code   RO          199    .text.NTC_Sensor_Reading  ntc.o
    0x08002c30   0x08002c30   0x00000044   Code   RO          191    .text.NTC_Struct_Init  ntc.o
    0x08002c74   0x08002c74   0x00000028   Code   RO          699    .text.Parameter_Get_Disp_Comm_Val  parameter.o
    0x08002c9c   0x08002c9c   0x00000018   Code   RO          697    .text.Parameter_Init  parameter.o
    0x08002cb4   0x08002cb4   0x00000058   Code   RO          744    .text.Print_All_Debug_Data  debug_parameter.o
    0x08002d0c   0x08002d0c   0x0000006c   Code   RO          197    .text.Read_ADC      ntc.o
    0x08002d78   0x08002d78   0x00000002   Code   RO          933    .text.SystemInit    system_stm32g0xx.o
    0x08002d7a   0x08002d7a   0x00000002   PAD
    0x08002d7c   0x08002d7c   0x00000048   Code   RO          268    .text.TIM14_IRQHandler  disp.o
    0x08002dc4   0x08002dc4   0x000001a4   Code   RO           74    .text.TIM1_BRK_UP_TRG_COM_IRQHandler  icemaker.o
    0x08002f68   0x08002f68   0x00000024   Code   RO          608    .text.TIM3_IRQHandler  timebase.o
    0x08002f8c   0x08002f8c   0x00000004   Code   RO          462    .text.Timebase_Atomic_Operation_End  timebase.o
    0x08002f90   0x08002f90   0x00000004   Code   RO          460    .text.Timebase_Atomic_Operation_Start  timebase.o
    0x08002f94   0x08002f94   0x00000014   Code   RO          572    .text.Timebase_DownCounter_Clear_All_Flags  timebase.o
    0x08002fa8   0x08002fa8   0x00000020   Code   RO          568    .text.Timebase_DownCounter_Clear_Period_Flag  timebase.o
    0x08002fc8   0x08002fc8   0x00000036   Code   RO          586    .text.Timebase_DownCounter_Expired_Event  timebase.o
    0x08002ffe   0x08002ffe   0x00000002   PAD
    0x08003000   0x08003000   0x00000018   Code   RO          556    .text.Timebase_DownCounter_Get_EndValue  timebase.o
    0x08003018   0x08003018   0x0000001c   Code   RO          548    .text.Timebase_DownCounter_Get_Status  timebase.o
    0x08003034   0x08003034   0x00000018   Code   RO          552    .text.Timebase_DownCounter_Get_Value  timebase.o
    0x0800304c   0x0800304c   0x00000036   Code   RO          570    .text.Timebase_DownCounter_Reset  timebase.o
    0x08003082   0x08003082   0x0000002e   Code   RO          598    .text.Timebase_DownCounter_Reset_All  timebase.o
    0x080030b0   0x080030b0   0x00000014   Code   RO          520    .text.Timebase_DownCounter_SS_Clear_All_Flags  timebase.o
    0x080030c4   0x080030c4   0x00000020   Code   RO          516    .text.Timebase_DownCounter_SS_Clear_Period_Flag  timebase.o
    0x080030e4   0x080030e4   0x00000036   Code   RO          534    .text.Timebase_DownCounter_SS_Expired_Event  timebase.o
    0x0800311a   0x0800311a   0x00000002   PAD
    0x0800311c   0x0800311c   0x00000018   Code   RO          500    .text.Timebase_DownCounter_SS_Get_EndValueSec  timebase.o
    0x08003134   0x08003134   0x00000018   Code   RO          502    .text.Timebase_DownCounter_SS_Get_EndValueSubSec  timebase.o
    0x0800314c   0x0800314c   0x00000018   Code   RO          508    .text.Timebase_DownCounter_SS_Get_PeriodValue  timebase.o
    0x08003164   0x08003164   0x00000020   Code   RO          512    .text.Timebase_DownCounter_SS_Get_Period_Flag  timebase.o
    0x08003184   0x08003184   0x0000003a   Code   RO          538    .text.Timebase_DownCounter_SS_Get_Remaining_Period_Value  timebase.o
    0x080031be   0x080031be   0x00000002   PAD
    0x080031c0   0x080031c0   0x00000020   Code   RO          492    .text.Timebase_DownCounter_SS_Get_Status  timebase.o
    0x080031e0   0x080031e0   0x00000018   Code   RO          496    .text.Timebase_DownCounter_SS_Get_Value  timebase.o
    0x080031f8   0x080031f8   0x0000003c   Code   RO          540    .text.Timebase_DownCounter_SS_Period_Value_Expired  timebase.o
    0x08003234   0x08003234   0x00000036   Code   RO          542    .text.Timebase_DownCounter_SS_Period_Value_Expired_Event  timebase.o
    0x0800326a   0x0800326a   0x00000040   Code   RO          518    .text.Timebase_DownCounter_SS_Reset  timebase.o
    0x080032aa   0x080032aa   0x0000002e   Code   RO          546    .text.Timebase_DownCounter_SS_Reset_All  timebase.o
    0x080032d8   0x080032d8   0x0000001c   Code   RO          504    .text.Timebase_DownCounter_SS_Set_EndValueSec  timebase.o
    0x080032f4   0x080032f4   0x0000001c   Code   RO          506    .text.Timebase_DownCounter_SS_Set_EndValueSubSec  timebase.o
    0x08003310   0x08003310   0x00000022   Code   RO          528    .text.Timebase_DownCounter_SS_Set_Forcefully  timebase.o
    0x08003332   0x08003332   0x00000002   PAD
    0x08003334   0x08003334   0x00000040   Code   RO          510    .text.Timebase_DownCounter_SS_Set_PeriodValue  timebase.o
    0x08003374   0x08003374   0x00000024   Code   RO          514    .text.Timebase_DownCounter_SS_Set_Period_Flag  timebase.o
    0x08003398   0x08003398   0x0000003e   Code   RO          536    .text.Timebase_DownCounter_SS_Set_Period_Value_Securely  timebase.o
    0x080033d6   0x080033d6   0x00000002   PAD
    0x080033d8   0x080033d8   0x000000ac   Code   RO          526    .text.Timebase_DownCounter_SS_Set_Securely  timebase.o
    0x08003484   0x08003484   0x00000034   Code   RO          494    .text.Timebase_DownCounter_SS_Set_Status  timebase.o
    0x080034b8   0x080034b8   0x00000020   Code   RO          498    .text.Timebase_DownCounter_SS_Set_Value  timebase.o
    0x080034d8   0x080034d8   0x00000026   Code   RO          522    .text.Timebase_DownCounter_SS_Start  timebase.o
    0x080034fe   0x080034fe   0x00000002   PAD
    0x08003500   0x08003500   0x000000f0   Code   RO          530    .text.Timebase_DownCounter_SS_Update  timebase.o
    0x080035f0   0x080035f0   0x0000002e   Code   RO          544    .text.Timebase_DownCounter_SS_Update_All  timebase.o
    0x0800361e   0x0800361e   0x00000002   PAD
    0x08003620   0x08003620   0x0000001c   Code   RO          558    .text.Timebase_DownCounter_Set_EndValue  timebase.o
    0x0800363c   0x0800363c   0x00000048   Code   RO          578    .text.Timebase_DownCounter_Set_Securely  timebase.o
    0x08003684   0x08003684   0x00000038   Code   RO          550    .text.Timebase_DownCounter_Set_Status  timebase.o
    0x080036bc   0x080036bc   0x00000020   Code   RO          554    .text.Timebase_DownCounter_Set_Value  timebase.o
    0x080036dc   0x080036dc   0x00000026   Code   RO          574    .text.Timebase_DownCounter_Start  timebase.o
    0x08003702   0x08003702   0x0000008c   Code   RO          582    .text.Timebase_DownCounter_Update  timebase.o
    0x0800378e   0x0800378e   0x0000002e   Code   RO          596    .text.Timebase_DownCounter_Update_All  timebase.o
    0x080037bc   0x080037bc   0x0000004c   Code   RO          606    .text.Timebase_ISR_Executables  timebase.o
    0x08003808   0x08003808   0x0000001e   Code   RO          602    .text.Timebase_Init  timebase.o
    0x08003826   0x08003826   0x00000002   PAD
    0x08003828   0x08003828   0x00000060   Code   RO          604    .text.Timebase_Main_Loop_Executables  timebase.o
    0x08003888   0x08003888   0x0000000c   Code   RO          600    .text.Timebase_Reset  timebase.o
    0x08003894   0x08003894   0x0000011c   Code   RO          452    .text.Timebase_Struct_Init  timebase.o
    0x080039b0   0x080039b0   0x00000070   Code   RO          454    .text.Timebase_Timer_Config  timebase.o
    0x08003a20   0x08003a20   0x0000008c   Code   RO          478    .text.Timebase_Timer_Delay_SubSeconds  timebase.o
    0x08003aac   0x08003aac   0x0000000c   Code   RO          470    .text.Timebase_Timer_Get_Seconds  timebase.o
    0x08003ab8   0x08003ab8   0x00000008   Code   RO          466    .text.Timebase_Timer_Get_SecondsShadow  timebase.o
    0x08003ac0   0x08003ac0   0x00000008   Code   RO          468    .text.Timebase_Timer_Get_SubSeconds  timebase.o
    0x08003ac8   0x08003ac8   0x00000008   Code   RO          464    .text.Timebase_Timer_Get_SubSecondsShadow  timebase.o
    0x08003ad0   0x08003ad0   0x0000003c   Code   RO          476    .text.Timebase_Timer_Sync_With_Shadow_Variables  timebase.o
    0x08003b0c   0x08003b0c   0x00000044   Code   RO          486    .text.Timebase_Window_Timer_Start  timebase.o
    0x08003b50   0x08003b50   0x00000014   Code   RO           14    .text.UART_Clock_Init  uart.o
    0x08003b64   0x08003b64   0x00000064   Code   RO           36    .text.UART_Determine_Digit_Numbers  uart.o
    0x08003bc8   0x08003bc8   0x0000008c   Code   RO           12    .text.UART_GPIO_Init  uart.o
    0x08003c54   0x08003c54   0x0000001c   Code   RO           22    .text.UART_Init     uart.o
    0x08003c70   0x08003c70   0x00000020   Code   RO           44    .text.UART_PrintfD_NL  uart.o
    0x08003c90   0x08003c90   0x00000034   Code   RO           50    .text.UART_PrintfNL  uart.o
    0x08003cc4   0x08003cc4   0x00000044   Code   RO           16    .text.UART_Set_BAUD_Rate  uart.o
    0x08003d08   0x08003d08   0x00000028   Code   RO           18    .text.UART_TX_Config  uart.o
    0x08003d30   0x08003d30   0x0000003c   Code   RO           24    .text.UART_Transmit_Byte  uart.o
    0x08003d6c   0x08003d6c   0x0000002a   Code   RO           40    .text.UART_Transmit_Number  uart.o
    0x08003d96   0x08003d96   0x00000002   PAD
    0x08003d98   0x08003d98   0x00000050   Code   RO           38    .text.UART_Transmit_Number_Digits  uart.o
    0x08003de8   0x08003de8   0x00000038   Code   RO           34    .text.UART_Transmit_Text  uart.o
    0x08003e20   0x08003e20   0x00000068   Code   RO          276    .text.USART1_IRQHandler  disp.o
    0x08003e88   0x08003e88   0x00000028   Code   RO          796    .text.User_Config_Configure_Window_Feedback  user_config.o
    0x08003eb0   0x08003eb0   0x000000a8   Code   RO          786    .text.User_Config_Disp_Ice_Maker_Ice_Tray_Rotation  user_config.o
    0x08003f58   0x08003f58   0x00000098   Code   RO          792    .text.User_Config_Disp_Ice_Maker_Valve_On_Off  user_config.o
    0x08003ff0   0x08003ff0   0x00000014   Code   RO          800    .text.User_Config_Ice_Maker_Handler  user_config.o
    0x08004004   0x08004004   0x00000030   Code   RO          790    .text.User_Config_Send_IM_Motor_Feedback  user_config.o
    0x08004034   0x08004034   0x00000040   Code   RO          798    .text.User_Config_User_In_Configuration_Mode  user_config.o
    0x08004074   0x08004074   0x0000002e   Code   RO          794    .text.User_Config_User_in_Configuration_Window  user_config.o
    0x080040a2   0x080040a2   0x00000002   PAD
    0x080040a4   0x080040a4   0x0000000c   Code   RO          788    .text.User_Config_Valve_on_User_Config  user_config.o
    0x080040b0   0x080040b0   0x00000014   Code   RO          667    .text.Water_Dispenser_AC_And_DC_Valve_Off  water_dispenser.o
    0x080040c4   0x080040c4   0x00000014   Code   RO          665    .text.Water_Dispenser_AC_And_DC_Valve_On  water_dispenser.o
    0x080040d8   0x080040d8   0x00000010   Code   RO          663    .text.Water_Dispenser_AC_Valve_Off  water_dispenser.o
    0x080040e8   0x080040e8   0x00000014   Code   RO          661    .text.Water_Dispenser_AC_Valve_On  water_dispenser.o
    0x080040fc   0x080040fc   0x0000000c   Code   RO          659    .text.Water_Dispenser_DC_Valve_Off  water_dispenser.o
    0x08004108   0x08004108   0x00000010   Code   RO          657    .text.Water_Dispenser_DC_Valve_On  water_dispenser.o
    0x08004118   0x08004118   0x00000010   Code   RO          643    .text.Water_Dispenser_DeLED_High  water_dispenser.o
    0x08004128   0x08004128   0x00000010   Code   RO          645    .text.Water_Dispenser_DeLED_Low  water_dispenser.o
    0x08004138   0x08004138   0x00000030   Code   RO          647    .text.Water_Dispenser_DeLED_Toggle  water_dispenser.o
    0x08004168   0x08004168   0x00000080   Code   RO          681    .text.Water_Dispenser_Debug_Data  water_dispenser.o
    0x080041e8   0x080041e8   0x000000d8   Code   RO          655    .text.Water_Dispenser_Disp_Based_DeLED_Control  water_dispenser.o
    0x080042c0   0x080042c0   0x00000144   Code   RO          675    .text.Water_Dispenser_Disp_Based_Valve_Control  water_dispenser.o
    0x08004404   0x08004404   0x00000026   Code   RO          671    .text.Water_Dispenser_Disp_Command  water_dispenser.o
    0x0800442a   0x0800442a   0x00000002   PAD
    0x0800442c   0x0800442c   0x000000a4   Code   RO          633    .text.Water_Dispenser_Gpio_Init  water_dispenser.o
    0x080044d0   0x080044d0   0x00000010   Code   RO          679    .text.Water_Dispenser_Handler  water_dispenser.o
    0x080044e0   0x080044e0   0x0000000c   Code   RO          653    .text.Water_Dispenser_Init  water_dispenser.o
    0x080044ec   0x080044ec   0x00000038   Code   RO          635    .text.Water_Dispenser_Lever_Input  water_dispenser.o
    0x08004524   0x08004524   0x0000004c   Code   RO          639    .text.Water_Dispenser_Lever_Input_Rising_Edge  water_dispenser.o
    0x08004570   0x08004570   0x0000000c   Code   RO          641    .text.Water_Dispenser_Lever_Input_Rising_Edge_Reset  water_dispenser.o
    0x0800457c   0x0800457c   0x00000008   Code   RO          669    .text.Water_Dispenser_Reset_Water_Level_Selection  water_dispenser.o
    0x08004584   0x08004584   0x000000aa   Code   RO          677    .text.Water_Dispenser_Send_Filter_Status  water_dispenser.o
    0x0800462e   0x0800462e   0x00000002   PAD
    0x08004630   0x08004630   0x00000014   Code   RO          651    .text.Water_Dispenser_Variable_Init  water_dispenser.o
    0x08004644   0x08004644   0x000000b8   Code   RO          673    .text.Water_Dispenser_Water_Level_Selection  water_dispenser.o
    0x080046fc   0x080046fc   0x00000028   Code   RO          165    .text.__NVIC_EnableIRQ  timer.o
    0x08004724   0x08004724   0x00000028   Code   RO          252    .text.__NVIC_EnableIRQ  disp.o
    0x0800474c   0x0800474c   0x0000002c   Code   RO          456    .text.__NVIC_EnableIRQ  timebase.o
    0x08004778   0x08004778   0x0000007c   Code   RO          163    .text.__NVIC_SetPriority  timer.o
    0x080047f4   0x080047f4   0x0000007c   Code   RO          254    .text.__NVIC_SetPriority  disp.o
    0x08004870   0x08004870   0x00000084   Code   RO          458    .text.__NVIC_SetPriority  timebase.o
    0x080048f4   0x080048f4   0x000000ac   Code   RO            2    .text.main          main.o
    0x080049a0   0x080049a0   0x000000b8   Code   RO          161    .text.timer_Init    timer.o
    0x08004a58   0x08004a58   0x0000000b   Data   RO            4    .rodata.str1.1      main.o
    0x08004a63   0x08004a63   0x000001ba   Data   RO          150    .rodata.str1.1      icemaker.o
    0x08004c1d   0x08004c1d   0x000000f4   Data   RO          442    .rodata.str1.1      disp_comm.o
    0x08004d11   0x08004d11   0x00000036   Data   RO          689    .rodata.str1.1      water_dispenser.o
    0x08004d47   0x08004d47   0x00000001   PAD
    0x08004d48   0x08004d48   0x00000020   Data   RO         1132    Region$$Table       anon$$obj.o


    Execution Region ER_RW (Exec base: 0x20000000, Load base: 0x08004d68, Size: 0x00000044, Max: 0xffffffff, ABSOLUTE)

    Exec Addr    Load Addr    Size         Type   Attr      Idx    E Section Name        Object

    0x20000000   0x08004d68   0x00000005   Data   RW          211    .data.ADC_Channel   ntc.o
    0x20000005   0x08004d6d   0x00000001   PAD
    0x20000006   0x08004d6e   0x00000020   Data   RW          625    .data.CRC_CVTE_CrcTable  crc.o
    0x20000026   0x08004d8e   0x0000000c   Data   RW          879    .data.Parameter_Addr  auger_motor.o
    0x20000032   0x08004d9a   0x0000000c   Data   RW          880    .data.Parameter_Value  auger_motor.o
    0x2000003e   0x08004da6   0x00000002   PAD
    0x20000040   0x08004da8   0x00000004   Data   RW          937    .data.SystemCoreClock  system_stm32g0xx.o


    Execution Region ER_ZI (Exec base: 0x20000048, Load base: 0x08004dac, Size: 0x000009f0, Max: 0xffffffff, ABSOLUTE)

    Exec Addr    Load Addr    Size         Type   Attr      Idx    E Section Name        Object

    0x20000048        -       0x00000060   Zero   RW          996    .bss                c_p.l(libspace.o)
    0x200000a8        -       0x00000001   Zero   RW          882    .bss.Auger_motor_op  auger_motor.o
    0x200000a9   0x08004dac   0x00000001   PAD
    0x200000aa        -       0x00000008   Zero   RW          881    .bss.BLDC_Motor__t  auger_motor.o
    0x200000b2        -       0x00000004   Zero   RW          776    .bss.DebugThread    glvars.o
    0x200000b6        -       0x0000008d   Zero   RW          354    .bss.DispUart       disp.o
    0x20000143        -       0x00000001   Zero   RW          803    .bss.Disp_conf_im_on_disp_conf_rotation  user_config.o
    0x20000144        -       0x00000001   Zero   RW          904    .bss.Flapper_motor_state  flapper_motor.o
    0x20000145        -       0x00000001   Zero   RW          440    .bss.HB_update_packet_id  disp_comm.o
    0x20000146        -       0x0000000e   Zero   RW          441    .bss.HeartBeat      disp_comm.o
    0x20000154        -       0x0000003c   Zero   RW          148    .bss.IM             icemaker.o
    0x20000190        -       0x00000001   Zero   RW          153    .bss.IM_on_conf_rotation  icemaker.o
    0x20000191        -       0x00000001   Zero   RW          152    .bss.IM_rotation_busy  icemaker.o
    0x20000192   0x08004dac   0x00000002   PAD
    0x20000194        -       0x00000004   Zero   RW          728    .bss.Ice_maker_after_valve_time  parameter.o
    0x20000198        -       0x00000004   Zero   RW          729    .bss.Ice_maker_ic_full_wait_time  parameter.o
    0x2000019c        -       0x00000004   Zero   RW          730    .bss.Ice_maker_set_ice_temp  parameter.o
    0x200001a0        -       0x00000002   Zero   RW          726    .bss.Ice_maker_valve_on_cycle  parameter.o
    0x200001a2   0x08004dac   0x00000002   PAD
    0x200001a4        -       0x0000000c   Zero   RW          230    .bss.LPF            iirlpf.o
    0x200001b0        -       0x00000001   Zero   RW          685    .bss.Lever_Fb       water_dispenser.o
    0x200001b1        -       0x00000001   Zero   RW          686    .bss.Lever_low_state  water_dispenser.o
    0x200001b2        -       0x00000001   Zero   RW          687    .bss.Lever_rising_edge_stat  water_dispenser.o
    0x200001b3   0x08004dac   0x00000001   PAD
    0x200001b4        -       0x00000090   Zero   RW          444    .bss.MasterData     disp_comm.o
    0x20000244        -       0x00000030   Zero   RW          212    .bss.NTC            ntc.o
    0x20000274        -       0x00000004   Zero   RW          611    .bss.Timebase       timebase.o
    0x20000278        -       0x00000001   Zero   RW          151    .bss.Timebase_startup_temp  icemaker.o
    0x20000279   0x08004dac   0x00000003   PAD
    0x2000027c        -       0x00000170   Zero   RW          610    .bss.Timebase_type  timebase.o
    0x200003ec        -       0x0000002b   Zero   RW           62    .bss.UART           uart.o
    0x20000417        -       0x00000001   Zero   RW          805    .bss.UC_valve_turned_off  user_config.o
    0x20000418        -       0x00000001   Zero   RW          802    .bss.User_config_im_reset_flag  user_config.o
    0x20000419   0x08004dac   0x00000001   PAD
    0x2000041a        -       0x00000002   Zero   RW          727    .bss.Valve_off_time  parameter.o
    0x2000041c        -       0x00000002   Zero   RW          725    .bss.Valve_on_time  parameter.o
    0x2000041e        -       0x00000001   Zero   RW          804    .bss.Valve_on_user_config  user_config.o
    0x2000041f        -       0x00000001   Zero   RW          688    .bss.Water_disp_water_level  water_dispenser.o
    0x20000420        -       0x00000001   Zero   RW          684    .bss.Water_dispenser_AC_DC_valve_state  water_dispenser.o
    0x20000421        -       0x00000001   Zero   RW          736    .bss.Water_dispenser_low_water_level_time_sec  parameter.o
    0x20000422        -       0x00000001   Zero   RW          735    .bss.Water_dispenser_mid_water_level_time_sec  parameter.o
    0x20000423        -       0x0000000e   Zero   RW          443    .bss.heartbeat_data  disp_comm.o
    0x20000431   0x08004dac   0x00000001   PAD
    0x20000432        -       0x00000002   Zero   RW          734    .bss.heater_run_time  parameter.o
    0x20000434        -       0x00000001   Zero   RW          683    .bss.lever_released_flag  water_dispenser.o
    0x20000435   0x08004dac   0x00000003   PAD
    0x20000438        -       0x00000200   Zero   RW          924    HEAP                startup_stm32g070xx.o
    0x20000638        -       0x00000400   Zero   RW          923    STACK               startup_stm32g070xx.o


==============================================================================

Image component sizes


      Code (inc. data)   RO Data    RW Data    ZI Data      Debug   Object Name

       844         84          0         24          9       6615   auger_motor.o
       128          8          0         32          0       1404   crc.o
         8          0          0          0          0        563   debug_data.o
        88          0          0          0          0        427   debug_parameter.o
      1328         96          0          0        141      12625   disp.o
      1894         92        244          0        173       8576   disp_comm.o
       416         28          0          0          1       2904   flapper_motor.o
        84          4          0          0          4       1813   glvars.o
      4800        248        442          0         63      12191   icemaker.o
       264          4          0          0         12       1540   iirlpf.o
       172         16         11          0          0        565   main.o
      1422        180          0          5         48       4555   ntc.o
       204         44          0          0         22       2569   parameter.o
        56         26        184          0       1536        672   startup_stm32g070xx.o
         2          0          0          4          0       1991   system_stm32g0xx.o
      3208         84          0          0        372      19033   timebase.o
       348         24          0          0          0       3902   timer.o
       718         52          0          0         43       7133   uart.o
       562         20          0          0          4       2140   user_config.o
      1608         92         54          0          6       5855   water_dispenser.o

    ----------------------------------------------------------------------
     18184       1102        968         68       2448      97073   Object Totals
         0          0         32          0          0          0   (incl. Generated)
        30          0          1          3         14          0   (incl. Padding)

    ----------------------------------------------------------------------

      Code (inc. data)   RO Data    RW Data    ZI Data      Debug   Library Member Name

         8          0          0          0          0         68   __main.o
         0          0          0          0          0          0   __rtentry.o
        12          0          0          0          0          0   __rtentry2.o
         6          0          0          0          0          0   __rtentry4.o
        86         10          0          0          0          0   __scatter.o
        26          0          0          0          0          0   __scatter_copy.o
        28          0          0          0          0          0   __scatter_zi.o
       364          4          0          0          0         92   aeabi_sdiv.o
        16          0          0          0          0         68   exit.o
         6          0          0          0          0        136   heapauxi.o
         0          0          0          0          0          0   indicate_semi.o
         2          0          0          0          0          0   libinit.o
         2          0          0          0          0          0   libinit2.o
         2          0          0          0          0          0   libshutdown.o
         2          0          0          0          0          0   libshutdown2.o
         8          4          0          0         96         68   libspace.o
         2          0          0          0          0          0   rtexit.o
        10          0          0          0          0          0   rtexit2.o
        12          4          0          0          0         60   sys_exit.o
        62          0          0          0          0         80   sys_stackheap_outer.o
         2          0          0          0          0         68   use_no_semi.o

    ----------------------------------------------------------------------
       664         22          0          0         96        640   Library Totals
         8          0          0          0          0          0   (incl. Padding)

    ----------------------------------------------------------------------

      Code (inc. data)   RO Data    RW Data    ZI Data      Debug   Library Name

       656         22          0          0         96        640   c_p.l

    ----------------------------------------------------------------------
       664         22          0          0         96        640   Library Totals

    ----------------------------------------------------------------------

==============================================================================


      Code (inc. data)   RO Data    RW Data    ZI Data      Debug   

     18848       1124        968         68       2544      97277   Grand Totals
     18848       1124        968         68       2544      97277   ELF Image Totals
     18848       1124        968         68          0          0   ROM Totals

==============================================================================

    Total RO  Size (Code + RO Data)                19816 (  19.35kB)
    Total RW  Size (RW Data + ZI Data)              2612 (   2.55kB)
    Total ROM Size (Code + RO Data + RW Data)      19884 (  19.42kB)

==============================================================================

